      Step     Time          Energy          fmax
FIRE:    0 23:31:55      309.526919       67.960370
FIRE:    1 23:33:21      300.927272       19.823469
FIRE:    2 23:34:41      299.228442       10.137473
FIRE:    3 23:35:54      299.146174       13.760849
FIRE:    4 23:37:08      298.874751       12.702253
FIRE:    5 23:38:18      298.323951        8.082627
FIRE:    6 23:39:32      298.127290        5.388378
FIRE:    7 23:40:43      297.972192        3.588341
FIRE:    8 23:41:56      298.157746        3.282330
FIRE:    9 23:42:40      298.102008        3.203371
FIRE:   10 23:43:39      297.996015        3.037013
FIRE:   11 23:44:38      297.849387        2.790702
FIRE:   12 23:45:45      297.674988        2.670306
FIRE:   13 23:46:57      297.484468        2.563625
FIRE:   14 23:48:12      297.288393        2.344056
FIRE:   15 23:49:18      297.107486        1.687380
FIRE:   16 23:50:27      296.978089        1.004013
FIRE:   17 23:51:46      296.991107        1.734065
FIRE:   18 23:52:56      297.132045        3.548798
FIRE:   19 23:53:36      297.107744        3.239608
FIRE:   20 23:54:17      297.067609        2.710006
FIRE:   21 23:55:08      297.023505        2.070893
FIRE:   22 23:55:58      296.984929        1.405957
FIRE:   23 23:56:50      296.955835        1.293805
FIRE:   24 23:57:44      296.935226        1.142188
FIRE:   25 23:58:40      296.920446        1.060924
FIRE:   26 23:59:35      296.908655        1.045586
FIRE:   27 00:00:30      296.900583        1.071234
FIRE:   28 00:01:26      296.897064        1.092911
FIRE:   29 00:02:21      296.896213        1.096012
FIRE:   30 00:03:10      296.892217        1.189007
FIRE:   31 00:04:03      296.876809        1.248100
FIRE:   32 00:05:00      296.843539        1.179356
FIRE:   33 00:05:59      296.793202        0.950292
FIRE:   34 00:07:05      296.734798        0.927697
FIRE:   35 00:08:11      296.666914        0.981242
FIRE:   36 00:09:18      296.566664        1.085352
FIRE:   37 00:10:30      296.422571        1.125763
FIRE:   38 00:11:39      296.228459        1.168609
FIRE:   39 00:12:45      296.109375        1.204672
FIRE:   40 00:13:50      296.131688        2.226637
FIRE:   41 00:15:00      296.227292        7.041961
FIRE:   42 00:16:09      296.196097        6.278834
FIRE:   43 00:17:03      296.112969        3.286203
FIRE:   44 00:17:58      296.080481        1.217526
FIRE:   45 00:18:27      296.078961        1.079619
FIRE:   46 00:19:01      296.076332        0.823412
FIRE:   47 00:19:35      296.073226        0.761965
FIRE:   48 00:20:12      296.070197        0.742378
FIRE:   49 00:20:49      296.067412        0.712924
FIRE:   50 00:21:27      296.064568        0.678235
FIRE:   51 00:22:04      296.061155        0.660227
FIRE:   52 00:22:44      296.056342        0.663672
FIRE:   53 00:23:28      296.049982        0.666397
FIRE:   54 00:24:12      296.042546        0.668796
FIRE:   55 00:24:56      296.034363        0.670827
FIRE:   56 00:25:41      296.024452        0.670911
FIRE:   57 00:26:26      296.011634        0.669992
FIRE:   58 00:27:11      295.996895        0.665565
FIRE:   59 00:27:56      295.980945        0.657908
FIRE:   60 00:28:44      295.962069        0.644589
FIRE:   61 00:29:36      295.941995        0.626575
FIRE:   62 00:30:21      295.934276        0.592459
FIRE:   63 00:31:07      295.933139        0.596696
FIRE:   64 00:32:02      295.932485        0.581860
FIRE:   65 00:32:48      295.932363        0.559065
FIRE:   66 00:33:42      295.931448        0.535874
FIRE:   67 00:34:37      295.929465        0.564848
FIRE:   68 00:35:29      295.927544        0.821514
FIRE:   69 00:36:30      295.931498        2.179916
FIRE:   70 00:37:36      295.983054        6.380002
FIRE:   71 00:38:42      295.926431        0.757806
FIRE:   72 00:39:15      295.925872        0.675611
FIRE:   73 00:39:53      295.925201        0.656460
FIRE:   74 00:40:30      295.924854        0.630322
FIRE:   75 00:41:08      295.924733        0.600207
FIRE:   76 00:41:48      295.924391        0.559389
FIRE:   77 00:42:28      295.923686        0.521544
FIRE:   78 00:43:09      295.922960        0.508543
FIRE:   79 00:43:50      295.922470        0.508447
FIRE:   80 00:44:32      295.921908        0.507535
FIRE:   81 00:45:13      295.920890        0.504841
FIRE:   82 00:45:57      295.920078        0.500070
FIRE:   83 00:46:42      295.919387        0.490729
FIRE:   84 00:47:27      295.918334        0.475624
FIRE:   85 00:48:19      295.917693        0.450881
FIRE:   86 00:49:14      295.916779        0.422897
FIRE:   87 00:50:06      295.916160        0.412257
FIRE:   88 00:50:58      295.915800        0.541635
FIRE:   89 00:51:57      295.915553        0.603229
FIRE:   90 00:52:56      295.915967        1.106220
FIRE:   91 00:53:55      295.920432        1.932912
FIRE:   92 00:54:47      295.913303        0.416919
FIRE:   93 00:55:38      295.917353        1.603939
FIRE:   94 00:56:13      295.915704        1.289920
FIRE:   95 00:56:50      295.913699        0.721915
FIRE:   96 00:57:32      295.912893        0.333614
FIRE:   97 00:58:10      295.913636        0.614423
FIRE:   98 00:58:23      295.913549        0.594652
FIRE:   99 00:58:42      295.913391        0.536651
FIRE:  100 00:59:05      295.913194        0.431865
FIRE:  101 00:59:31      295.912999        0.394718
FIRE:  102 00:59:57      295.912844        0.358608
FIRE:  103 01:00:24      295.912754        0.331586
FIRE:  104 01:00:50      295.912730        0.320405
FIRE:  105 01:01:17      295.912758        0.321009
FIRE:  106 01:01:44      295.912802        0.377622
FIRE:  107 01:02:10      295.912809        0.426388
FIRE:  108 01:02:36      295.912739        0.421986
FIRE:  109 01:03:03      295.912577        0.341017
FIRE:  110 01:03:33      295.912391        0.322892
FIRE:  111 01:04:07      295.912278        0.338908
FIRE:  112 01:04:41      295.912236        0.369466
FIRE:  113 01:05:15      295.912113        0.372566
FIRE:  114 01:05:48      295.911840        0.328410
FIRE:  115 01:06:26      295.911607        0.299643
FIRE:  116 01:07:07      295.911451        0.333694
FIRE:  117 01:07:49      295.911105        0.294021
FIRE:  118 01:08:26      295.910799        0.320452
FIRE:  119 01:09:07      295.910480        0.321078
FIRE:  120 01:09:52      295.910069        0.272442
FIRE:  121 01:10:37      295.909672        0.269881
FIRE:  122 01:11:25      295.909307        0.304671
FIRE:  123 01:12:13      295.908787        0.256870
FIRE:  124 01:13:05      295.908248        0.260851
FIRE:  125 01:13:57      295.907677        0.261790
FIRE:  126 01:14:49      295.907159        0.357262
FIRE:  127 01:15:44      295.909042        1.212637
FIRE:  128 01:16:43      295.945832        4.051775
FIRE:  129 01:17:45      295.908269        1.189518
FIRE:  130 01:18:23      295.906695        0.854530
FIRE:  131 01:19:09      295.905348        0.306761
FIRE:  132 01:19:54      295.905682        0.465568
FIRE:  133 01:20:10      295.905611        0.446061
FIRE:  134 01:20:30      295.905490        0.390064
FIRE:  135 01:20:54      295.905355        0.331738
FIRE:  136 01:21:20      295.905251        0.311479
FIRE:  137 01:21:46      295.905203        0.302047
FIRE:  138 01:22:12      295.905214        0.302277
FIRE:  139 01:22:38      295.905255        0.302725
FIRE:  140 01:23:05      295.905293        0.345140
FIRE:  141 01:23:31      295.905288        0.360133
FIRE:  142 01:23:58      295.905225        0.322325
FIRE:  143 01:24:24      295.905130        0.306338
FIRE:  144 01:24:54      295.905081        0.307159
FIRE:  145 01:25:22      295.905098        0.333079
FIRE:  146 01:25:52      295.905083        0.341861
FIRE:  147 01:26:26      295.904967        0.311417
FIRE:  148 01:27:00      295.904876        0.297660
FIRE:  149 01:27:35      295.904856        0.291629
FIRE:  150 01:28:12      295.904713        0.292312
FIRE:  151 01:28:50      295.904593        0.284725
FIRE:  152 01:29:28      295.904465        0.297885
FIRE:  153 01:30:09      295.904253        0.260829
FIRE:  154 01:30:51      295.904006        0.277269
FIRE:  155 01:31:33      295.903774        0.314028
FIRE:  156 01:32:18      295.903402        0.354828
FIRE:  157 01:33:00      295.902937        0.379108
FIRE:  158 01:33:52      295.902559        0.443391
FIRE:  159 01:34:48      295.904032        1.305047
FIRE:  160 01:35:51      295.922983        3.613413
FIRE:  161 01:36:49      295.899602        0.375702
FIRE:  162 01:37:16      295.899517        0.371486
FIRE:  163 01:37:49      295.899408        0.362140
FIRE:  164 01:38:23      295.899344        0.353717
FIRE:  165 01:38:56      295.899313        0.350175
FIRE:  166 01:39:23      295.899248        0.346439
FIRE:  167 01:39:53      295.899121        0.352548
FIRE:  168 01:40:21      295.898970        0.366441
FIRE:  169 01:40:48      295.898828        0.384813
FIRE:  170 01:41:18      295.898657        0.385216
FIRE:  171 01:41:52      295.898368        0.366525
FIRE:  172 01:42:27      295.898025        0.331359
FIRE:  173 01:43:04      295.897649        0.312236
FIRE:  174 01:43:41      295.897085        0.320617
FIRE:  175 01:44:18      295.896444        0.345170
FIRE:  176 01:44:57      295.895562        0.318322
FIRE:  177 01:45:38      295.894539        0.305758
FIRE:  178 01:46:26      295.893207        0.345331
FIRE:  179 01:47:17      295.891549        0.330569
FIRE:  180 01:48:00      295.889593        0.373950
FIRE:  181 01:48:48      295.887939        0.799663
FIRE:  182 01:49:45      295.891420        2.468793
FIRE:  183 01:50:36      295.884402        0.298050
FIRE:  184 01:51:20      295.889819        2.107077
FIRE:  185 01:52:03      295.887424        1.580056
FIRE:  186 01:52:47      295.884807        0.656870
FIRE:  187 01:53:29      295.884314        0.429804
FIRE:  188 01:53:44      295.884291        0.415676
FIRE:  189 01:54:00      295.884248        0.376067
FIRE:  190 01:54:22      295.884196        0.298993
FIRE:  191 01:54:45      295.884143        0.288756
FIRE:  192 01:55:12      295.884101        0.279360
FIRE:  193 01:55:34      295.884073        0.270230
FIRE:  194 01:55:57      295.884055        0.263956
FIRE:  195 01:56:20      295.884041        0.259115
FIRE:  196 01:56:43      295.884021        0.256146
FIRE:  197 01:57:05      295.883976        0.254698
FIRE:  198 01:57:28      295.883899        0.255556
FIRE:  199 01:57:55      295.883795        0.261277
FIRE:  200 01:58:22      295.883689        0.265600
FIRE:  201 01:58:49      295.883590        0.270144
FIRE:  202 01:59:15      295.883465        0.270129
FIRE:  203 01:59:45      295.883278        0.262513
FIRE:  204 02:00:17      295.883057        0.251888
FIRE:  205 02:00:51      295.882832        0.240217
FIRE:  206 02:01:24      295.882528        0.239410
FIRE:  207 02:02:02      295.882160        0.255139
FIRE:  208 02:02:43      295.881750        0.270146
FIRE:  209 02:03:24      295.881229        0.283085
FIRE:  210 02:04:05      295.880641        0.282901
FIRE:  211 02:04:47      295.879932        0.304863
FIRE:  212 02:05:31      295.879068        0.293932
FIRE:  213 02:06:16      295.878007        0.305228
FIRE:  214 02:07:01      295.876588        0.338117
FIRE:  215 02:07:46      295.874745        0.357995
FIRE:  216 02:08:38      295.873576        1.517483
FIRE:  217 02:09:37      295.887099        5.013808
FIRE:  218 02:10:42      295.868158        1.164152
FIRE:  219 02:11:19      295.867623        0.822913
FIRE:  220 02:11:59      295.867087        0.268717
FIRE:  221 02:12:39      295.867010        0.376488
FIRE:  222 02:12:55      295.866979        0.358366
FIRE:  223 02:13:14      295.866922        0.284595
FIRE:  224 02:13:36      295.866848        0.232536
FIRE:  225 02:14:02      295.866768        0.238157
FIRE:  226 02:14:28      295.866692        0.244703
FIRE:  227 02:14:54      295.866619        0.251843
FIRE:  228 02:15:20      295.866542        0.256963
FIRE:  229 02:15:47      295.866440        0.257254
FIRE:  230 02:16:13      295.866298        0.265402
FIRE:  231 02:16:39      295.866103        0.250170
FIRE:  232 02:17:05      295.865856        0.239605
FIRE:  233 02:17:33      295.865566        0.230820
FIRE:  234 02:18:01      295.865230        0.219337
FIRE:  235 02:18:28      295.864810        0.214964
FIRE:  236 02:18:59      295.864259        0.215108
FIRE:  237 02:19:32      295.863576        0.224116
FIRE:  238 02:20:06      295.862759        0.232994
FIRE:  239 02:20:41      295.861722        0.229386
FIRE:  240 02:21:15      295.860443        0.209797
FIRE:  241 02:21:53      295.858910        0.205944
FIRE:  242 02:22:30      295.857038        0.217336
FIRE:  243 02:23:08      295.854835        0.229391
FIRE:  244 02:23:50      295.852255        0.236997
FIRE:  245 02:24:31      295.849286        0.254904
FIRE:  246 02:25:16      295.846000        0.259335
FIRE:  247 02:26:04      295.842516        0.255470
FIRE:  248 02:26:56      295.839063        0.444900
FIRE:  249 02:27:48      295.836231        1.713102
FIRE:  250 02:28:29      295.835526        0.236681
FIRE:  251 02:28:45      295.835791        0.412106
FIRE:  252 02:29:04      295.836315        0.423373
FIRE:  253 02:29:28      295.837114        0.430057
FIRE:  254 02:29:54      295.838196        0.433293
FIRE:  255 02:30:21      295.839565        0.437083
FIRE:  256 02:30:48      295.841221        0.443309
FIRE:  257 02:31:14      295.843169        0.451490
FIRE:  258 02:31:42      295.845665        0.461892
FIRE:  259 02:32:12      295.848829        0.481197
FIRE:  260 02:32:42      295.852808        0.493006
FIRE:  261 02:33:13      295.857749        0.504380
FIRE:  262 02:33:47      295.863794        0.512591
FIRE:  263 02:34:21      295.871009        0.516740
FIRE:  264 02:34:56      295.879424        0.512151
FIRE:  265 02:35:37      295.888778        0.492935
FIRE:  266 02:36:19      295.898579        0.465456
FIRE:  267 02:37:04      295.907898        0.426269
FIRE:  268 02:37:49      295.915439        0.371148
FIRE:  269 02:38:35      295.919659        0.305124
FIRE:  270 02:39:20      295.919214        0.377629
FIRE:  271 02:40:19      295.914049        1.536267
FIRE:  272 02:41:24      295.907977        5.189811
FIRE:  273 02:42:19      295.905890        0.716216
FIRE:  274 02:42:51      295.905789        0.518411
FIRE:  275 02:43:28      295.905603        0.184792
FIRE:  276 02:44:05      295.905348        0.211385
FIRE:  277 02:44:42      295.905034        0.478207
FIRE:  278 02:44:57      295.905016        0.459284
FIRE:  279 02:45:19      295.904978        0.381667
FIRE:  280 02:45:45      295.904923        0.293718
FIRE:  281 02:46:10      295.904852        0.184014
FIRE:  282 02:46:36      295.904765        0.151115
FIRE:  283 02:47:02      295.904662        0.151728
FIRE:  284 02:47:28      295.904544        0.152338
FIRE:  285 02:47:54      295.904400        0.216803
FIRE:  286 02:48:13      295.904226        0.241874
FIRE:  287 02:48:39      295.904019        0.245182
FIRE:  288 02:49:06      295.903774        0.159605
FIRE:  289 02:49:32      295.903489        0.145605
FIRE:  290 02:49:59      295.903159        0.148269
FIRE:  291 02:50:26      295.902780        0.207613
FIRE:  292 02:50:53      295.902344        0.194054
FIRE:  293 02:51:23      295.901849        0.148469
FIRE:  294 02:51:54      295.901289        0.150166
FIRE:  295 02:52:29      295.900658        0.157811
FIRE:  296 02:53:07      295.899947        0.149866
FIRE:  297 02:53:48      295.899156        0.167254
FIRE:  298 02:54:27      295.898296        0.179158
FIRE:  299 02:55:08      295.897413        0.191948
FIRE:  300 02:55:49      295.896548        0.187901
FIRE:  301 02:56:29      295.895736        0.191565
FIRE:  302 02:57:20      295.895001        0.273506
FIRE:  303 02:58:11      295.894370        0.404057
FIRE:  304 02:59:02      295.893896        0.723800
FIRE:  305 02:59:54      295.893745        1.685041
FIRE:  306 03:00:34      295.893540        0.145634
FIRE:  307 03:01:19      295.893649        1.494070
FIRE:  308 03:01:55      295.893581        1.129449
FIRE:  309 03:02:35      295.893503        0.479288
FIRE:  310 03:03:16      295.893483        0.277145
FIRE:  311 03:03:29      295.893482        0.266082
FIRE:  312 03:03:44      295.893478        0.238306
FIRE:  313 03:04:00      295.893474        0.195959
FIRE:  314 03:04:23      295.893469        0.148813
FIRE:  315 03:04:45      295.893463        0.149801
FIRE:  316 03:05:07      295.893457        0.150787
FIRE:  317 03:05:30      295.893450        0.151654
FIRE:  318 03:05:52      295.893443        0.153491
FIRE:  319 03:06:08      295.893433        0.155215
FIRE:  320 03:06:27      295.893420        0.149798
FIRE:  321 03:06:46      295.893403        0.149803
FIRE:  322 03:07:09      295.893383        0.148185
FIRE:  323 03:07:35      295.893358        0.151222
FIRE:  324 03:08:02      295.893330        0.150792
FIRE:  325 03:08:28      295.893295        0.150662
FIRE:  326 03:08:54      295.893250        0.150122
FIRE:  327 03:09:24      295.893196        0.145370
FIRE:  328 03:09:57      295.893137        0.142142
FIRE:  329 03:10:31      295.893068        0.140108
FIRE:  330 03:11:04      295.892986        0.138447
FIRE:  331 03:11:37      295.892897        0.136786
FIRE:  332 03:12:14      295.892789        0.144427
FIRE:  333 03:12:54      295.892675        0.142345
FIRE:  334 03:13:34      295.892544        0.142241
FIRE:  335 03:14:15      295.892404        0.142860
FIRE:  336 03:14:55      295.892257        0.147652
FIRE:  337 03:15:43      295.892124        0.183281
FIRE:  338 03:16:30      295.892134        0.560155
FIRE:  339 03:17:22      295.893266        1.524873
FIRE:  340 03:18:16      295.891790        0.223296
FIRE:  341 03:19:03      295.892963        1.385308
FIRE:  342 03:19:38      295.892445        1.047495
FIRE:  343 03:20:16      295.891893        0.444306
FIRE:  344 03:20:59      295.891826        0.265027
FIRE:  345 03:21:11      295.891819        0.254054
FIRE:  346 03:21:30      295.891809        0.228329
FIRE:  347 03:21:46      295.891796        0.228686
FIRE:  348 03:22:08      295.891784        0.229341
FIRE:  349 03:22:31      295.891776        0.229685
FIRE:  350 03:22:53      295.891773        0.229809
FIRE:  351 03:23:15      295.891775        0.229907
FIRE:  352 03:23:35      295.891781        0.231189
FIRE:  353 03:23:53      295.891786        0.222242
FIRE:  354 03:24:13      295.891785        0.221041
FIRE:  355 03:24:35      295.891776        0.220264
FIRE:  356 03:24:58      295.891762        0.221283
FIRE:  357 03:25:24      295.891756        0.226687
FIRE:  358 03:25:50      295.891763        0.227726
FIRE:  359 03:26:16      295.891767        0.229773
FIRE:  360 03:26:41      295.891746        0.229888
FIRE:  361 03:27:11      295.891720        0.227055
FIRE:  362 03:27:44      295.891726        0.224607
FIRE:  363 03:28:17      295.891706        0.225485
FIRE:  364 03:28:50      295.891686        0.227378
FIRE:  365 03:29:24      295.891690        0.224536
FIRE:  366 03:30:00      295.891656        0.229921
FIRE:  367 03:30:40      295.891665        0.224409
FIRE:  368 03:31:21      295.891655        0.224850
FIRE:  369 03:32:01      295.891644        0.216826
FIRE:  370 03:32:48      295.891677        0.220548
FIRE:  371 03:33:29      295.891795        0.214219
FIRE:  372 03:34:20      295.892614        0.529130
FIRE:  373 03:35:09      295.900845        1.777451
FIRE:  374 03:35:50      295.892032        0.287652
FIRE:  375 03:36:06      295.892029        0.288901
FIRE:  376 03:36:22      295.892027        0.292546
FIRE:  377 03:36:41      295.892034        0.281338
FIRE:  378 03:37:04      295.892048        0.276857
FIRE:  379 03:37:26      295.892063        0.274585
FIRE:  380 03:37:48      295.892073        0.271875
FIRE:  381 03:38:14      295.892083        0.275297
FIRE:  382 03:38:40      295.892103        0.275476
FIRE:  383 03:39:06      295.892136        0.276406
FIRE:  384 03:39:32      295.892164        0.274726
FIRE:  385 03:39:59      295.892201        0.272193
FIRE:  386 03:40:29      295.892263        0.259347
FIRE:  387 03:40:59      295.892328        0.258623
FIRE:  388 03:41:32      295.892423        0.257439
FIRE:  389 03:42:09      295.892545        0.256759
FIRE:  390 03:42:46      295.892721        0.247589
FIRE:  391 03:43:26      295.892942        0.237440
FIRE:  392 03:44:06      295.893267        0.232660
FIRE:  393 03:44:51      295.893728        0.241796
FIRE:  394 03:45:38      295.894436        0.234259
FIRE:  395 03:46:23      295.896004        0.713484
FIRE:  396 03:47:18      295.904999        2.519050
FIRE:  397 03:48:10      295.896666        0.342342
FIRE:  398 03:48:36      295.896602        0.347285
FIRE:  399 03:49:02      295.896551        0.330381
FIRE:  400 03:49:32      295.896593        0.326609
FIRE:  401 03:49:59      295.896696        0.321137
FIRE:  402 03:50:25      295.896771        0.317996
FIRE:  403 03:50:51      295.896795        0.317116
FIRE:  404 03:51:21      295.896835        0.318131
FIRE:  405 03:51:51      295.896964        0.315694
FIRE:  406 03:52:21      295.897134        0.316387
FIRE:  407 03:52:54      295.897259        0.311585
FIRE:  408 03:53:28      295.897458        0.307562
FIRE:  409 03:54:05      295.897768        0.308901
FIRE:  410 03:54:42      295.898053        0.304981
FIRE:  411 03:55:22      295.898537        0.297504
FIRE:  412 03:56:02      295.899030        0.281670
FIRE:  413 03:56:43      295.899784        0.267614
FIRE:  414 03:57:24      295.900674        0.269242
FIRE:  415 03:58:11      295.901759        0.263794
FIRE:  416 03:58:59      295.903181        0.287289
FIRE:  417 03:59:57      295.905140        0.759397
FIRE:  418 04:00:55      295.909107        2.233156
FIRE:  419 04:01:46      295.907047        0.321116
FIRE:  420 04:02:02      295.907064        0.328312
FIRE:  421 04:02:24      295.907097        0.321548
FIRE:  422 04:02:49      295.907144        0.325862
FIRE:  423 04:03:15      295.907208        0.328283
FIRE:  424 04:03:44      295.907286        0.327257
FIRE:  425 04:04:12      295.907376        0.328919
FIRE:  426 04:04:45      295.907482        0.326760
FIRE:  427 04:05:14      295.907612        0.326769
FIRE:  428 04:05:43      295.907783        0.321973
FIRE:  429 04:06:13      295.908004        0.314734
FIRE:  430 04:06:46      295.908286        0.303154
FIRE:  431 04:07:19      295.908642        0.293437
FIRE:  432 04:07:52      295.909083        0.281627
FIRE:  433 04:08:32      295.909635        0.284418
FIRE:  434 04:09:12      295.910311        0.279683
FIRE:  435 04:09:53      295.911147        0.274448
FIRE:  436 04:10:33      295.912168        0.265725
FIRE:  437 04:11:20      295.913405        0.261714
FIRE:  438 04:12:08      295.914794        0.279484
FIRE:  439 04:12:59      295.916305        0.300060
FIRE:  440 04:13:56      295.917876        0.917490
FIRE:  441 04:14:55      295.919750        3.068418
FIRE:  442 04:15:49      295.919252        0.340072
FIRE:  443 04:16:12      295.919254        0.266652
FIRE:  444 04:16:44      295.919258        0.271263
FIRE:  445 04:17:17      295.919272        0.259050
FIRE:  446 04:17:47      295.919292        0.261293
FIRE:  447 04:18:13      295.919314        0.260106
FIRE:  448 04:18:40      295.919331        0.258823
FIRE:  449 04:19:06      295.919349        0.256570
FIRE:  450 04:19:33      295.919381        0.253036
FIRE:  451 04:20:00      295.919424        0.247428
FIRE:  452 04:20:31      295.919464        0.237048
FIRE:  453 04:21:05      295.919516        0.224919
FIRE:  454 04:21:38      295.919594        0.215528
FIRE:  455 04:22:11      295.919676        0.206215
FIRE:  456 04:22:52      295.919783        0.208818
FIRE:  457 04:23:33      295.919899        0.201607
FIRE:  458 04:24:17      295.920046        0.214818
FIRE:  459 04:25:01      295.920193        0.175911
FIRE:  460 04:25:47      295.920345        0.169784
FIRE:  461 04:26:35      295.920488        0.195801
FIRE:  462 04:27:22      295.920607        0.510559
FIRE:  463 04:28:14      295.920695        1.596209
FIRE:  464 04:28:58      295.920641        0.178030
FIRE:  465 04:29:42      295.920670        1.417025
FIRE:  466 04:30:15      295.920650        1.054389
FIRE:  467 04:30:58      295.920627        0.421838
FIRE:  468 04:31:38      295.920625        0.326341
FIRE:  469 04:31:53      295.920625        0.315624
FIRE:  470 04:32:09      295.920623        0.282551
FIRE:  471 04:32:28      295.920621        0.232895
FIRE:  472 04:32:51      295.920619        0.174076
FIRE:  473 04:33:13      295.920617        0.174728
FIRE:  474 04:33:36      295.920615        0.175281
FIRE:  475 04:33:58      295.920613        0.175817
FIRE:  476 04:34:21      295.920611        0.176117
FIRE:  477 04:34:44      295.920608        0.178072
FIRE:  478 04:34:59      295.920604        0.178922
FIRE:  479 04:35:19      295.920597        0.170141
FIRE:  480 04:35:42      295.920589        0.170506
FIRE:  481 04:36:05      295.920579        0.167316
FIRE:  482 04:36:31      295.920569        0.166546
FIRE:  483 04:36:54      295.920555        0.165180
FIRE:  484 04:37:21      295.920537        0.167718
FIRE:  485 04:37:47      295.920514        0.164870
FIRE:  486 04:38:14      295.920489        0.161977
FIRE:  487 04:38:41      295.920457        0.159412
FIRE:  488 04:39:15      295.920417        0.156440
FIRE:  489 04:39:45      295.920370        0.153235
FIRE:  490 04:40:18      295.920309        0.151941
FIRE:  491 04:40:53      295.920237        0.139786
FIRE:  492 04:41:30      295.920143        0.136654
FIRE:  493 04:42:07      295.920027        0.126396
FIRE:  494 04:42:45      295.919882        0.112867
FIRE:  495 04:43:23      295.919706        0.133940
FIRE:  496 04:44:05      295.919543        0.492817
FIRE:  497 04:44:50      295.919815        1.501131
FIRE:  498 04:45:42      295.919204        0.125472
FIRE:  499 04:45:58      295.919202        0.112115
FIRE:  500 04:46:14      295.919197        0.082494
FIRE:  501 04:46:37      295.919192        0.086741
FIRE:  502 04:46:59      295.919185        0.091569
FIRE:  503 04:47:18      295.919177        0.095826
FIRE:  504 04:47:37      295.919166        0.092348
FIRE:  505 04:48:00      295.919153        0.086641
FIRE:  506 04:48:23      295.919137        0.083301
FIRE:  507 04:48:46      295.919117        0.094515
FIRE:  508 04:49:09      295.919089        0.081930
FIRE:  509 04:49:35      295.919054        0.087098
FIRE:  510 04:50:01      295.919015        0.091813
FIRE:  511 04:50:28      295.918966        0.088189
FIRE:  512 04:50:58      295.918910        0.089591
FIRE:  513 04:51:30      295.918838        0.084004
FIRE:  514 04:52:04      295.918757        0.092318
FIRE:  515 04:52:40      295.918657        0.086406
FIRE:  516 04:53:17      295.918541        0.092887
FIRE:  517 04:53:57      295.918413        0.097474
FIRE:  518 04:54:38      295.918349        0.187108
FIRE:  519 04:55:19      295.919066        0.598892
FIRE:  520 04:56:11      295.927142        1.810813
FIRE:  521 04:56:55      295.918059        0.229855
FIRE:  522 04:57:11      295.917988        0.185252
FIRE:  523 04:57:33      295.917920        0.088667
FIRE:  524 04:57:59      295.917929        0.090931
FIRE:  525 04:58:22      295.917980        0.157573
FIRE:  526 04:58:38      295.917986        0.169348
FIRE:  527 04:59:01      295.917942        0.144708
FIRE:  528 04:59:24      295.917896        0.091005
FIRE:  529 04:59:51      295.917908        0.089678
FIRE:  530 05:00:14      295.917936        0.146732
FIRE:  531 05:00:38      295.917892        0.100165
FIRE:  532 05:01:11      295.917863        0.100982
FIRE:  533 05:01:38      295.917892        0.126671
FIRE:  534 05:02:05      295.917833        0.107628
FIRE:  535 05:02:38      295.917843        0.122378
FIRE:  536 05:03:09      295.917789        0.100407
FIRE:  537 05:03:42      295.917823        0.156726
FIRE:  538 05:04:17      295.917753        0.097534
FIRE:  539 05:04:54      295.917698        0.101904
FIRE:  540 05:05:31      295.917675        0.110493
FIRE:  541 05:06:09      295.917746        0.272408
FIRE:  542 05:06:53      295.918603        0.768937
FIRE:  543 05:07:35      295.917578        0.091877
FIRE:  544 05:07:47      295.917578        0.092375
FIRE:  545 05:08:00      295.917578        0.093592
FIRE:  546 05:08:16      295.917577        0.094750
FIRE:  547 05:08:31      295.917576        0.096362
FIRE:  548 05:08:47      295.917575        0.099540
FIRE:  549 05:09:06      295.917573        0.095404
FIRE:  550 05:09:25      295.917570        0.100665
FIRE:  551 05:09:47      295.917567        0.094702
FIRE:  552 05:10:10      295.917564        0.095684
FIRE:  553 05:10:33      295.917558        0.096844
FIRE:  554 05:10:59      295.917551        0.101053
FIRE:  555 05:11:25      295.917544        0.103610
FIRE:  556 05:11:52      295.917534        0.104827
FIRE:  557 05:12:22      295.917519        0.101191
FIRE:  558 05:12:55      295.917507        0.100780
FIRE:  559 05:13:28      295.917490        0.100391
FIRE:  560 05:14:02      295.917470        0.094036
FIRE:  561 05:14:39      295.917452        0.093868
FIRE:  562 05:15:16      295.917443        0.084485
FIRE:  563 05:15:57      295.917496        0.205212
FIRE:  564 05:16:38      295.918371        0.596989
FIRE:  565 05:17:27      295.925939        1.766335
FIRE:  566 05:18:15      295.917431        0.191594
FIRE:  567 05:18:37      295.917377        0.137386
FIRE:  568 05:19:03      295.917323        0.089284
FIRE:  569 05:19:29      295.917321        0.081710
FIRE:  570 05:19:56      295.917356        0.129664
FIRE:  571 05:20:18      295.917370        0.153158
FIRE:  572 05:20:37      295.917341        0.131061
FIRE:  573 05:21:00      295.917310        0.086032
FIRE:  574 05:21:24      295.917319        0.091306
FIRE:  575 05:21:47      295.917343        0.114922
FIRE:  576 05:22:13      295.917315        0.092257
FIRE:  577 05:22:40      295.917293        0.087185
FIRE:  578 05:23:07      295.917318        0.121042
FIRE:  579 05:23:37      295.917278        0.090690
FIRE:  580 05:24:07      295.917296        0.106266
FIRE:  581 05:24:40      295.917255        0.092162
FIRE:  582 05:25:14      295.917289        0.151870
FIRE:  583 05:25:51      295.917242        0.098193
FIRE:  584 05:26:25      295.917189        0.090118
FIRE:  585 05:27:03      295.917180        0.099923
FIRE:  586 05:27:43      295.917407        0.313189
FIRE:  587 05:28:25      295.919500        0.943894
FIRE:  588 05:29:13      295.917068        0.079593
