      Step     Time          Energy          fmax
FIRE:    0 21:53:36      305.143963       32.535211
FIRE:    1 21:56:22      301.633869       12.235631
FIRE:    2 21:59:11      300.660866        5.906371
FIRE:    3 22:01:47      300.331996        3.136943
FIRE:    4 22:04:17      300.300881        1.996829
FIRE:    5 22:06:01      300.289784        1.898763
FIRE:    6 22:07:57      300.273985        1.776937
FIRE:    7 22:10:10      300.260885        1.708782
FIRE:    8 22:12:21      300.252025        1.612348
FIRE:    9 22:14:24      300.242451        1.509246
FIRE:   10 22:16:15      300.228498        1.404293
FIRE:   11 22:18:06      300.212784        1.309242
FIRE:   12 22:20:06      300.198628        1.358679
FIRE:   13 22:22:07      300.185514        1.537762
FIRE:   14 22:24:09      300.167623        1.431392
FIRE:   15 22:26:23      300.146179        1.189810
FIRE:   16 22:28:57      300.122459        1.241717
FIRE:   17 22:31:05      300.091784        1.099024
FIRE:   18 22:33:24      300.063424        1.162304
FIRE:   19 22:35:44      300.035659        1.078037
FIRE:   20 22:38:19      300.006665        0.977573
FIRE:   21 22:40:35      299.981837        0.821348
FIRE:   22 22:42:44      299.953998        0.819372
FIRE:   23 22:44:49      299.923932        0.907554
FIRE:   24 22:46:46      299.888719        0.938768
FIRE:   25 22:48:55      299.853999        1.153596
FIRE:   26 22:51:08      299.820242        2.807738
FIRE:   27 22:53:22      299.801852        5.561971
FIRE:   28 22:56:15      299.932990       14.569232
FIRE:   29 22:58:49      299.771753        1.447325
FIRE:   30 23:01:12      299.884906       11.972325
FIRE:   31 23:02:55      299.838348        9.271601
FIRE:   32 23:04:41      299.784010        4.673105
FIRE:   33 23:06:42      299.765790        1.285869
FIRE:   34 23:07:28      299.765615        1.265983
FIRE:   35 23:08:44      299.765288        1.189229
FIRE:   36 23:09:55      299.764842        1.081600
FIRE:   37 23:11:08      299.764329        0.943631
FIRE:   38 23:12:20      299.763793        0.800628
FIRE:   39 23:13:38      299.763262        0.799134
FIRE:   40 23:15:03      299.762744        0.797681
FIRE:   41 23:16:34      299.762165        0.796299
FIRE:   42 23:18:00      299.761473        0.795067
FIRE:   43 23:19:21      299.760591        0.791738
FIRE:   44 23:20:37      299.759446        0.781600
FIRE:   45 23:21:57      299.758010        0.776814
FIRE:   46 23:23:16      299.756298        0.761712
FIRE:   47 23:24:25      299.754290        0.747990
FIRE:   48 23:25:46      299.751811        0.734760
FIRE:   49 23:27:06      299.748618        0.705974
FIRE:   50 23:27:59      299.744676        0.676022
FIRE:   51 23:28:50      299.740086        0.627504
FIRE:   52 23:29:42      299.734474        0.565737
FIRE:   53 23:30:38      299.727424        0.482204
FIRE:   54 23:31:34      299.718900        0.385806
FIRE:   55 23:32:30      299.708251        0.296429
FIRE:   56 23:33:24      299.695210        0.469584
FIRE:   57 23:34:19      299.678661        0.325979
FIRE:   58 23:35:20      299.657786        0.378428
FIRE:   59 23:36:24      299.631315        0.502878
FIRE:   60 23:37:27      299.597698        0.415970
FIRE:   61 23:38:32      299.556354        0.729821
FIRE:   62 23:39:41      299.507783        1.698091
FIRE:   63 23:40:54      299.471063        4.807258
FIRE:   64 23:42:05      299.442721        0.586602
FIRE:   65 23:42:43      299.442305        0.560450
FIRE:   66 23:43:23      299.441668        0.554388
FIRE:   67 23:44:01      299.440961        0.545548
FIRE:   68 23:44:43      299.440148        0.534801
FIRE:   69 23:45:21      299.439087        0.525041
FIRE:   70 23:46:00      299.437742        0.507667
FIRE:   71 23:46:40      299.436228        0.491575
FIRE:   72 23:47:20      299.434447        0.472838
FIRE:   73 23:48:04      299.432231        0.447798
FIRE:   74 23:48:52      299.429382        0.436520
FIRE:   75 23:49:39      299.426027        0.402880
FIRE:   76 23:50:27      299.422041        0.385619
FIRE:   77 23:51:18      299.417107        0.354955
FIRE:   78 23:52:12      299.411319        0.313803
FIRE:   79 23:53:04      299.404376        0.288445
FIRE:   80 23:53:59      299.396345        0.289190
FIRE:   81 23:54:51      299.387117        0.307905
FIRE:   82 23:55:42      299.376813        0.427869
FIRE:   83 23:56:37      299.365403        0.576503
FIRE:   84 23:57:39      299.353347        1.377739
FIRE:   85 23:58:41      299.343709        3.371763
FIRE:   86 23:59:44      299.338062        0.477192
FIRE:   87 00:00:47      299.341797        3.161435
FIRE:   88 00:01:33      299.339781        2.388783
FIRE:   89 00:02:27      299.337584        1.016301
FIRE:   90 00:03:24      299.337112        0.625028
FIRE:   91 00:03:42      299.337069        0.605865
FIRE:   92 00:04:05      299.337009        0.530931
FIRE:   93 00:04:34      299.336896        0.454723
FIRE:   94 00:05:04      299.336809        0.453663
FIRE:   95 00:05:34      299.336703        0.452430
FIRE:   96 00:06:05      299.336606        0.452000
FIRE:   97 00:06:36      299.336509        0.452452
FIRE:   98 00:07:07      299.336389        0.447463
FIRE:   99 00:07:36      299.336231        0.445682
FIRE:  100 00:08:07      299.336013        0.445114
FIRE:  101 00:08:41      299.335718        0.440674
FIRE:  102 00:09:15      299.335349        0.441176
FIRE:  103 00:09:54      299.334930        0.433612
FIRE:  104 00:10:36      299.334449        0.428768
FIRE:  105 00:11:17      299.333843        0.425749
FIRE:  106 00:12:01      299.333067        0.426662
FIRE:  107 00:12:46      299.332144        0.422119
FIRE:  108 00:13:31      299.331068        0.418115
FIRE:  109 00:14:16      299.329717        0.414759
FIRE:  110 00:15:00      299.328103        0.411494
FIRE:  111 00:15:45      299.326179        0.406952
FIRE:  112 00:16:34      299.323820        0.431579
FIRE:  113 00:17:23      299.321003        0.451211
FIRE:  114 00:18:12      299.317607        0.477790
FIRE:  115 00:19:03      299.313449        0.548967
FIRE:  116 00:20:03      299.308426        0.570531
FIRE:  117 00:21:04      299.302318        0.650766
FIRE:  118 00:22:06      299.294903        1.875336
FIRE:  119 00:23:21      299.286212        5.713437
FIRE:  120 00:24:23      299.285979        0.607580
FIRE:  121 00:24:55      299.285961        0.591397
FIRE:  122 00:25:28      299.285829        0.564053
FIRE:  123 00:26:03      299.285665        0.532137
FIRE:  124 00:26:44      299.285450        0.476992
FIRE:  125 00:27:19      299.285177        0.427834
FIRE:  126 00:27:58      299.284845        0.365062
FIRE:  127 00:28:40      299.284457        0.342240
FIRE:  128 00:29:22      299.283959        0.342525
FIRE:  129 00:30:00      299.283326        0.343233
FIRE:  130 00:30:42      299.282530        0.345627
FIRE:  131 00:31:24      299.281535        0.347862
FIRE:  132 00:32:06      299.280307        0.347542
FIRE:  133 00:32:53      299.278809        0.351258
FIRE:  134 00:33:39      299.276977        0.362648
FIRE:  135 00:34:28      299.274753        0.390159
FIRE:  136 00:35:16      299.272061        0.431563
FIRE:  137 00:36:10      299.268836        0.442116
FIRE:  138 00:37:02      299.264989        0.441220
FIRE:  139 00:37:58      299.260408        0.443576
FIRE:  140 00:38:57      299.254940        0.420004
FIRE:  141 00:39:56      299.248565        0.361234
FIRE:  142 00:40:59      299.244329        1.463033
FIRE:  143 00:42:14      299.295660        5.947073
FIRE:  144 00:43:24      299.239426        2.310486
FIRE:  145 00:44:16      299.234083        1.509155
FIRE:  146 00:45:08      299.229929        0.490361
FIRE:  147 00:46:01      299.231578        1.107962
FIRE:  148 00:46:19      299.231226        1.045742
FIRE:  149 00:46:52      299.230609        0.828701
FIRE:  150 00:47:33      299.229943        0.568315
FIRE:  151 00:48:16      299.229433        0.460798
FIRE:  152 00:48:59      299.229211        0.461679
FIRE:  153 00:49:43      299.229254        0.463861
FIRE:  154 00:49:57      299.229236        0.473063
FIRE:  155 00:50:14      299.229225        0.469720
FIRE:  156 00:50:31      299.229175        0.475783
FIRE:  157 00:50:53      299.229147        0.472792
FIRE:  158 00:51:14      299.229100        0.480553
FIRE:  159 00:51:39      299.229048        0.473939
FIRE:  160 00:52:01      299.228999        0.480491
FIRE:  161 00:52:23      299.228942        0.476989
FIRE:  162 00:52:49      299.228885        0.481504
FIRE:  163 00:53:14      299.228825        0.477402
FIRE:  164 00:53:41      299.228760        0.488520
FIRE:  165 00:54:11      299.228686        0.478588
FIRE:  166 00:54:40      299.228592        0.477525
FIRE:  167 00:55:08      299.228464        0.477985
FIRE:  168 00:55:37      299.228282        0.482675
FIRE:  169 00:56:08      299.228047        0.485364
FIRE:  170 00:56:41      299.227759        0.491118
FIRE:  171 00:57:15      299.227464        0.496220
FIRE:  172 00:57:53      299.227118        0.498894
FIRE:  173 00:58:30      299.226669        0.501035
FIRE:  174 00:59:09      299.226064        0.498985
FIRE:  175 00:59:53      299.225356        0.492193
FIRE:  176 01:00:35      299.224566        0.476836
FIRE:  177 01:01:14      299.223536        0.450815
FIRE:  178 01:01:55      299.222280        0.412410
FIRE:  179 01:02:42      299.220815        0.374057
FIRE:  180 01:03:34      299.218949        0.326389
FIRE:  181 01:04:30      299.216767        0.298258
FIRE:  182 01:05:26      299.214023        0.279713
FIRE:  183 01:06:19      299.210670        0.277260
FIRE:  184 01:07:12      299.206617        0.286147
FIRE:  185 01:08:05      299.201867        0.357671
FIRE:  186 01:09:00      299.197513        0.818924
FIRE:  187 01:09:48      299.195599        0.243617
FIRE:  188 01:10:36      299.196045        0.567026
FIRE:  189 01:11:06      299.195702        0.460635
FIRE:  190 01:11:45      299.195241        0.263607
FIRE:  191 01:12:26      299.194942        0.241878
FIRE:  192 01:13:05      299.194894        0.231670
FIRE:  193 01:13:24      299.194875        0.235898
FIRE:  194 01:13:42      299.194832        0.234622
FIRE:  195 01:14:02      299.194781        0.235086
FIRE:  196 01:14:23      299.194725        0.235126
FIRE:  197 01:14:50      299.194647        0.233965
FIRE:  198 01:15:13      299.194589        0.234184
FIRE:  199 01:15:38      299.194517        0.233385
FIRE:  200 01:15:59      299.194443        0.233324
FIRE:  201 01:16:19      299.194351        0.232327
FIRE:  202 01:16:41      299.194224        0.229122
FIRE:  203 01:17:02      299.194077        0.228058
FIRE:  204 01:17:28      299.193860        0.219971
FIRE:  205 01:17:55      299.193602        0.215922
FIRE:  206 01:18:30      299.193288        0.210267
FIRE:  207 01:19:05      299.192933        0.203523
FIRE:  208 01:19:37      299.192488        0.192492
FIRE:  209 01:20:11      299.191915        0.182529
FIRE:  210 01:20:47      299.191214        0.170130
FIRE:  211 01:21:21      299.190387        0.156740
FIRE:  212 01:21:54      299.189350        0.140648
FIRE:  213 01:22:36      299.188077        0.120468
FIRE:  214 01:23:18      299.186536        0.101153
FIRE:  215 01:24:00      299.184607        0.082447
FIRE:  216 01:24:44      299.182263        0.093376
FIRE:  217 01:25:26      299.179388        0.081210
FIRE:  218 01:26:09      299.175894        0.073404
