      Step     Time          Energy          fmax
BFGS:    0 22:45:15      316.543847        1.382992
BFGS:    1 22:45:27      316.491783        1.400742
BFGS:    2 22:45:46      316.025076        1.401173
BFGS:    3 22:46:10      315.734301        1.715015
BFGS:    4 22:46:27      315.685969        1.421334
BFGS:    5 22:46:43      315.578931        0.776296
BFGS:    6 22:46:56      315.530549        0.911714
BFGS:    7 22:47:13      315.429922        1.805770
BFGS:    8 22:47:31      315.301093        2.614275
BFGS:    9 22:47:48      315.196647        2.354111
BFGS:   10 22:48:07      314.913416        0.784407
BFGS:   11 22:48:21      314.873770        0.781459
BFGS:   12 22:48:36      314.782581        0.804668
BFGS:   13 22:48:53      314.730422        0.791427
BFGS:   14 22:49:06      314.690093        0.739680
BFGS:   15 22:49:20      314.615637        0.850785
BFGS:   16 22:49:32      314.591452        0.691320
BFGS:   17 22:49:46      314.555947        0.477687
BFGS:   18 22:50:02      314.542705        0.354068
BFGS:   19 22:50:12      314.539170        0.291084
BFGS:   20 22:50:26      314.530258        0.174239
BFGS:   21 22:50:39      314.526967        0.187679
BFGS:   22 22:50:52      314.525249        0.119337
BFGS:   23 22:50:59      314.524415        0.090280
BFGS:   24 22:51:07      314.524102        0.073639
BFGS:   25 22:51:17      314.523649        0.070598
BFGS:   26 22:51:25      314.523339        0.059079
BFGS:   27 22:51:33      314.522913        0.059216
BFGS:   28 22:51:42      314.522539        0.067924
BFGS:   29 22:51:51      314.522148        0.084815
BFGS:   30 22:51:58      314.521603        0.077393
BFGS:   31 22:52:11      314.520357        0.106462
BFGS:   32 22:52:19      314.519903        0.090580
BFGS:   33 22:52:28      314.519150        0.053996
BFGS:   34 22:52:37      314.518348        0.053399
BFGS:   35 22:52:49      314.517622        0.041766
