      Step     Time          Energy          fmax
BFGS:    0 21:52:42      305.410688       26.662272
BFGS:    1 21:53:04      298.486112        7.231312
BFGS:    2 21:53:20      296.477375        4.494203
BFGS:    3 21:53:37      295.011878        2.267870
BFGS:    4 21:53:54      294.606691        1.582957
BFGS:    5 21:54:11      294.364474        1.978368
BFGS:    6 21:54:28      294.020342        2.295932
BFGS:    7 21:54:47      293.627422        1.784989
BFGS:    8 21:55:05      293.434075        1.769146
BFGS:    9 21:55:20      293.329755        1.059278
BFGS:   10 21:55:36      293.220232        1.051643
BFGS:   11 21:55:50      293.085835        1.041397
BFGS:   12 21:56:05      292.919651        1.277416
BFGS:   13 21:56:21      292.791700        1.333550
BFGS:   14 21:56:37      292.666956        1.062257
BFGS:   15 21:56:51      292.596854        0.709835
BFGS:   16 21:57:04      292.540693        0.562320
BFGS:   17 21:57:19      292.482024        0.444803
BFGS:   18 21:57:35      292.472307        0.517372
BFGS:   19 21:57:48      292.458831        0.246252
BFGS:   20 21:57:59      292.456353        0.192652
BFGS:   21 21:58:10      292.452758        0.169570
BFGS:   22 21:58:20      292.449041        0.224099
BFGS:   23 21:58:32      292.444509        0.232281
BFGS:   24 21:58:43      292.439978        0.211580
BFGS:   25 21:58:55      292.436400        0.171686
BFGS:   26 21:59:06      292.433878        0.161515
BFGS:   27 21:59:16      292.430955        0.166778
BFGS:   28 21:59:27      292.427737        0.223502
BFGS:   29 21:59:39      292.423776        0.221999
BFGS:   30 21:59:51      292.418618        0.243499
BFGS:   31 22:00:02      292.413984        0.280851
BFGS:   32 22:00:12      292.411428        0.134558
BFGS:   33 22:00:23      292.409556        0.102583
BFGS:   34 22:00:33      292.408669        0.103322
BFGS:   35 22:00:42      292.407213        0.119864
BFGS:   36 22:00:53      292.405797        0.133812
BFGS:   37 22:01:03      292.403756        0.176821
BFGS:   38 22:01:13      292.401890        0.174229
BFGS:   39 22:01:25      292.400022        0.099623
BFGS:   40 22:01:34      292.399271        0.078531
BFGS:   41 22:01:44      292.398895        0.079590
BFGS:   42 22:01:53      292.398608        0.057736
BFGS:   43 22:02:02      292.398085        0.040416
