      Step     Time          Energy          fmax
FIRE:    0 20:28:30      306.458175       42.909415
FIRE:    1 20:31:13      302.216887       16.878904
FIRE:    2 20:33:47      301.153615        7.666459
FIRE:    3 20:36:37      300.857212        5.017642
FIRE:    4 20:39:12      300.803642        6.531539
FIRE:    5 20:41:14      300.698930        5.364164
FIRE:    6 20:43:30      300.568079        3.589719
FIRE:    7 20:45:52      300.476530        2.162191
FIRE:    8 20:48:21      300.427618        1.934022
FIRE:    9 20:50:19      300.391641        1.767273
FIRE:   10 20:52:34      300.352789        1.976839
FIRE:   11 20:54:55      300.318843        2.114905
FIRE:   12 20:57:13      300.300827        1.880076
FIRE:   13 20:59:29      300.303429        2.022832
FIRE:   14 21:01:55      300.312157        2.923997
FIRE:   15 21:04:07      300.305857        3.044590
FIRE:   16 21:06:28      300.268976        1.705059
FIRE:   17 21:08:48      300.230634        2.349837
FIRE:   18 21:11:03      300.207135        3.050301
FIRE:   19 21:13:13      300.182197        3.130107
FIRE:   20 21:15:54      300.161084        2.140233
FIRE:   21 21:18:08      300.146424        3.011953
FIRE:   22 21:19:37      300.145213        2.075749
FIRE:   23 21:21:30      300.142947        1.268708
FIRE:   24 21:23:30      300.139639        0.846166
FIRE:   25 21:25:15      300.135181        1.566711
FIRE:   26 21:27:05      300.129648        1.664747
FIRE:   27 21:28:46      300.123173        1.211105
FIRE:   28 21:30:34      300.115772        0.975201
FIRE:   29 21:32:37      300.106310        1.165275
FIRE:   30 21:34:52      300.094318        1.407304
FIRE:   31 21:36:42      300.079210        1.175441
FIRE:   32 21:38:40      300.059798        0.718075
FIRE:   33 21:40:34      300.035050        1.118807
FIRE:   34 21:42:38      300.004292        0.806742
FIRE:   35 21:44:47      299.966242        1.786246
FIRE:   36 21:46:45      299.930703        7.379422
FIRE:   37 21:48:56      299.922152        2.263305
FIRE:   38 21:50:12      299.921317        1.520833
FIRE:   39 21:51:50      299.920120        0.582863
FIRE:   40 21:53:22      299.918819        0.973425
FIRE:   41 21:54:56      299.917170        1.696280
FIRE:   42 21:56:12      299.914887        1.655567
FIRE:   43 21:57:40      299.912064        0.928785
FIRE:   44 21:59:06      299.908988        0.396694
FIRE:   45 22:00:39      299.905269        1.127664
FIRE:   46 22:01:59      299.900545        1.264147
FIRE:   47 22:03:17      299.894575        0.408852
FIRE:   48 22:04:43      299.887457        0.924688
FIRE:   49 22:06:11      299.878702        1.115454
FIRE:   50 22:07:58      299.867969        0.434780
FIRE:   51 22:09:31      299.854967        1.065313
FIRE:   52 22:11:16      299.839173        0.458336
FIRE:   53 22:12:53      299.820137        0.841313
FIRE:   54 22:14:29      299.797572        1.313603
FIRE:   55 22:16:10      299.771013        1.286369
FIRE:   56 22:18:14      299.739919        1.435215
FIRE:   57 22:20:11      299.703906        3.138273
FIRE:   58 22:22:42      299.673318        9.265736
FIRE:   59 22:24:45      299.654230        1.622262
FIRE:   60 22:26:02      299.653549        1.173520
FIRE:   61 22:27:28      299.652521        0.707067
FIRE:   62 22:29:03      299.651379        0.710322
FIRE:   63 22:30:26      299.649997        1.038047
FIRE:   64 22:31:38      299.648113        1.159127
FIRE:   65 22:33:00      299.645711        0.790516
FIRE:   66 22:34:26      299.643024        0.733552
FIRE:   67 22:35:51      299.639850        0.741662
FIRE:   68 22:37:15      299.635855        0.983671
FIRE:   69 22:38:35      299.630644        0.761294
FIRE:   70 22:39:57      299.624260        0.772967
FIRE:   71 22:41:27      299.616294        0.808550
FIRE:   72 22:42:57      299.606039        0.796342
FIRE:   73 22:44:26      299.593160        0.844275
FIRE:   74 22:46:09      299.576457        0.810651
FIRE:   75 22:48:04      299.554814        0.805718
FIRE:   76 22:49:55      299.526581        0.991842
FIRE:   77 22:51:55      299.490367        0.797380
FIRE:   78 22:53:54      299.445498        0.996167
FIRE:   79 22:56:15      299.394682        2.317712
FIRE:   80 22:58:42      299.356451        6.386183
FIRE:   81 23:00:40      299.335799        0.782169
FIRE:   82 23:01:36      299.335561        0.777209
FIRE:   83 23:02:40      299.335107        0.777045
FIRE:   84 23:03:45      299.334502        0.772507
FIRE:   85 23:04:52      299.333743        0.769274
FIRE:   86 23:05:51      299.332792        0.766573
FIRE:   87 23:06:57      299.331634        0.770617
FIRE:   88 23:08:02      299.330309        0.768289
FIRE:   89 23:09:18      299.328699        0.767173
FIRE:   90 23:10:35      299.326729        0.766940
FIRE:   91 23:11:56      299.324282        0.767195
FIRE:   92 23:13:20      299.321349        0.767347
FIRE:   93 23:14:43      299.317867        0.764149
FIRE:   94 23:16:05      299.313664        0.762997
FIRE:   95 23:17:29      299.308744        0.768222
FIRE:   96 23:18:55      299.302894        0.790270
FIRE:   97 23:20:25      299.296111        0.818573
FIRE:   98 23:21:56      299.288276        0.861302
FIRE:   99 23:23:30      299.279219        0.875715
FIRE:  100 23:25:15      299.269118        0.822140
FIRE:  101 23:26:55      299.309991        1.332845
FIRE:  102 23:28:57      299.420600        1.581033
FIRE:  103 23:31:07      299.588438        2.788289
FIRE:  104 23:32:53      299.590836        2.385445
FIRE:  105 23:34:27      299.616469        2.749988
FIRE:  106 23:36:13      299.637649        1.334291
FIRE:  107 23:38:01      299.675935        2.013952
FIRE:  108 23:39:15      299.675837        1.438031
FIRE:  109 23:40:38      299.677925        1.176157
FIRE:  110 23:42:00      299.684317        1.171241
FIRE:  111 23:43:16      299.693881        1.329812
FIRE:  112 23:44:27      299.703888        1.472683
FIRE:  113 23:45:38      299.713683        1.136522
FIRE:  114 23:47:02      299.724819        1.125158
FIRE:  115 23:48:24      299.740432        1.098538
FIRE:  116 23:49:48      299.759364        1.175518
FIRE:  117 23:51:17      299.779670        1.023709
FIRE:  118 23:52:50      299.804008        0.959408
FIRE:  119 23:54:21      299.833485        1.049948
FIRE:  120 23:55:53      299.864564        0.836533
FIRE:  121 23:57:33      299.901748        1.019455
FIRE:  122 23:59:12      299.939797        0.657095
FIRE:  123 00:00:57      299.982821        1.303243
FIRE:  124 00:03:03      300.023966        0.715520
FIRE:  125 00:04:57      300.064384        0.426599
FIRE:  126 00:07:15      300.103958        0.787631
FIRE:  127 00:09:25      300.139451        2.691225
FIRE:  128 00:11:00      300.139048        0.384588
FIRE:  129 00:12:38      300.139663        2.164109
FIRE:  130 00:13:49      300.139581        1.702063
FIRE:  131 00:15:02      300.139524        0.876009
FIRE:  132 00:16:27      300.139630        0.333636
FIRE:  133 00:17:50      300.139950        0.977557
FIRE:  134 00:18:30      300.139959        0.931046
FIRE:  135 00:19:21      300.139975        0.831964
FIRE:  136 00:20:08      300.140002        0.685476
FIRE:  137 00:20:55      300.140046        0.504230
FIRE:  138 00:21:43      300.140112        0.313738
FIRE:  139 00:22:30      300.140206        0.309162
FIRE:  140 00:23:23      300.140332        0.304486
FIRE:  141 00:24:13      300.140501        0.304970
FIRE:  142 00:25:13      300.140717        0.444856
FIRE:  143 00:26:08      300.140976        0.517386
FIRE:  144 00:27:09      300.141290        0.503822
FIRE:  145 00:28:12      300.141673        0.366546
FIRE:  146 00:29:22      300.142160        0.265117
FIRE:  147 00:30:32      300.142805        0.263980
FIRE:  148 00:31:36      300.143645        0.354841
FIRE:  149 00:32:39      300.144679        0.380796
FIRE:  150 00:33:49      300.145934        0.254696
FIRE:  151 00:35:08      300.147508        0.250833
FIRE:  152 00:36:20      300.149457        0.352336
FIRE:  153 00:37:29      300.151722        0.233754
FIRE:  154 00:38:48      300.154373        0.222270
FIRE:  155 00:40:04      300.157368        0.297213
FIRE:  156 00:41:22      300.160616        0.195901
FIRE:  157 00:42:40      300.164094        0.258280
FIRE:  158 00:43:59      300.167697        0.341526
FIRE:  159 00:45:17      300.171333        0.180154
FIRE:  160 00:46:35      300.174942        0.195488
FIRE:  161 00:48:06      300.178216        0.473247
FIRE:  162 00:49:41      300.180548        1.335999
FIRE:  163 00:50:59      300.180494        0.241880
FIRE:  164 00:52:15      300.180429        1.105533
FIRE:  165 00:53:16      300.180422        0.861315
FIRE:  166 00:54:24      300.180398        0.425580
FIRE:  167 00:55:30      300.180378        0.248266
FIRE:  168 00:56:39      300.180355        0.531948
FIRE:  169 00:57:10      300.180354        0.513168
FIRE:  170 00:57:51      300.180350        0.445737
FIRE:  171 00:58:33      300.180346        0.362779
FIRE:  172 00:59:23      300.180341        0.262616
FIRE:  173 01:00:12      300.180335        0.256201
FIRE:  174 01:01:02      300.180329        0.257628
FIRE:  175 01:01:52      300.180322        0.259432
FIRE:  176 01:02:41      300.180315        0.262298
FIRE:  177 01:03:24      300.180307        0.254932
FIRE:  178 01:04:02      300.180300        0.271227
FIRE:  179 01:04:37      300.180284        0.275385
FIRE:  180 01:05:23      300.180274        0.253190
FIRE:  181 01:06:11      300.180263        0.254163
FIRE:  182 01:07:04      300.180256        0.260747
FIRE:  183 01:07:57      300.180258        0.260231
FIRE:  184 01:08:47      300.180265        0.271940
FIRE:  185 01:09:40      300.180279        0.272022
FIRE:  186 01:10:38      300.180311        0.273792
FIRE:  187 01:11:34      300.180366        0.278253
FIRE:  188 01:12:32      300.180430        0.288933
FIRE:  189 01:13:35      300.180514        0.301776
FIRE:  190 01:14:34      300.180611        0.294726
FIRE:  191 01:15:42      300.180706        0.322009
FIRE:  192 01:16:53      300.180807        0.352185
FIRE:  193 01:18:08      300.180904        0.380691
FIRE:  194 01:19:28      300.181004        0.418545
FIRE:  195 01:20:44      300.181117        0.478816
FIRE:  196 01:22:02      300.181237        0.569710
FIRE:  197 01:23:25      300.181368        0.691245
FIRE:  198 01:25:32      300.181931        1.771687
FIRE:  199 01:27:27      300.187743        6.541052
FIRE:  200 01:29:36      300.180830        2.288766
FIRE:  201 01:30:59      300.180828        1.526532
FIRE:  202 01:32:35      300.180824        0.959092
FIRE:  203 01:34:03      300.180823        1.006233
FIRE:  204 01:34:35      300.180826        0.982608
FIRE:  205 01:35:18      300.180817        0.969485
FIRE:  206 01:36:14      300.180825        0.967585
FIRE:  207 01:37:02      300.180821        0.968491
FIRE:  208 01:37:59      300.180832        0.969168
FIRE:  209 01:38:58      300.180826        0.966803
FIRE:  210 01:39:55      300.180831        0.967876
FIRE:  211 01:40:52      300.180824        0.968545
FIRE:  212 01:41:56      300.180834        0.967018
FIRE:  213 01:42:59      300.180837        0.967518
FIRE:  214 01:44:09      300.180848        0.967497
FIRE:  215 01:45:20      300.180851        0.985477
FIRE:  216 01:46:35      300.180866        0.982021
FIRE:  217 01:47:52      300.180874        0.984275
FIRE:  218 01:49:11      300.180892        0.985705
FIRE:  219 01:50:27      300.180913        0.992792
FIRE:  220 01:51:48      300.180937        0.982713
FIRE:  221 01:53:13      300.180967        0.980277
FIRE:  222 01:54:48      300.181001        0.968790
FIRE:  223 01:56:32      300.181042        0.926432
FIRE:  224 01:58:16      300.181088        0.820111
FIRE:  225 01:59:53      300.181139        0.598399
FIRE:  226 02:01:33      300.181201        0.453277
FIRE:  227 02:02:20      300.181201        0.436925
FIRE:  228 02:03:15      300.181211        0.411752
FIRE:  229 02:04:18      300.181216        0.390437
FIRE:  230 02:05:18      300.181226        0.374100
FIRE:  231 02:06:20      300.181239        0.355949
FIRE:  232 02:07:35      300.181256        0.346948
FIRE:  233 02:08:49      300.181277        0.328655
FIRE:  234 02:10:02      300.181303        0.307342
FIRE:  235 02:11:23      300.181335        0.282517
FIRE:  236 02:12:45      300.181380        0.259651
FIRE:  237 02:14:12      300.181432        0.235179
FIRE:  238 02:15:37      300.181509        0.205493
FIRE:  239 02:17:09      300.181600        0.179297
FIRE:  240 02:18:33      300.181669        0.159321
FIRE:  241 02:19:56      300.181701        0.204227
FIRE:  242 02:21:23      300.181729        0.389102
FIRE:  243 02:23:09      300.181771        0.610617
FIRE:  244 02:24:17      300.181763        0.153854
FIRE:  245 02:25:29      300.181754        0.398928
FIRE:  246 02:26:10      300.181754        0.325471
FIRE:  247 02:26:59      300.181746        0.193080
FIRE:  248 02:27:46      300.181744        0.124451
FIRE:  249 02:28:35      300.181738        0.136706
FIRE:  250 02:29:01      300.181734        0.135592
FIRE:  251 02:29:44      300.181737        0.124985
FIRE:  252 02:30:13      300.181739        0.114347
FIRE:  253 02:30:44      300.181729        0.113444
FIRE:  254 02:31:21      300.181735        0.111712
FIRE:  255 02:31:52      300.181729        0.109902
FIRE:  256 02:32:27      300.181731        0.107619
FIRE:  257 02:33:12      300.181726        0.104891
FIRE:  258 02:33:39      300.181723        0.101433
FIRE:  259 02:34:11      300.181714        0.097128
FIRE:  260 02:34:40      300.181717        0.092231
FIRE:  261 02:35:25      300.181703        0.086270
FIRE:  262 02:35:55      300.181697        0.079580
