      Step     Time          Energy          fmax
BFGS:    0 21:21:49      299.889994       10.627741
BFGS:    1 21:22:09      297.351264        4.837511
BFGS:    2 21:22:29      295.593087        3.874937
BFGS:    3 21:22:49      294.800124        2.358072
BFGS:    4 21:23:06      294.520003        2.825847
BFGS:    5 21:23:24      294.296037        2.061458
BFGS:    6 21:23:44      294.172612        1.433811
BFGS:    7 21:24:05      294.001180        2.038440
BFGS:    8 21:24:27      293.857501        2.887171
BFGS:    9 21:24:45      293.761231        1.462507
BFGS:   10 21:25:06      293.692985        0.838111
BFGS:   11 21:25:24      293.645760        0.838552
BFGS:   12 21:25:46      293.572257        1.009906
BFGS:   13 21:26:09      293.490323        1.528020
BFGS:   14 21:26:33      293.364335        0.920099
BFGS:   15 21:26:59      293.377140        1.713369
BFGS:   16 21:27:22      293.273879        1.041430
BFGS:   17 21:27:44      293.248534        0.614775
BFGS:   18 21:28:01      293.220211        0.405268
BFGS:   19 21:28:15      293.207355        0.272987
BFGS:   20 21:28:23      293.204009        0.241219
BFGS:   21 21:28:39      293.195100        0.241865
BFGS:   22 21:28:52      293.189159        0.224739
BFGS:   23 21:29:08      293.183711        0.194901
BFGS:   24 21:29:22      293.178061        0.237509
BFGS:   25 21:29:37      293.171664        0.283177
BFGS:   26 21:29:53      293.160472        0.327092
BFGS:   27 21:30:08      293.153000        0.257859
BFGS:   28 21:30:24      293.147387        0.163099
BFGS:   29 21:30:36      293.144816        0.143356
BFGS:   30 21:30:49      293.143256        0.126412
BFGS:   31 21:31:01      293.141917        0.125763
BFGS:   32 21:31:16      293.139871        0.137300
BFGS:   33 21:31:38      293.137294        0.164317
BFGS:   34 21:32:03      293.169186        0.630675
BFGS:   35 21:32:23      293.133889        0.183466
BFGS:   36 21:32:34      293.132554        0.160715
BFGS:   37 21:32:49      293.130754        0.089585
BFGS:   38 21:33:04      293.130298        0.067450
BFGS:   39 21:33:14      293.129786        0.070352
BFGS:   40 21:33:22      293.129114        0.074863
BFGS:   41 21:33:34      293.128298        0.071277
BFGS:   42 21:33:50      293.127271        0.104124
BFGS:   43 21:33:58      293.127003        0.073841
BFGS:   44 21:34:15      293.126948        0.093554
BFGS:   45 21:34:29      293.126394        0.048747
