      Step     Time          Energy          fmax
FIRE:    0 09:06:09      306.458175       42.909415
FIRE:    1 09:08:51      302.216887       16.878904
FIRE:    2 09:11:23      301.153615        7.666459
FIRE:    3 09:13:58      300.857212        5.017642
FIRE:    4 09:16:20      300.803642        6.531539
FIRE:    5 09:18:21      300.698930        5.364164
FIRE:    6 09:20:23      300.568079        3.589719
FIRE:    7 09:22:32      300.476530        2.162191
FIRE:    8 09:24:47      300.427618        1.934022
FIRE:    9 09:26:34      300.391641        1.767273
FIRE:   10 09:28:35      300.352789        1.976839
FIRE:   11 09:30:43      300.318843        2.114905
FIRE:   12 09:32:54      300.300827        1.880076
FIRE:   13 09:35:05      300.303429        2.022832
FIRE:   14 09:37:16      300.312157        2.923997
FIRE:   15 09:39:27      300.305857        3.044590
FIRE:   16 09:41:46      300.268976        1.705059
FIRE:   17 09:44:06      300.230634        2.349837
FIRE:   18 09:46:21      300.207135        3.050301
FIRE:   19 09:48:35      300.182197        3.130107
FIRE:   20 09:51:11      300.161084        2.140233
FIRE:   21 09:53:28      300.146424        3.011953
FIRE:   22 09:54:58      300.145213        2.075749
FIRE:   23 09:56:48      300.142947        1.268708
FIRE:   24 09:58:46      300.139639        0.846166
FIRE:   25 10:00:31      300.135181        1.566711
FIRE:   26 10:02:24      300.129648        1.664747
FIRE:   27 10:04:07      300.123173        1.211105
FIRE:   28 10:05:54      300.115772        0.975201
FIRE:   29 10:07:52      300.106310        1.165275
FIRE:   30 10:10:06      300.094318        1.407304
FIRE:   31 10:12:02      300.079210        1.175441
FIRE:   32 10:13:56      300.059798        0.718075
FIRE:   33 10:15:47      300.035050        1.118807
FIRE:   34 10:17:55      300.004292        0.806742
FIRE:   35 10:20:04      299.966242        1.786246
FIRE:   36 10:22:02      299.930703        7.379423
FIRE:   37 10:24:09      299.922152        2.263305
FIRE:   38 10:25:23      299.921317        1.520833
FIRE:   39 10:26:59      299.920120        0.582863
FIRE:   40 10:28:29      299.918819        0.973426
FIRE:   41 10:29:59      299.917170        1.696280
FIRE:   42 10:31:17      299.914887        1.655567
FIRE:   43 10:32:42      299.912064        0.928785
FIRE:   44 10:33:59      299.908988        0.396694
FIRE:   45 10:35:33      299.905269        1.127664
FIRE:   46 10:36:53      299.900545        1.264147
FIRE:   47 10:38:12      299.894575        0.408852
FIRE:   48 10:39:39      299.887457        0.924688
FIRE:   49 10:41:04      299.878702        1.115454
FIRE:   50 10:42:50      299.867969        0.434780
FIRE:   51 10:44:20      299.854967        1.065313
FIRE:   52 10:46:07      299.839173        0.458336
FIRE:   53 10:47:39      299.820137        0.841313
FIRE:   54 10:49:12      299.797572        1.313603
FIRE:   55 10:50:46      299.771013        1.286368
FIRE:   56 10:52:40      299.739919        1.435215
FIRE:   57 10:54:30      299.703906        3.138273
FIRE:   58 10:56:49      299.673318        9.265735
FIRE:   59 10:58:51      299.654230        1.622262
FIRE:   60 11:00:05      299.653549        1.173520
FIRE:   61 11:01:29      299.652521        0.707067
FIRE:   62 11:02:58      299.651379        0.710322
FIRE:   63 11:04:24      299.649997        1.038047
FIRE:   64 11:05:33      299.648113        1.159127
FIRE:   65 11:06:57      299.645711        0.790516
FIRE:   66 11:08:23      299.643024        0.733552
FIRE:   67 11:09:48      299.639850        0.741662
FIRE:   68 11:11:07      299.635855        0.983671
FIRE:   69 11:12:26      299.630644        0.761294
FIRE:   70 11:13:51      299.624260        0.772967
FIRE:   71 11:15:18      299.616294        0.808550
FIRE:   72 11:16:46      299.606039        0.796342
FIRE:   73 11:18:19      299.593160        0.844275
FIRE:   74 11:19:58      299.576457        0.810651
FIRE:   75 11:21:45      299.554814        0.805718
FIRE:   76 11:23:36      299.526581        0.991842
FIRE:   77 11:25:28      299.490367        0.797381
FIRE:   78 11:27:22      299.445498        0.996167
FIRE:   79 11:29:37      299.394682        2.317712
FIRE:   80 11:31:58      299.356451        6.386183
FIRE:   81 11:33:59      299.335799        0.782169
FIRE:   82 11:34:56      299.335561        0.777209
FIRE:   83 11:36:00      299.335107        0.777045
FIRE:   84 11:37:05      299.334502        0.772507
FIRE:   85 11:38:10      299.333743        0.769274
FIRE:   86 11:39:17      299.332792        0.766573
FIRE:   87 11:40:23      299.331634        0.770617
FIRE:   88 11:41:29      299.330309        0.768289
FIRE:   89 11:42:49      299.328699        0.767173
FIRE:   90 11:44:05      299.326729        0.766940
FIRE:   91 11:45:25      299.324282        0.767195
FIRE:   92 11:46:54      299.321349        0.767347
FIRE:   93 11:48:18      299.317867        0.764149
FIRE:   94 11:49:46      299.313664        0.762997
FIRE:   95 11:51:15      299.308744        0.768222
FIRE:   96 11:52:44      299.302894        0.790270
FIRE:   97 11:54:19      299.296111        0.818573
FIRE:   98 11:55:55      299.288276        0.861302
FIRE:   99 11:57:31      299.279219        0.875715
FIRE:  100 11:59:17      299.269118        0.822140
FIRE:  101 12:01:01      299.258091        0.780784
FIRE:  102 12:03:14      299.246726        1.461583
FIRE:  103 12:04:38      299.245400        1.283508
FIRE:  104 12:06:05      299.245911        1.248742
FIRE:  105 12:07:38      299.245033        1.056317
FIRE:  106 12:09:26      299.243834        0.662613
FIRE:  107 12:11:14      299.243489        1.127066
FIRE:  108 12:12:51      299.241891        0.535215
FIRE:  109 12:14:32      299.241093        0.839142
FIRE:  110 12:16:12      299.239400        0.727762
FIRE:  111 12:18:01      299.237840        0.853044
FIRE:  112 12:19:51      299.235224        0.671077
FIRE:  113 12:21:42      299.233205        1.320547
FIRE:  114 12:23:34      299.229777        1.063137
FIRE:  115 12:25:33      299.225607        0.836312
FIRE:  116 12:27:38      299.222213        1.476944
FIRE:  117 12:30:12      299.231640        4.428010
FIRE:  118 12:32:07      299.214034        0.613180
FIRE:  119 12:32:59      299.213884        0.588134
FIRE:  120 12:34:00      299.213680        0.563789
FIRE:  121 12:35:01      299.213547        0.522787
FIRE:  122 12:35:58      299.213438        0.498731
FIRE:  123 12:37:04      299.213228        0.469450
FIRE:  124 12:38:08      299.212889        0.435228
FIRE:  125 12:39:17      299.212502        0.409093
FIRE:  126 12:40:43      299.212123        0.376629
FIRE:  127 12:42:00      299.211619        0.334390
FIRE:  128 12:43:18      299.210881        0.300383
FIRE:  129 12:44:44      299.210056        0.306352
FIRE:  130 12:46:04      299.209050        0.336566
FIRE:  131 12:47:23      299.207712        0.346143
FIRE:  132 12:48:55      299.206204        0.322945
FIRE:  133 12:50:21      299.204240        0.262399
FIRE:  134 12:51:56      299.201906        0.181491
FIRE:  135 12:53:43      299.199044        0.312444
FIRE:  136 12:55:19      299.195584        0.388647
FIRE:  137 12:57:00      299.191446        0.510151
FIRE:  138 12:58:42      299.186942        0.955481
FIRE:  139 13:00:41      299.183685        2.234419
FIRE:  140 13:02:16      299.180358        0.206386
FIRE:  141 13:03:48      299.182412        2.041288
FIRE:  142 13:05:01      299.181270        1.544069
FIRE:  143 13:06:23      299.180004        0.661391
FIRE:  144 13:07:42      299.179681        0.385322
FIRE:  145 13:08:09      299.179662        0.385097
FIRE:  146 13:08:42      299.179620        0.337976
FIRE:  147 13:09:11      299.179566        0.276301
FIRE:  148 13:09:54      299.179498        0.212382
FIRE:  149 13:10:39      299.179434        0.213774
FIRE:  150 13:11:25      299.179369        0.215028
FIRE:  151 13:12:08      299.179292        0.216432
FIRE:  152 13:12:48      299.179208        0.218813
FIRE:  153 13:13:31      299.179098        0.221433
FIRE:  154 13:14:13      299.178945        0.218273
FIRE:  155 13:15:01      299.178738        0.215578
FIRE:  156 13:15:58      299.178484        0.210519
FIRE:  157 13:16:56      299.178186        0.211323
FIRE:  158 13:17:54      299.177845        0.217320
FIRE:  159 13:18:52      299.177414        0.222052
FIRE:  160 13:19:50      299.176859        0.226070
FIRE:  161 13:20:47      299.176180        0.223321
FIRE:  162 13:21:47      299.175394        0.228300
FIRE:  163 13:22:47      299.174395        0.227683
FIRE:  164 13:23:50      299.173173        0.241824
FIRE:  165 13:25:02      299.171718        0.244721
FIRE:  166 13:26:19      299.169894        0.261576
FIRE:  167 13:27:43      299.167732        0.259924
FIRE:  168 13:29:05      299.165043        0.296524
FIRE:  169 13:30:34      299.161804        0.329429
FIRE:  170 13:32:05      299.157944        0.356023
FIRE:  171 13:33:32      299.153446        0.406819
FIRE:  172 13:35:06      299.149154        0.771326
FIRE:  173 13:37:02      299.151424        1.960147
FIRE:  174 13:38:30      299.140554        0.582097
FIRE:  175 13:40:07      299.148838        1.786397
FIRE:  176 13:41:08      299.144824        1.327323
FIRE:  177 13:42:34      299.140597        0.592352
FIRE:  178 13:44:01      299.140026        0.590877
FIRE:  179 13:44:34      299.139962        0.606057
FIRE:  180 13:45:04      299.139849        0.605308
FIRE:  181 13:45:50      299.139702        0.609912
FIRE:  182 13:46:41      299.139564        0.603266
FIRE:  183 13:47:26      299.139451        0.601482
FIRE:  184 13:48:16      299.139373        0.602566
FIRE:  185 13:48:59      299.139321        0.606317
FIRE:  186 13:49:49      299.139269        0.609462
FIRE:  187 13:50:37      299.139169        0.612601
FIRE:  188 13:51:25      299.139009        0.617699
FIRE:  189 13:52:15      299.138745        0.623726
FIRE:  190 13:53:13      299.138439        0.627758
FIRE:  191 13:54:14      299.138129        0.636451
FIRE:  192 13:55:15      299.137820        0.646903
FIRE:  193 13:56:21      299.137367        0.665121
FIRE:  194 13:57:25      299.136712        0.680958
FIRE:  195 13:58:36      299.135997        0.713559
FIRE:  196 13:59:48      299.135219        0.741030
FIRE:  197 14:01:08      299.134117        0.767020
FIRE:  198 14:02:26      299.132848        0.798083
FIRE:  199 14:03:46      299.131349        0.845030
FIRE:  200 14:05:07      299.129459        0.896786
FIRE:  201 14:06:41      299.147783        1.373146
FIRE:  202 14:08:15      299.193421        1.507862
FIRE:  203 14:09:52      299.277377        1.646931
FIRE:  204 14:11:43      299.405952        1.820291
FIRE:  205 14:13:50      299.566689        1.709848
FIRE:  206 14:16:00      299.733146        1.139726
FIRE:  207 14:18:23      299.904860        2.696005
FIRE:  208 14:19:57      299.884827        1.414302
FIRE:  209 14:21:46      299.904045        2.497768
FIRE:  210 14:22:58      299.896664        1.839415
FIRE:  211 14:24:34      299.889875        1.065373
FIRE:  212 14:26:13      299.891502        0.996636
FIRE:  213 14:27:44      299.899740        1.513031
FIRE:  214 14:28:33      299.899095        1.416276
FIRE:  215 14:29:32      299.898046        1.218904
FIRE:  216 14:30:35      299.896966        0.944241
FIRE:  217 14:31:37      299.896303        0.861925
FIRE:  218 14:32:42      299.896428        0.840265
FIRE:  219 14:33:51      299.897521        0.814119
FIRE:  220 14:34:55      299.899426        0.783813
FIRE:  221 14:35:55      299.902015        0.753081
FIRE:  222 14:36:54      299.904875        0.792834
FIRE:  223 14:37:51      299.907673        0.780418
FIRE:  224 14:38:58      299.910492        0.760845
FIRE:  225 14:40:04      299.914107        0.769711
FIRE:  226 14:41:18      299.919673        0.768040
FIRE:  227 14:42:37      299.927206        0.759145
FIRE:  228 14:43:56      299.935435        0.761363
FIRE:  229 14:45:17      299.944327        0.762572
FIRE:  230 14:46:44      299.956076        0.745747
FIRE:  231 14:48:09      299.970042        0.713839
FIRE:  232 14:49:30      299.984618        0.674584
FIRE:  233 14:50:58      300.002861        0.612494
FIRE:  234 14:52:26      300.021975        0.548693
FIRE:  235 14:54:11      300.043980        0.523353
FIRE:  236 14:55:40      300.065959        0.426312
FIRE:  237 14:57:08      300.090696        0.658988
FIRE:  238 14:58:36      300.113561        0.542061
FIRE:  239 15:00:14      300.135098        0.367154
FIRE:  240 15:01:52      300.155235        0.662004
FIRE:  241 15:03:33      300.173094        1.847814
FIRE:  242 15:05:05      300.170183        0.280368
FIRE:  243 15:06:38      300.171895        1.573236
FIRE:  244 15:07:36      300.171051        1.227646
FIRE:  245 15:08:50      300.170088        0.589387
FIRE:  246 15:10:09      300.169788        0.231188
FIRE:  247 15:10:42      300.169784        0.231301
FIRE:  248 15:11:07      300.169771        0.231527
FIRE:  249 15:11:39      300.169763        0.230706
FIRE:  250 15:12:23      300.169743        0.229875
FIRE:  251 15:12:56      300.169732        0.226263
FIRE:  252 15:13:36      300.169715        0.225532
FIRE:  253 15:14:15      300.169705        0.220971
FIRE:  254 15:14:53      300.169694        0.208925
FIRE:  255 15:15:34      300.169685        0.202819
FIRE:  256 15:16:24      300.169674        0.187582
FIRE:  257 15:17:16      300.169663        0.176694
FIRE:  258 15:18:10      300.169658        0.163321
FIRE:  259 15:19:01      300.169673        0.147377
FIRE:  260 15:20:01      300.169729        0.137426
FIRE:  261 15:21:03      300.169834        0.138559
FIRE:  262 15:22:01      300.170000        0.139336
FIRE:  263 15:23:07      300.170262        0.143904
FIRE:  264 15:24:09      300.170663        0.143535
FIRE:  265 15:24:46      300.171201        0.142120
FIRE:  266 15:25:27      300.171901        0.139191
FIRE:  267 15:26:05      300.172758        0.134636
FIRE:  268 15:26:45      300.173735        0.126912
FIRE:  269 15:27:29      300.174808        0.118250
FIRE:  270 15:28:14      300.175952        0.112677
FIRE:  271 15:28:59      300.177169        0.101144
FIRE:  272 15:29:40      300.178460        0.082915
FIRE:  273 15:30:26      300.179734        0.165198
FIRE:  274 15:31:15      300.180795        0.418918
FIRE:  275 15:32:11      300.181466        1.076532
FIRE:  276 15:32:54      300.181308        0.086700
FIRE:  277 15:33:38      300.181328        0.955812
FIRE:  278 15:34:05      300.181283        0.737676
FIRE:  279 15:34:40      300.181223        0.339510
FIRE:  280 15:35:16      300.181195        0.133531
FIRE:  281 15:35:34      300.181195        0.131251
FIRE:  282 15:35:48      300.181187        0.116591
FIRE:  283 15:36:12      300.181185        0.096081
FIRE:  284 15:36:29      300.181179        0.076745
