      Step     Time          Energy          fmax
BFGS:    0 22:18:17      295.355098        6.474015
BFGS:    1 22:18:36      294.733098        7.640107
BFGS:    2 22:19:01      294.012695        1.222156
BFGS:    3 22:19:13      293.953060        0.975839
BFGS:    4 22:19:26      293.924330        0.669631
BFGS:    5 22:19:45      293.808011        1.231393
BFGS:    6 22:20:03      293.732569        0.846214
BFGS:    7 22:20:21      293.719485        0.610602
BFGS:    8 22:20:35      293.713704        0.236350
BFGS:    9 22:20:49      293.708387        0.316272
BFGS:   10 22:21:08      293.702516        0.607800
BFGS:   11 22:21:26      293.687477        0.952354
BFGS:   12 22:21:42      293.668037        1.242934
BFGS:   13 22:21:57      293.652995        0.809039
BFGS:   14 22:22:15      293.637857        0.238805
BFGS:   15 22:22:27      293.634297        0.304098
BFGS:   16 22:22:41      293.623668        0.425954
BFGS:   17 22:22:59      293.606341        0.642550
BFGS:   18 22:23:17      293.585695        0.937439
BFGS:   19 22:23:33      293.557340        0.765472
BFGS:   20 22:23:52      293.514880        0.809694
BFGS:   21 22:24:08      293.481560        0.578183
BFGS:   22 22:24:28      293.459849        0.927033
BFGS:   23 22:24:46      293.440691        0.895396
BFGS:   24 22:25:01      293.430416        0.428348
BFGS:   25 22:25:17      293.420280        0.253185
BFGS:   26 22:25:30      293.414492        0.307495
BFGS:   27 22:25:47      293.408842        0.311502
BFGS:   28 22:25:59      293.405213        0.251062
BFGS:   29 22:26:10      293.402871        0.217489
BFGS:   30 22:26:21      293.399958        0.170617
BFGS:   31 22:26:30      293.397969        0.156578
BFGS:   32 22:26:45      293.392179        0.299870
BFGS:   33 22:27:04      293.386378        0.266587
BFGS:   34 22:27:26      293.375980        0.177336
BFGS:   35 22:27:42      293.374241        0.172612
BFGS:   36 22:27:52      293.373112        0.115893
BFGS:   37 22:28:04      293.371477        0.115499
BFGS:   38 22:28:20      293.371430        0.408035
BFGS:   39 22:28:33      293.368648        0.164617
BFGS:   40 22:28:43      293.367498        0.155053
BFGS:   41 22:28:55      293.364239        0.186578
BFGS:   42 22:29:08      293.360744        0.288286
BFGS:   43 22:29:19      293.358766        0.218879
BFGS:   44 22:29:35      293.355982        0.177630
BFGS:   45 22:29:49      293.354273        0.126240
BFGS:   46 22:29:58      293.353233        0.111671
BFGS:   47 22:30:14      293.351001        0.171804
BFGS:   48 22:30:31      293.349797        0.184778
BFGS:   49 22:30:48      293.349261        0.254478
BFGS:   50 22:31:02      293.347806        0.135842
BFGS:   51 22:31:13      293.347107        0.099547
BFGS:   52 22:31:29      293.347590        0.337990
BFGS:   53 22:31:43      293.345545        0.197522
BFGS:   54 22:31:57      293.344318        0.125226
BFGS:   55 22:32:10      293.343317        0.086053
BFGS:   56 22:32:24      293.342002        0.159480
BFGS:   57 22:32:37      293.341490        0.212382
BFGS:   58 22:32:49      293.340232        0.151704
BFGS:   59 22:33:01      293.339153        0.151152
BFGS:   60 22:33:16      293.338367        0.317889
BFGS:   61 22:33:30      293.339111        0.394380
BFGS:   62 22:33:46      293.337093        0.152115
BFGS:   63 22:34:05      293.336319        0.110831
BFGS:   64 22:34:14      293.335781        0.084654
BFGS:   65 22:34:27      293.334629        0.069836
BFGS:   66 22:34:42      293.333174        0.071266
BFGS:   67 22:35:03      293.331139        0.141688
BFGS:   68 22:35:15      293.330222        0.071477
BFGS:   69 22:35:28      293.330506        0.173923
BFGS:   70 22:35:42      293.330116        0.050506
BFGS:   71 22:35:58      293.329948        0.066392
BFGS:   72 22:36:05      293.329870        0.038804
