      Step     Time          Energy          fmax
FIRE:    0 21:53:47      957.865879     1279.905791
FIRE:    1 21:54:49      674.929922      908.020659
FIRE:    2 21:55:51      493.111735      521.134854
FIRE:    3 21:56:55      397.432698      263.338512
FIRE:    4 21:57:52      358.753419      149.505483
FIRE:    5 21:58:51      346.425444       99.838420
FIRE:    6 21:59:55      337.580916       61.084567
FIRE:    7 22:01:09      331.788956       34.240371
FIRE:    8 22:02:29      328.401479       16.259533
FIRE:    9 22:03:28      329.329249        9.300386
FIRE:   10 22:04:14      328.553468        8.342332
FIRE:   11 22:05:05      327.412202        5.613634
FIRE:   12 22:06:02      326.812181        2.925027
FIRE:   13 22:06:53      327.330919       10.586923
FIRE:   14 22:07:34      327.148027        9.010528
FIRE:   15 22:08:14      326.874083        6.353650
FIRE:   16 22:08:57      326.631101        3.741213
FIRE:   17 22:09:37      326.501645        1.703589
FIRE:   18 22:10:20      326.494858        2.031352
FIRE:   19 22:11:02      326.552386        3.477878
FIRE:   20 22:11:22      326.547003        3.425375
FIRE:   21 22:11:45      326.536551        3.309074
FIRE:   22 22:12:10      326.521662        3.136403
FIRE:   23 22:12:35      326.503248        2.906296
FIRE:   24 22:13:01      326.482451        2.622354
FIRE:   25 22:13:28      326.460565        2.294723
FIRE:   26 22:13:55      326.438928        1.917384
FIRE:   27 22:14:29      326.416807        1.460373
FIRE:   28 22:15:05      326.396120        1.326097
FIRE:   29 22:15:41      326.378935        1.288929
FIRE:   30 22:16:14      326.366403        1.245106
FIRE:   31 22:16:46      326.357187        1.236063
FIRE:   32 22:17:13      326.346528        1.652979
FIRE:   33 22:17:42      326.327541        1.850555
FIRE:   34 22:18:10      326.295133        1.714133
FIRE:   35 22:18:44      326.251227        1.194407
FIRE:   36 22:19:23      326.206595        0.935706
FIRE:   37 22:20:03      326.172033        0.921344
FIRE:   38 22:20:40      326.141842        1.290801
FIRE:   39 22:21:13      326.100340        1.254294
FIRE:   40 22:21:50      326.051983        0.963047
FIRE:   41 22:22:26      326.025369        1.220210
FIRE:   42 22:22:47      326.024233        1.200279
FIRE:   43 22:23:11      326.022259        1.128454
FIRE:   44 22:23:36      326.019933        1.054618
FIRE:   45 22:24:02      326.017709        0.967756
FIRE:   46 22:24:28      326.015784        0.865489
FIRE:   47 22:24:54      326.013995        0.768442
FIRE:   48 22:25:20      326.011905        0.648167
FIRE:   49 22:25:45      326.008729        0.513321
FIRE:   50 22:26:12      326.004059        0.377869
FIRE:   51 22:26:43      325.998084        0.369628
FIRE:   52 22:27:11      325.991169        0.410471
FIRE:   53 22:27:40      325.982698        0.472376
FIRE:   54 22:28:06      325.971540        0.508839
FIRE:   55 22:28:36      325.957119        0.533698
FIRE:   56 22:29:06      325.937757        0.617050
FIRE:   57 22:29:36      325.910967        0.617345
FIRE:   58 22:30:10      325.878927        0.471041
FIRE:   59 22:30:43      325.852688        0.358792
FIRE:   60 22:31:16      325.842105        0.498482
FIRE:   61 22:31:33      325.841694        0.481883
FIRE:   62 22:31:54      325.840970        0.405557
FIRE:   63 22:32:15      325.840038        0.338540
FIRE:   64 22:32:37      325.838925        0.250736
FIRE:   65 22:32:58      325.837587        0.251213
FIRE:   66 22:33:20      325.836011        0.239654
FIRE:   67 22:33:42      325.834289        0.224085
FIRE:   68 22:34:07      325.832332        0.247912
FIRE:   69 22:34:28      325.830092        0.249847
FIRE:   70 22:34:51      325.827387        0.231899
FIRE:   71 22:35:15      325.824018        0.270557
FIRE:   72 22:35:41      325.819576        0.333330
FIRE:   73 22:36:10      325.813408        0.340457
FIRE:   74 22:36:39      325.805170        0.336523
FIRE:   75 22:37:09      325.794383        0.381864
FIRE:   76 22:37:42      325.780957        0.486024
FIRE:   77 22:38:14      325.764131        0.551699
FIRE:   78 22:38:48      325.741463        0.609094
FIRE:   79 22:39:25      325.716008        2.216908
FIRE:   80 22:40:07      325.985452       12.802325
