      Step     Time          Energy          fmax
BFGS:    0 19:37:39      672.173828      435.369125
BFGS:    1 19:38:11      387.999138      172.602969
BFGS:    2 19:39:16      347.259379       27.193370
BFGS:    3 19:39:39      344.692392       32.845031
BFGS:    4 19:40:18      343.249539       11.841948
BFGS:    5 19:40:37      336.210581       25.703744
BFGS:    6 19:41:04      336.519556       69.981827
BFGS:    7 19:41:29      326.214887       39.312926
BFGS:    8 19:41:52      319.248513       22.220167
BFGS:    9 19:42:19      315.675984       19.637202
BFGS:   10 19:42:41      314.106014       19.357497
BFGS:   11 19:43:03      313.293409       17.637231
BFGS:   12 19:43:27      311.497351        9.749239
BFGS:   13 19:43:49      310.779564        6.691260
BFGS:   14 19:44:10      310.229599        5.342679
BFGS:   15 19:44:28      309.905397        4.573272
BFGS:   16 19:44:45      309.554010        2.079296
BFGS:   17 19:45:01      309.402442        2.136650
BFGS:   18 19:45:17      309.297525        2.626832
BFGS:   19 19:45:34      309.188256        2.882387
BFGS:   20 19:46:00      308.980789        3.576665
BFGS:   21 19:46:21      308.752867        3.708885
BFGS:   22 19:46:42      308.520290        3.864467
BFGS:   23 19:47:04      308.310188        3.899506
BFGS:   24 19:47:26      308.113313        3.731284
BFGS:   25 19:47:49      307.887191        3.312610
BFGS:   26 19:48:12      307.648426        2.754116
BFGS:   27 19:48:36      307.441711        2.750127
BFGS:   28 19:48:57      307.253961        3.440913
BFGS:   29 19:49:19      307.067520        3.988780
BFGS:   30 19:49:36      306.858455        3.876374
BFGS:   31 19:49:53      306.599832        4.223564
BFGS:   32 19:50:11      306.468676        4.529788
BFGS:   33 19:50:31      306.245828        3.301144
BFGS:   34 19:50:54      306.109767        2.395511
BFGS:   35 19:51:17      305.937593        4.020042
BFGS:   36 19:51:41      305.641365        5.143490
BFGS:   37 19:52:02      305.837746       14.230716
BFGS:   38 19:52:25      304.488103        6.321969
BFGS:   39 19:52:59      302.732808        9.587674
BFGS:   40 19:53:23      301.760798        8.778499
BFGS:   41 19:53:42      300.995273        7.167871
BFGS:   42 19:54:06      300.421303        4.956794
BFGS:   43 19:54:28      299.887242        4.893690
BFGS:   44 19:54:47      299.314667        3.167820
BFGS:   45 19:55:07      298.816346        3.191006
BFGS:   46 19:55:26      298.358719        3.291637
BFGS:   47 19:55:44      297.948461        3.449983
BFGS:   48 19:56:02      297.679672        3.526146
BFGS:   49 19:56:20      297.301825        3.550338
BFGS:   50 19:56:40      297.141587        2.216395
BFGS:   51 19:56:53      297.005019        2.210940
BFGS:   52 19:57:07      296.755528        1.139727
BFGS:   53 19:57:21      296.556063        1.246292
BFGS:   54 19:57:35      296.481863        1.400326
BFGS:   55 19:57:50      296.417063        1.552981
BFGS:   56 19:58:05      296.333061        1.487356
BFGS:   57 19:58:22      296.286706        1.218940
BFGS:   58 19:58:35      296.248017        0.895467
BFGS:   59 19:58:50      296.169677        1.638890
BFGS:   60 19:59:02      296.137510        1.347890
BFGS:   61 19:59:16      296.084503        0.883381
BFGS:   62 19:59:31      296.054572        0.709493
BFGS:   63 19:59:44      296.030654        0.499358
BFGS:   64 19:59:56      296.022157        0.408518
BFGS:   65 20:00:06      296.016275        0.355410
BFGS:   66 20:00:15      296.006105        0.503491
BFGS:   67 20:00:27      295.995389        0.637728
BFGS:   68 20:00:42      295.974594        0.632062
BFGS:   69 20:00:57      295.973625        0.868717
BFGS:   70 20:01:13      295.961373        0.546515
BFGS:   71 20:01:23      295.956555        0.421863
BFGS:   72 20:01:35      295.950878        0.308705
BFGS:   73 20:01:49      295.950404        0.565745
BFGS:   74 20:02:04      295.941382        0.508871
BFGS:   75 20:02:14      295.937047        0.295405
BFGS:   76 20:02:28      295.928728        0.250823
BFGS:   77 20:02:39      295.924527        0.278661
BFGS:   78 20:02:52      295.918269        0.291702
BFGS:   79 20:03:08      295.910298        0.560772
BFGS:   80 20:03:21      295.904912        0.278646
BFGS:   81 20:03:34      295.902627        0.362874
BFGS:   82 20:03:44      295.900483        0.221775
BFGS:   83 20:03:55      295.897769        0.083866
BFGS:   84 20:04:05      295.896984        0.081204
BFGS:   85 20:04:13      295.896633        0.095064
BFGS:   86 20:04:23      295.896518        0.092035
BFGS:   87 20:04:32      295.896387        0.071600
BFGS:   88 20:04:40      295.896146        0.066140
BFGS:   89 20:04:50      295.895747        0.122287
BFGS:   90 20:05:00      295.895033        0.202746
BFGS:   91 20:05:10      295.894294        0.178978
BFGS:   92 20:05:23      295.893764        0.189392
BFGS:   93 20:05:36      295.892063        0.091374
BFGS:   94 20:05:46      295.891574        0.056552
BFGS:   95 20:05:56      295.891188        0.068992
BFGS:   96 20:06:07      295.890256        0.082997
BFGS:   97 20:06:21      295.888534        0.091645
BFGS:   98 20:06:36      295.886821        0.112464
BFGS:   99 20:06:49      295.885282        0.104747
BFGS:  100 20:07:00      295.883069        0.108144
BFGS:  101 20:07:12      295.882466        0.076270
BFGS:  102 20:07:23      295.882290        0.076617
BFGS:  103 20:07:30      295.882199        0.049232
