      Step     Time          Energy          fmax
FIRE:    0 21:08:19      437.146463      342.815706
FIRE:    1 21:09:11      375.257289      161.409843
FIRE:    2 21:10:08      347.117307       68.980207
FIRE:    3 21:11:02      335.693979       39.391294
FIRE:    4 21:12:33      331.343842       22.181165
FIRE:    5 21:13:50      328.677200       12.538879
FIRE:    6 21:15:03      328.659766        8.064991
FIRE:    7 21:16:16      329.753325        9.598272
FIRE:    8 21:16:57      329.244855        9.091130
FIRE:    9 21:17:47      328.379078        7.979798
FIRE:   10 21:18:36      327.540096        4.652398
FIRE:   11 21:19:25      327.382470        4.292849
FIRE:   12 21:19:53      327.362495        3.863842
FIRE:   13 21:20:26      327.328504        3.084090
FIRE:   14 21:21:02      327.289467        2.120008
FIRE:   15 21:21:42      327.253222        1.688820
FIRE:   16 21:22:22      327.224170        1.591242
FIRE:   17 21:23:01      327.202954        1.481164
FIRE:   18 21:23:40      327.187611        1.364548
FIRE:   19 21:24:15      327.173205        1.364279
FIRE:   20 21:24:47      327.155227        1.848798
FIRE:   21 21:25:17      327.128737        1.998461
FIRE:   22 21:25:48      327.091785        1.704880
FIRE:   23 21:26:22      327.050393        1.060305
FIRE:   24 21:26:57      327.018810        1.061969
FIRE:   25 21:27:30      326.999892        1.268917
FIRE:   26 21:28:03      326.973810        1.340748
FIRE:   27 21:28:39      326.928850        1.198477
FIRE:   28 21:29:21      326.874764        1.163089
FIRE:   29 21:29:59      326.825998        1.276806
FIRE:   30 21:30:34      326.759211        1.215245
FIRE:   31 21:31:15      326.683755        1.672833
FIRE:   32 21:31:57      326.624765        2.557198
FIRE:   33 21:32:25      326.616771        2.339343
FIRE:   34 21:32:55      326.607636        1.956956
FIRE:   35 21:33:25      326.600410        1.447579
FIRE:   36 21:33:58      326.592815        0.944083
FIRE:   37 21:34:27      326.583380        0.697206
FIRE:   38 21:34:56      326.570003        0.774455
FIRE:   39 21:35:27      326.551486        0.612294
FIRE:   40 21:35:59      326.530564        0.751488
FIRE:   41 21:36:32      326.509137        0.924498
FIRE:   42 21:37:03      326.481746        0.927294
FIRE:   43 21:37:35      326.449342        0.945628
FIRE:   44 21:38:09      326.414188        0.878798
FIRE:   45 21:38:42      326.377715        0.867145
FIRE:   46 21:39:16      326.331114        0.754071
FIRE:   47 21:39:53      326.276843        1.031210
FIRE:   48 21:40:30      326.204090        1.484422
FIRE:   49 21:41:07      326.137787        3.132976
FIRE:   50 21:41:37      326.106254        0.739401
FIRE:   51 21:42:09      326.114528        2.760227
FIRE:   52 21:42:30      326.105852        2.126191
FIRE:   53 21:42:57      326.105744        0.966535
FIRE:   54 21:43:27      326.105684        0.694905
FIRE:   55 21:43:55      326.105664        1.446281
FIRE:   56 21:44:09      326.105654        1.360468
FIRE:   57 21:44:25      326.105636        1.193729
FIRE:   58 21:44:44      326.105613        0.944507
FIRE:   59 21:45:04      326.105586        0.673383
FIRE:   60 21:45:24      326.105559        0.670279
FIRE:   61 21:45:45      326.105533        0.665636
FIRE:   62 21:46:03      326.105509        0.656266
FIRE:   63 21:46:20      326.105482        0.651842
FIRE:   64 21:46:36      326.105447        0.752302
FIRE:   65 21:46:53      326.105398        0.801002
FIRE:   66 21:47:11      326.105330        0.689380
FIRE:   67 21:47:30      326.105243        0.604156
FIRE:   68 21:47:52      326.105145        0.594569
FIRE:   69 21:48:13      326.105043        0.574495
FIRE:   70 21:48:32      326.104928        0.569977
FIRE:   71 21:48:51      326.104766        0.509189
FIRE:   72 21:49:12      326.104570        0.488332
FIRE:   73 21:49:33      326.104380        0.509404
FIRE:   74 21:49:56      326.104144        0.428775
FIRE:   75 21:50:20      326.103856        0.405291
FIRE:   76 21:50:43      326.103570        0.426926
FIRE:   77 21:51:08      326.103203        0.414775
FIRE:   78 21:51:33      326.102830        0.488411
FIRE:   79 21:51:59      326.102356        0.590967
FIRE:   80 21:52:27      326.101813        0.747202
