      Step     Time          Energy          fmax
FIRE:    0 20:27:10      380.402537      214.343009
FIRE:    1 20:28:04      345.363104       90.857402
FIRE:    2 20:29:09      332.843769       42.407914
FIRE:    3 20:30:00      329.143081       23.345221
FIRE:    4 20:30:59      327.072661        9.764422
FIRE:    5 20:32:13      327.389503        7.269075
FIRE:    6 20:32:51      327.111528        6.456963
FIRE:    7 20:33:37      326.687640        4.502390
FIRE:    8 20:34:30      326.374089        1.926724
FIRE:    9 20:35:19      326.407556        3.964705
FIRE:   10 20:35:46      326.389823        3.727984
FIRE:   11 20:36:13      326.358614        3.283242
FIRE:   12 20:36:46      326.321017        2.677501
FIRE:   13 20:37:17      326.284625        1.985100
FIRE:   14 20:37:49      326.255146        1.539220
FIRE:   15 20:38:22      326.234599        1.513368
FIRE:   16 20:38:55      326.220913        1.482716
FIRE:   17 20:39:29      326.208134        1.440362
FIRE:   18 20:39:57      326.189889        1.639354
FIRE:   19 20:40:26      326.173713        1.683371
FIRE:   20 20:40:57      326.158486        1.469477
FIRE:   21 20:41:31      326.142875        1.054261
FIRE:   22 20:42:03      326.127606        0.976543
FIRE:   23 20:42:36      326.113584        1.337764
FIRE:   24 20:43:11      326.101927        1.593459
FIRE:   25 20:43:44      326.093430        1.182214
FIRE:   26 20:44:22      326.087740        1.646497
FIRE:   27 20:44:59      326.083928        1.807568
FIRE:   28 20:45:32      326.080979        1.503102
FIRE:   29 20:46:08      326.077761        0.893174
FIRE:   30 20:46:47      326.073059        1.212315
FIRE:   31 20:47:11      326.072462        0.955962
FIRE:   32 20:47:42      326.071326        0.616157
FIRE:   33 20:48:10      326.069737        0.503543
FIRE:   34 20:48:39      326.067807        0.627147
FIRE:   35 20:49:04      326.065712        0.811703
FIRE:   36 20:49:29      326.063591        0.769145
FIRE:   37 20:49:57      326.061558        0.513889
FIRE:   38 20:50:30      326.059459        0.279366
FIRE:   39 20:51:02      326.057328        0.600695
FIRE:   40 20:51:20      326.057272        0.560375
FIRE:   41 20:51:40      326.057155        0.483442
FIRE:   42 20:52:01      326.056978        0.378056
FIRE:   43 20:52:26      326.056741        0.258802
FIRE:   44 20:52:50      326.056443        0.260777
FIRE:   45 20:53:17      326.056083        0.259698
FIRE:   46 20:53:39      326.055668        0.281405
FIRE:   47 20:54:01      326.055155        0.336677
FIRE:   48 20:54:21      326.054542        0.345689
FIRE:   49 20:54:43      326.053833        0.292503
FIRE:   50 20:55:05      326.053041        0.218676
FIRE:   51 20:55:30      326.052195        0.197140
FIRE:   52 20:55:52      326.051354        0.261687
FIRE:   53 20:56:14      326.050610        0.287796
FIRE:   54 20:56:40      326.050096        0.191217
FIRE:   55 20:57:05      326.049979        0.159636
FIRE:   56 20:57:31      326.050397        0.249874
FIRE:   57 20:57:58      326.051372        0.158542
FIRE:   58 20:58:26      326.052856        0.212536
FIRE:   59 20:58:52      326.054895        0.224657
FIRE:   60 20:59:23      326.057816        0.170603
FIRE:   61 20:59:51      326.062428        0.162842
FIRE:   62 21:00:23      326.069700        0.329625
FIRE:   63 21:01:01      326.080338        0.928776
FIRE:   64 21:01:41      326.105725        4.237062
FIRE:   65 21:02:23      326.095054        2.099794
FIRE:   66 21:02:52      326.092587        1.334224
FIRE:   67 21:03:24      326.091000        0.318720
FIRE:   68 21:03:53      326.092082        1.094010
FIRE:   69 21:04:08      326.091854        0.988489
FIRE:   70 21:04:23      326.091475        0.788336
FIRE:   71 21:04:40      326.091091        0.515897
FIRE:   72 21:05:00      326.090833        0.309103
FIRE:   73 21:05:22      326.090772        0.308253
FIRE:   74 21:05:44      326.090858        0.424232
FIRE:   75 21:05:54      326.090849        0.415100
FIRE:   76 21:06:04      326.090831        0.400009
FIRE:   77 21:06:14      326.090805        0.375740
FIRE:   78 21:06:25      326.090774        0.343290
FIRE:   79 21:06:37      326.090739        0.306833
FIRE:   80 21:06:49      326.090704        0.306683
