      Step     Time          Energy          fmax
FIRE:    0 20:06:25      307.588327       59.474794
FIRE:    1 20:07:56      301.222394       21.438245
FIRE:    2 20:09:11      299.254007        9.093244
FIRE:    3 20:10:33      298.884570       11.740222
FIRE:    4 20:11:55      298.761171       12.742905
FIRE:    5 20:13:11      298.503164        9.510682
FIRE:    6 20:14:23      298.207980        5.552352
FIRE:    7 20:15:42      298.016139        4.144055
FIRE:    8 20:17:07      297.973643        3.646468
FIRE:    9 20:17:59      297.915749        3.560753
FIRE:   10 20:19:02      297.804508        3.422769
FIRE:   11 20:20:06      297.648408        3.191543
FIRE:   12 20:21:13      297.462917        2.750866
FIRE:   13 20:22:31      297.288806        2.146170
FIRE:   14 20:24:26      297.203523        1.596038
FIRE:   15 20:26:45      297.119381        1.321562
FIRE:   16 20:28:58      297.035227        1.346814
FIRE:   17 20:31:21      297.025354        2.203937
FIRE:   18 20:32:27      297.017292        2.074733
FIRE:   19 20:33:52      297.003092        1.837032
FIRE:   20 20:35:19      296.985628        1.523966
FIRE:   21 20:36:41      296.967934        1.175121
FIRE:   22 20:38:17      296.952192        0.981095
FIRE:   23 20:39:44      296.939369        0.922592
FIRE:   24 20:41:16      296.929225        0.831074
FIRE:   25 20:43:00      296.920274        0.762492
FIRE:   26 20:44:43      296.912172        0.834337
FIRE:   27 20:46:15      296.904301        0.859452
FIRE:   28 20:47:52      296.895521        0.856075
FIRE:   29 20:49:37      296.883635        0.875693
FIRE:   30 20:51:20      296.865123        0.989823
FIRE:   31 20:53:02      296.835720        1.048359
FIRE:   32 20:54:48      296.791423        1.018895
FIRE:   33 20:56:39      296.729029        1.060351
FIRE:   34 20:58:42      296.642766        1.126286
FIRE:   35 21:00:58      296.516881        1.275164
FIRE:   36 21:03:12      296.363494        1.388906
FIRE:   37 21:05:21      296.246787        1.312328
FIRE:   38 21:07:30      296.099902        1.397328
FIRE:   39 21:09:34      295.938081        1.594891
FIRE:   40 21:11:47      295.940687        2.299243
FIRE:   41 21:13:22      295.938778        1.797562
FIRE:   42 21:14:58      295.935788        1.015853
FIRE:   43 21:16:50      295.932507        0.658838
FIRE:   44 21:18:35      295.929405        0.952544
FIRE:   45 21:20:06      295.926673        1.139285
FIRE:   46 21:21:38      295.924402        1.058529
FIRE:   47 21:23:12      295.922882        0.970352
FIRE:   48 21:24:55      295.922274        0.879723
FIRE:   49 21:26:44      295.922856        1.135578
FIRE:   50 21:28:29      295.924041        1.252717
FIRE:   51 21:30:18      295.924462        1.320020
FIRE:   52 21:32:16      295.923660        2.207771
FIRE:   53 21:34:28      295.927879        6.480306
FIRE:   54 21:36:42      295.920761        1.651755
FIRE:   55 21:38:05      295.920462        1.180294
FIRE:   56 21:39:31      295.920139        1.185474
FIRE:   57 21:40:53      295.920008        1.188889
FIRE:   58 21:42:21      295.919938        1.191751
FIRE:   59 21:43:46      295.919681        1.191937
FIRE:   60 21:45:09      295.919238        1.177742
FIRE:   61 21:46:38      295.918858        1.175608
FIRE:   62 21:48:08      295.918612        1.160568
FIRE:   63 21:49:40      295.918248        1.134434
FIRE:   64 21:51:19      295.917723        1.065872
FIRE:   65 21:53:00      295.917428        0.939236
FIRE:   66 21:54:28      295.917038        0.720609
FIRE:   67 21:56:09      295.916748        0.681030
FIRE:   68 21:57:51      295.916517        0.720728
FIRE:   69 21:58:45      295.916491        0.693759
FIRE:   70 21:59:50      295.916463        0.659065
FIRE:   71 22:00:55      295.916454        0.612234
FIRE:   72 22:02:03      295.916452        0.550143
FIRE:   73 22:03:22      295.916425        0.481951
FIRE:   74 22:04:42      295.916374        0.421312
FIRE:   75 22:06:03      295.916331        0.353733
FIRE:   76 22:07:25      295.916298        0.364247
FIRE:   77 22:08:44      295.916239        0.359253
FIRE:   78 22:10:05      295.916155        0.366651
FIRE:   79 22:11:24      295.916084        0.400517
FIRE:   80 22:12:42      295.915972        0.377984
FIRE:   81 22:14:01      295.915851        0.334789
FIRE:   82 22:15:19      295.915709        0.323917
FIRE:   83 22:16:43      295.915550        0.346603
FIRE:   84 22:18:08      295.915347        0.293891
FIRE:   85 22:19:41      295.915130        0.297818
FIRE:   86 22:21:17      295.914915        0.415086
FIRE:   87 22:22:52      295.914764        0.852564
FIRE:   88 22:24:35      295.915042        1.416572
FIRE:   89 22:25:54      295.914294        0.399471
FIRE:   90 22:27:21      295.914770        1.312994
FIRE:   91 22:28:14      295.914572        1.059388
FIRE:   92 22:29:15      295.914339        0.572477
FIRE:   93 22:30:31      295.914262        0.388566
FIRE:   94 22:31:43      295.914367        0.523184
FIRE:   95 22:32:14      295.914354        0.515994
FIRE:   96 22:32:50      295.914331        0.484589
FIRE:   97 22:33:35      295.914302        0.455129
FIRE:   98 22:34:20      295.914274        0.427094
FIRE:   99 22:35:17      295.914253        0.394438
FIRE:  100 22:36:03      295.914242        0.375185
FIRE:  101 22:36:51      295.914243        0.365796
FIRE:  102 22:37:34      295.914250        0.361153
FIRE:  103 22:38:19      295.914260        0.366184
FIRE:  104 22:39:00      295.914263        0.399420
FIRE:  105 22:39:44      295.914252        0.383476
FIRE:  106 22:40:33      295.914226        0.355991
FIRE:  107 22:41:21      295.914200        0.361971
FIRE:  108 22:42:19      295.914192        0.376514
FIRE:  109 22:43:10      295.914193        0.396252
FIRE:  110 22:44:06      295.914174        0.392886
FIRE:  111 22:45:08      295.914132        0.361963
FIRE:  112 22:46:04      295.914105        0.339887
FIRE:  113 22:47:11      295.914086        0.336080
FIRE:  114 22:48:03      295.914031        0.325563
FIRE:  115 22:49:16      295.913992        0.349640
FIRE:  116 22:50:19      295.913938        0.343328
FIRE:  117 22:51:29      295.913867        0.317074
FIRE:  118 22:52:35      295.913787        0.326148
FIRE:  119 22:53:46      295.913716        0.368620
FIRE:  120 22:55:06      295.913603        0.381724
FIRE:  121 22:56:18      295.913486        0.397140
FIRE:  122 22:57:53      295.913380        0.360197
FIRE:  123 22:59:15      295.913603        0.455904
FIRE:  124 23:00:54      295.917934        1.655099
FIRE:  125 23:02:23      295.913097        0.269927
FIRE:  126 23:02:51      295.913070        0.274932
FIRE:  127 23:03:36      295.913043        0.266024
FIRE:  128 23:04:23      295.913042        0.269658
FIRE:  129 23:05:08      295.913057        0.269627
FIRE:  130 23:05:54      295.913057        0.270566
FIRE:  131 23:06:40      295.913040        0.271325
FIRE:  132 23:07:29      295.913021        0.275311
FIRE:  133 23:08:21      295.913023        0.281132
FIRE:  134 23:09:11      295.913025        0.280808
FIRE:  135 23:10:05      295.913003        0.278969
FIRE:  136 23:11:02      295.912984        0.280578
FIRE:  137 23:12:01      295.912983        0.284980
FIRE:  138 23:13:05      295.912943        0.293898
FIRE:  139 23:14:12      295.912939        0.310355
FIRE:  140 23:15:23      295.912890        0.310769
FIRE:  141 23:16:33      295.912880        0.308198
FIRE:  142 23:17:47      295.912838        0.301139
FIRE:  143 23:19:00      295.912773        0.274658
FIRE:  144 23:20:25      295.912714        0.250686
FIRE:  145 23:21:56      295.912654        0.458714
FIRE:  146 23:23:27      295.912615        1.468088
FIRE:  147 23:24:50      295.912581        0.265841
FIRE:  148 23:26:14      295.912609        1.333346
FIRE:  149 23:27:14      295.912595        1.002186
FIRE:  150 23:28:26      295.912579        0.426473
FIRE:  151 23:29:38      295.912578        0.271949
FIRE:  152 23:30:04      295.912578        0.273708
FIRE:  153 23:30:35      295.912578        0.275039
FIRE:  154 23:31:03      295.912577        0.275022
FIRE:  155 23:31:40      295.912577        0.275181
FIRE:  156 23:32:12      295.912577        0.275365
FIRE:  157 23:32:56      295.912577        0.275707
FIRE:  158 23:33:34      295.912578        0.276340
FIRE:  159 23:34:13      295.912579        0.278243
FIRE:  160 23:34:49      295.912580        0.268880
FIRE:  161 23:35:27      295.912580        0.268516
FIRE:  162 23:36:01      295.912581        0.270279
FIRE:  163 23:36:45      295.912581        0.274289
FIRE:  164 23:37:31      295.912582        0.276682
FIRE:  165 23:38:14      295.912584        0.274839
FIRE:  166 23:39:06      295.912586        0.282560
FIRE:  167 23:40:02      295.912588        0.277226
FIRE:  168 23:41:00      295.912590        0.273618
FIRE:  169 23:42:04      295.912594        0.265893
FIRE:  170 23:43:11      295.912596        0.265282
FIRE:  171 23:44:17      295.912598        0.272368
FIRE:  172 23:45:26      295.912609        0.289011
FIRE:  173 23:46:37      295.912619        0.288657
FIRE:  174 23:47:54      295.912643        0.289799
FIRE:  175 23:49:12      295.912667        0.285027
FIRE:  176 23:50:29      295.912704        0.268303
FIRE:  177 23:51:42      295.912766        0.243473
FIRE:  178 23:53:11      295.912872        0.206283
FIRE:  179 23:54:41      295.913508        0.465600
FIRE:  180 23:56:21      295.918686        1.431396
FIRE:  181 23:58:06      295.913030        0.168645
FIRE:  182 23:58:37      295.913027        0.172561
FIRE:  183 23:59:01      295.913025        0.175733
FIRE:  184 23:59:33      295.913027        0.178858
FIRE:  185 00:00:11      295.913031        0.175094
FIRE:  186 00:00:50      295.913037        0.173409
FIRE:  187 00:01:32      295.913040        0.175228
FIRE:  188 00:02:18      295.913042        0.176011
FIRE:  189 00:03:01      295.913048        0.178903
FIRE:  190 00:03:54      295.913059        0.180382
FIRE:  191 00:04:41      295.913065        0.180194
FIRE:  192 00:05:36      295.913067        0.176027
FIRE:  193 00:06:31      295.913082        0.176084
FIRE:  194 00:07:23      295.913093        0.177887
FIRE:  195 00:08:29      295.913114        0.175838
FIRE:  196 00:09:29      295.913136        0.176284
FIRE:  197 00:10:36      295.913173        0.179521
FIRE:  198 00:11:41      295.913212        0.203465
FIRE:  199 00:12:50      295.913265        0.234432
FIRE:  200 00:14:08      295.913338        0.248226
FIRE:  201 00:15:28      295.913466        0.242877
FIRE:  202 00:16:53      295.914476        0.625931
FIRE:  203 00:18:26      295.924697        2.041578
FIRE:  204 00:19:51      295.913393        0.228593
FIRE:  205 00:20:32      295.913313        0.200662
FIRE:  206 00:21:15      295.913235        0.189794
FIRE:  207 00:22:04      295.913226        0.186919
FIRE:  208 00:22:53      295.913263        0.186851
FIRE:  209 00:23:42      295.913266        0.189942
FIRE:  210 00:24:25      295.913205        0.186893
FIRE:  211 00:25:08      295.913137        0.189711
FIRE:  212 00:25:58      295.913120        0.197340
FIRE:  213 00:26:47      295.913111        0.202027
FIRE:  214 00:27:41      295.913031        0.192037
FIRE:  215 00:28:35      295.912935        0.183742
FIRE:  216 00:29:28      295.912898        0.178288
FIRE:  217 00:30:30      295.912738        0.172331
FIRE:  218 00:31:33      295.912637        0.170206
FIRE:  219 00:32:35      295.912417        0.158424
FIRE:  220 00:33:45      295.912277        0.194087
FIRE:  221 00:34:55      295.911977        0.149481
FIRE:  222 00:36:09      295.911562        0.122064
FIRE:  223 00:37:27      295.911068        0.135558
FIRE:  224 00:38:43      295.910597        0.301683
FIRE:  225 00:40:07      295.911298        1.001728
FIRE:  226 00:41:25      295.909592        0.115429
FIRE:  227 00:42:43      295.910902        0.869473
FIRE:  228 00:43:48      295.910292        0.643213
FIRE:  229 00:44:59      295.909639        0.251149
FIRE:  230 00:46:16      295.909541        0.208613
FIRE:  231 00:46:40      295.909534        0.201268
FIRE:  232 00:47:11      295.909518        0.180543
FIRE:  233 00:47:42      295.909499        0.149855
FIRE:  234 00:48:11      295.909480        0.121829
FIRE:  235 00:48:49      295.909463        0.121698
FIRE:  236 00:49:21      295.909452        0.121547
FIRE:  237 00:49:58      295.909445        0.121458
FIRE:  238 00:50:29      295.909438        0.122081
FIRE:  239 00:50:58      295.909428        0.122840
FIRE:  240 00:51:31      295.909406        0.123964
FIRE:  241 00:52:03      295.909368        0.125581
FIRE:  242 00:52:44      295.909320        0.119789
FIRE:  243 00:53:27      295.909271        0.118661
FIRE:  244 00:54:12      295.909229        0.118761
FIRE:  245 00:55:01      295.909170        0.122541
FIRE:  246 00:55:47      295.909077        0.122153
FIRE:  247 00:56:38      295.908971        0.122324
FIRE:  248 00:57:32      295.908866        0.122427
FIRE:  249 00:58:25      295.908713        0.123750
FIRE:  250 00:59:18      295.908524        0.129038
FIRE:  251 01:00:11      295.908320        0.135047
FIRE:  252 01:01:12      295.908044        0.138740
FIRE:  253 01:02:13      295.907746        0.143647
FIRE:  254 01:03:19      295.907363        0.151276
FIRE:  255 01:04:27      295.906903        0.172094
FIRE:  256 01:05:43      295.906370        0.202266
FIRE:  257 01:07:01      295.905774        0.213897
FIRE:  258 01:08:18      295.905426        0.421779
FIRE:  259 01:09:44      295.908010        1.154125
FIRE:  260 01:11:10      295.904172        0.172925
FIRE:  261 01:11:35      295.904162        0.178595
FIRE:  262 01:12:07      295.904146        0.176751
FIRE:  263 01:12:38      295.904130        0.184614
FIRE:  264 01:13:15      295.904113        0.180745
FIRE:  265 01:13:51      295.904089        0.178766
FIRE:  266 01:14:32      295.904054        0.176987
FIRE:  267 01:15:22      295.904012        0.180196
FIRE:  268 01:16:09      295.903966        0.180239
FIRE:  269 01:17:00      295.903911        0.177343
FIRE:  270 01:17:58      295.903833        0.175884
FIRE:  271 01:18:55      295.903733        0.173610
FIRE:  272 01:19:55      295.903622        0.165734
FIRE:  273 01:20:56      295.903482        0.159499
FIRE:  274 01:22:03      295.903318        0.159634
FIRE:  275 01:23:16      295.903113        0.152460
FIRE:  276 01:24:27      295.902876        0.142458
FIRE:  277 01:25:28      295.902595        0.127096
FIRE:  278 01:26:48      295.902288        0.111715
FIRE:  279 01:28:06      295.901963        0.095549
FIRE:  280 01:29:27      295.901639        0.188527
FIRE:  281 01:30:48      295.901382        0.658889
FIRE:  282 01:32:20      295.901329        1.941685
FIRE:  283 01:34:05      295.901222        0.289487
FIRE:  284 01:34:50      295.901221        0.213362
FIRE:  285 01:35:41      295.901222        0.094997
FIRE:  286 01:36:43      295.901225        0.098875
FIRE:  287 01:37:34      295.901231        0.168917
FIRE:  288 01:38:16      295.901236        0.193595
FIRE:  289 01:38:59      295.901240        0.143872
FIRE:  290 01:39:50      295.901243        0.111602
FIRE:  291 01:40:42      295.901251        0.105847
FIRE:  292 01:41:33      295.901264        0.183612
FIRE:  293 01:42:20      295.901278        0.151323
FIRE:  294 01:43:25      295.901298        0.093853
FIRE:  295 01:44:21      295.901335        0.142098
FIRE:  296 01:45:20      295.901382        0.089571
FIRE:  297 01:46:25      295.901458        0.146928
FIRE:  298 01:47:25      295.901559        0.108758
FIRE:  299 01:48:26      295.901709        0.164095
FIRE:  300 01:49:29      295.901912        0.087910
FIRE:  301 01:50:40      295.902224        0.108178
FIRE:  302 01:51:49      295.902698        0.241240
FIRE:  303 01:53:06      295.903418        0.583405
FIRE:  304 01:54:42      295.904714        1.334436
FIRE:  305 01:56:04      295.904275        0.149229
FIRE:  306 01:56:29      295.904285        0.155425
FIRE:  307 01:56:59      295.904305        0.156826
FIRE:  308 01:57:31      295.904334        0.158781
FIRE:  309 01:58:02      295.904373        0.155447
FIRE:  310 01:58:36      295.904421        0.152503
FIRE:  311 01:59:16      295.904478        0.153897
FIRE:  312 01:59:50      295.904544        0.151395
FIRE:  313 02:00:34      295.904630        0.151414
FIRE:  314 02:01:21      295.904742        0.150725
FIRE:  315 02:02:10      295.904885        0.149361
FIRE:  316 02:03:02      295.905070        0.151876
FIRE:  317 02:03:54      295.905306        0.154333
FIRE:  318 02:04:50      295.905605        0.148973
FIRE:  319 02:05:48      295.905988        0.142073
FIRE:  320 02:06:49      295.906479        0.136890
FIRE:  321 02:07:51      295.907118        0.131978
FIRE:  322 02:08:56      295.907939        0.136824
FIRE:  323 02:10:01      295.908991        0.131022
FIRE:  324 02:11:16      295.910344        0.119858
FIRE:  325 02:12:30      295.912078        0.171597
FIRE:  326 02:13:51      295.914281        0.589760
FIRE:  327 02:15:23      295.917364        1.932893
FIRE:  328 02:16:50      295.916770        0.234686
FIRE:  329 02:17:33      295.916779        0.164110
FIRE:  330 02:18:16      295.916800        0.131214
FIRE:  331 02:19:07      295.916840        0.132184
FIRE:  332 02:19:56      295.916895        0.151624
FIRE:  333 02:20:41      295.916958        0.175025
FIRE:  334 02:21:25      295.917026        0.138515
FIRE:  335 02:22:18      295.917103        0.136078
FIRE:  336 02:23:08      295.917206        0.134808
FIRE:  337 02:24:02      295.917330        0.136160
FIRE:  338 02:24:51      295.917463        0.137020
FIRE:  339 02:25:45      295.917610        0.140263
FIRE:  340 02:26:39      295.917773        0.143737
FIRE:  341 02:27:38      295.917927        0.140955
FIRE:  342 02:28:37      295.918073        0.140286
FIRE:  343 02:29:49      295.918164        0.137075
FIRE:  344 02:31:01      295.918141        0.158558
FIRE:  345 02:32:12      295.917871        0.133128
FIRE:  346 02:33:28      295.917314        0.123522
FIRE:  347 02:34:39      295.916354        0.111727
FIRE:  348 02:35:56      295.914987        0.273751
FIRE:  349 02:36:41      295.913393        0.837146
FIRE:  350 02:37:24      295.913032        0.076810
