      Step     Time          Energy          fmax
FIRE:    0 06:48:31      305.143963       32.535211
FIRE:    1 06:51:04      301.633868       12.235633
FIRE:    2 06:53:41      300.660866        5.906371
FIRE:    3 06:56:03      300.331997        3.136943
FIRE:    4 06:58:27      300.300880        1.996828
FIRE:    5 07:00:08      300.289783        1.898762
FIRE:    6 07:02:12      300.273985        1.776937
FIRE:    7 07:04:22      300.260886        1.708781
FIRE:    8 07:06:26      300.252025        1.612348
FIRE:    9 07:08:21      300.242451        1.509246
FIRE:   10 07:10:12      300.228499        1.404293
FIRE:   11 07:12:09      300.212784        1.309242
FIRE:   12 07:14:09      300.198628        1.358679
FIRE:   13 07:16:15      300.185514        1.537764
FIRE:   14 07:18:10      300.167623        1.431395
FIRE:   15 07:20:23      300.146179        1.189810
FIRE:   16 07:22:59      300.122460        1.241716
FIRE:   17 07:25:09      300.091785        1.099024
FIRE:   18 07:27:20      300.063425        1.162304
FIRE:   19 07:29:31      300.035660        1.078037
FIRE:   20 07:31:57      300.006666        0.977574
FIRE:   21 07:34:09      299.981838        0.821348
FIRE:   22 07:36:12      299.953999        0.819373
FIRE:   23 07:38:18      299.923933        0.907554
FIRE:   24 07:40:21      299.888721        0.938768
FIRE:   25 07:42:36      299.854001        1.153536
FIRE:   26 07:44:46      299.820247        2.808191
FIRE:   27 07:47:04      299.801884        5.563483
FIRE:   28 07:49:53      299.933241       14.575899
FIRE:   29 07:52:22      299.771718        1.445724
FIRE:   30 07:54:39      299.885325       11.981125
FIRE:   31 07:56:21      299.838607        9.277836
FIRE:   32 07:58:03      299.784081        4.675650
FIRE:   33 07:59:57      299.765793        1.286510
FIRE:   34 08:00:41      299.765617        1.266561
FIRE:   35 08:01:51      299.765290        1.189723
FIRE:   36 08:02:57      299.764845        1.081978
FIRE:   37 08:04:03      299.764331        0.943901
FIRE:   38 08:05:09      299.763793        0.800360
FIRE:   39 08:06:23      299.763260        0.798865
FIRE:   40 08:07:42      299.762739        0.797411
FIRE:   41 08:09:01      299.762159        0.796027
FIRE:   42 08:10:22      299.761466        0.794795
FIRE:   43 08:11:41      299.760584        0.791467
FIRE:   44 08:13:02      299.759441        0.781328
FIRE:   45 08:14:29      299.758005        0.776554
FIRE:   46 08:15:49      299.756293        0.761439
FIRE:   47 08:17:00      299.754284        0.747718
FIRE:   48 08:18:22      299.751804        0.734501
FIRE:   49 08:19:46      299.748612        0.705723
FIRE:   50 08:21:19      299.744668        0.675802
FIRE:   51 08:22:46      299.740076        0.627180
FIRE:   52 08:24:13      299.734465        0.565537
FIRE:   53 08:25:48      299.727415        0.482139
FIRE:   54 08:27:25      299.718888        0.385832
FIRE:   55 08:28:59      299.708237        0.296428
FIRE:   56 08:30:33      299.695196        0.469724
FIRE:   57 08:32:07      299.678645        0.325989
FIRE:   58 08:33:49      299.657771        0.378159
FIRE:   59 08:35:37      299.631301        0.503218
FIRE:   60 08:37:22      299.597681        0.416684
FIRE:   61 08:39:08      299.556337        0.730379
FIRE:   62 08:41:11      299.507763        1.698742
FIRE:   63 08:43:19      299.470995        4.807580
FIRE:   64 08:45:21      299.442708        0.586483
FIRE:   65 08:46:28      299.442292        0.560298
FIRE:   66 08:47:37      299.441655        0.554254
FIRE:   67 08:48:46      299.440948        0.545422
FIRE:   68 08:49:55      299.440135        0.534679
FIRE:   69 08:51:04      299.439074        0.524930
FIRE:   70 08:52:15      299.437729        0.507553
FIRE:   71 08:53:25      299.436215        0.491466
FIRE:   72 08:54:35      299.434434        0.472729
FIRE:   73 08:55:47      299.432218        0.447687
FIRE:   74 08:57:07      299.429369        0.436541
FIRE:   75 08:58:28      299.426014        0.402816
FIRE:   76 08:59:49      299.422027        0.385415
FIRE:   77 09:01:16      299.417094        0.354954
FIRE:   78 09:02:51      299.411306        0.313696
FIRE:   79 09:04:19      299.404364        0.288383
FIRE:   80 09:05:52      299.396335        0.290830
FIRE:   81 09:07:20      299.387106        0.309162
FIRE:   82 09:08:48      299.376802        0.428309
FIRE:   83 09:10:23      299.365392        0.573859
FIRE:   84 09:12:07      299.353320        1.366793
FIRE:   85 09:14:02      299.343567        3.340101
FIRE:   86 09:15:48      299.338065        0.477487
FIRE:   87 09:17:37      299.341684        3.134985
FIRE:   88 09:18:58      299.339719        2.370312
FIRE:   89 09:20:30      299.337576        1.008934
FIRE:   90 09:22:10      299.337111        0.619562
FIRE:   91 09:22:39      299.337069        0.600535
FIRE:   92 09:23:18      299.337009        0.526417
FIRE:   93 09:24:07      299.336898        0.454941
FIRE:   94 09:25:02      299.336811        0.453861
FIRE:   95 09:25:52      299.336706        0.452642
FIRE:   96 09:26:45      299.336609        0.452193
FIRE:   97 09:27:36      299.336512        0.452662
FIRE:   98 09:28:27      299.336392        0.447656
FIRE:   99 09:29:19      299.336233        0.445873
FIRE:  100 09:30:09      299.336015        0.445292
FIRE:  101 09:31:00      299.335721        0.440918
FIRE:  102 09:31:59      299.335353        0.441420
FIRE:  103 09:33:04      299.334934        0.433812
FIRE:  104 09:34:16      299.334453        0.428890
FIRE:  105 09:35:25      299.333847        0.425825
FIRE:  106 09:36:37      299.333071        0.426695
FIRE:  107 09:37:55      299.332148        0.422335
FIRE:  108 09:39:12      299.331072        0.418155
FIRE:  109 09:40:30      299.329721        0.415317
FIRE:  110 09:41:50      299.328107        0.410687
FIRE:  111 09:43:09      299.326182        0.407256
FIRE:  112 09:44:35      299.323823        0.431599
FIRE:  113 09:46:02      299.321006        0.451202
FIRE:  114 09:47:30      299.317608        0.477739
FIRE:  115 09:49:06      299.313450        0.548709
FIRE:  116 09:50:54      299.308425        0.570662
FIRE:  117 09:52:42      299.302314        0.651141
FIRE:  118 09:54:27      299.294894        1.884890
FIRE:  119 09:56:29      299.286197        5.756849
FIRE:  120 09:58:17      299.285960        0.607481
FIRE:  121 09:59:13      299.285920        0.591335
FIRE:  122 10:00:12      299.285815        0.564018
FIRE:  123 10:01:14      299.285648        0.532060
FIRE:  124 10:02:25      299.285432        0.476925
FIRE:  125 10:03:33      299.285161        0.420474
FIRE:  126 10:04:39      299.284816        0.365319
FIRE:  127 10:05:50      299.284439        0.342113
FIRE:  128 10:07:00      299.283940        0.342409
FIRE:  129 10:08:04      299.283309        0.343153
FIRE:  130 10:09:14      299.282514        0.345746
FIRE:  131 10:10:26      299.281522        0.348078
FIRE:  132 10:11:37      299.280297        0.347518
FIRE:  133 10:12:56      299.278801        0.351513
FIRE:  134 10:14:15      299.276970        0.363156
FIRE:  135 10:15:40      299.274747        0.389851
FIRE:  136 10:17:07      299.272053        0.419537
FIRE:  137 10:18:40      299.268825        0.442055
FIRE:  138 10:20:15      299.264975        0.442007
FIRE:  139 10:22:01      299.260389        0.443875
FIRE:  140 10:23:51      299.254924        0.419522
FIRE:  141 10:25:39      299.248560        0.457886
FIRE:  142 10:27:29      299.244224        2.154738
FIRE:  143 10:29:31      299.291489        8.648109
FIRE:  144 10:31:53      299.238927        3.310913
FIRE:  145 10:33:17      299.233940        2.190432
FIRE:  146 10:34:44      299.230058        0.491027
FIRE:  147 10:36:17      299.231600        1.574472
FIRE:  148 10:37:01      299.231269        1.435030
FIRE:  149 10:38:05      299.230684        1.176501
FIRE:  150 10:39:19      299.230057        0.818215
FIRE:  151 10:40:35      299.229575        0.458611
FIRE:  152 10:41:49      299.229362        0.459718
FIRE:  153 10:42:58      299.229397        0.462504
FIRE:  154 10:43:30      299.229380        0.470348
FIRE:  155 10:43:56      299.229369        0.467379
FIRE:  156 10:44:25      299.229321        0.473112
FIRE:  157 10:45:03      299.229293        0.469955
FIRE:  158 10:45:38      299.229248        0.471504
FIRE:  159 10:46:16      299.229198        0.476157
FIRE:  160 10:47:00      299.229149        0.479495
FIRE:  161 10:47:45      299.229093        0.479621
FIRE:  162 10:48:30      299.229037        0.482818
FIRE:  163 10:49:14      299.228976        0.473041
FIRE:  164 10:50:00      299.228911        0.485545
FIRE:  165 10:50:47      299.228835        0.477232
FIRE:  166 10:51:31      299.228741        0.478720
FIRE:  167 10:52:23      299.228611        0.475168
FIRE:  168 10:53:18      299.228430        0.480319
FIRE:  169 10:54:12      299.228195        0.483224
FIRE:  170 10:55:11      299.227909        0.489560
FIRE:  171 10:56:09      299.227613        0.495315
FIRE:  172 10:57:15      299.227265        0.497548
FIRE:  173 10:58:21      299.226815        0.499963
FIRE:  174 10:59:34      299.226213        0.498509
FIRE:  175 11:00:50      299.225506        0.491992
FIRE:  176 11:02:06      299.224714        0.477098
FIRE:  177 11:03:15      299.223687        0.451492
FIRE:  178 11:04:25      299.222433        0.413822
FIRE:  179 11:05:55      299.220969        0.374808
FIRE:  180 11:07:40      299.219108        0.328326
FIRE:  181 11:09:25      299.216929        0.298456
FIRE:  182 11:10:49      299.214193        0.278726
FIRE:  183 11:12:29      299.210846        0.275813
FIRE:  184 11:14:20      299.206796        0.288747
FIRE:  185 11:16:02      299.202046        0.327148
FIRE:  186 11:17:47      299.197317        0.796739
FIRE:  187 11:19:03      299.195731        0.254690
FIRE:  188 11:20:21      299.196037        0.533494
FIRE:  189 11:21:08      299.195755        0.430989
FIRE:  190 11:22:13      299.195365        0.242944
FIRE:  191 11:23:16      299.195102        0.240343
FIRE:  192 11:24:23      299.195034        0.239635
FIRE:  193 11:24:49      299.195017        0.229280
FIRE:  194 11:25:20      299.194979        0.235409
FIRE:  195 11:25:53      299.194933        0.232034
FIRE:  196 11:26:24      299.194880        0.233976
FIRE:  197 11:27:02      299.194808        0.233313
FIRE:  198 11:27:38      299.194752        0.232145
FIRE:  199 11:28:18      299.194681        0.233498
FIRE:  200 11:28:50      299.194606        0.230220
FIRE:  201 11:29:29      299.195461        1.320742
FIRE:  202 11:30:22      299.197449        1.336807
FIRE:  203 11:31:13      299.200865        1.345635
FIRE:  204 11:32:14      299.206110        1.353862
FIRE:  205 11:33:15      299.213710        1.370650
FIRE:  206 11:34:14      299.224368        1.393756
FIRE:  207 11:35:20      299.238988        1.431800
FIRE:  208 11:36:32      299.258678        1.475283
FIRE:  209 11:37:46      299.284742        1.524583
FIRE:  210 11:39:02      299.318680        1.583016
FIRE:  211 11:40:23      299.362067        1.631654
FIRE:  212 11:41:49      299.416043        1.656323
FIRE:  213 11:43:17      299.480678        1.658730
FIRE:  214 11:44:52      299.554709        1.618745
FIRE:  215 11:46:38      299.635744        1.433088
FIRE:  216 11:48:33      299.721324        1.153308
FIRE:  217 11:50:37      299.811668        0.875486
FIRE:  218 11:52:53      299.905304        0.715333
FIRE:  219 11:54:44      299.992934        0.670462
FIRE:  220 11:56:39      300.067810        0.640771
FIRE:  221 11:58:39      300.135739        1.656567
FIRE:  222 12:00:12      300.128958        0.541600
FIRE:  223 12:01:48      300.128891        1.204986
FIRE:  224 12:02:55      300.127586        0.966061
FIRE:  225 12:04:06      300.125811        0.533349
FIRE:  226 12:05:35      300.124546        0.464370
FIRE:  227 12:06:52      300.124065        0.478907
FIRE:  228 12:07:23      300.123982        0.465199
FIRE:  229 12:07:55      300.123825        0.439569
FIRE:  230 12:08:41      300.123609        0.437154
FIRE:  231 12:09:41      300.123360        0.434244
FIRE:  232 12:10:33      300.123095        0.428758
FIRE:  233 12:11:31      300.122833        0.423219
FIRE:  234 12:12:33      300.122579        0.416092
FIRE:  235 12:13:35      300.122308        0.406605
FIRE:  236 12:14:37      300.122009        0.395180
FIRE:  237 12:15:38      300.121667        0.382122
FIRE:  238 12:16:37      300.121271        0.367633
FIRE:  239 12:17:34      300.120840        0.352056
FIRE:  240 12:18:40      300.120449        0.335996
FIRE:  241 12:19:21      300.120229        0.319516
FIRE:  242 12:20:00      300.120298        0.303659
FIRE:  243 12:20:42      300.120713        0.297326
FIRE:  244 12:21:23      300.121567        0.301256
FIRE:  245 12:22:09      300.123147        0.300875
FIRE:  246 12:22:55      300.125693        0.311824
FIRE:  247 12:23:39      300.129095        0.327089
FIRE:  248 12:24:25      300.133439        0.343468
FIRE:  249 12:25:07      300.138622        0.338234
FIRE:  250 12:25:53      300.144151        0.312083
FIRE:  251 12:26:35      300.149822        0.270644
FIRE:  252 12:27:19      300.155172        0.223476
FIRE:  253 12:28:06      300.160346        0.194319
FIRE:  254 12:28:55      300.165965        0.188762
FIRE:  255 12:29:50      300.172487        0.417018
FIRE:  256 12:30:45      300.179470        0.792665
FIRE:  257 12:31:29      300.178239        0.191534
FIRE:  258 12:32:21      300.178433        0.606034
FIRE:  259 12:32:51      300.178172        0.484211
FIRE:  260 12:33:30      300.177835        0.258727
FIRE:  261 12:34:16      300.177638        0.160033
FIRE:  262 12:34:55      300.177620        0.259653
FIRE:  263 12:35:08      300.177607        0.251301
FIRE:  264 12:35:27      300.177563        0.228904
FIRE:  265 12:35:54      300.177531        0.194366
FIRE:  266 12:36:20      300.177480        0.150589
FIRE:  267 12:36:47      300.177435        0.147275
FIRE:  268 12:37:13      300.177395        0.151793
FIRE:  269 12:37:38      300.177354        0.140807
FIRE:  270 12:38:05      300.177321        0.137508
FIRE:  271 12:38:27      300.177281        0.136585
FIRE:  272 12:38:51      300.177231        0.131680
FIRE:  273 12:39:12      300.177164        0.136973
FIRE:  274 12:39:39      300.177082        0.117127
FIRE:  275 12:40:09      300.176998        0.099017
FIRE:  276 12:40:44      300.176942        0.095373
FIRE:  277 12:41:18      300.176926        0.097097
FIRE:  278 12:41:51      300.176933        0.109923
FIRE:  279 12:42:25      300.176956        0.101616
FIRE:  280 12:43:03      300.177043        0.104292
FIRE:  281 12:43:41      300.177244        0.101671
FIRE:  282 12:44:15      300.177503        0.094575
FIRE:  283 12:44:53      300.177831        0.093331
FIRE:  284 12:45:28      300.178248        0.094374
FIRE:  285 12:46:07      300.178646        0.078500
