      Step     Time          Energy          fmax
FIRE:    0 15:11:37      307.588327       59.474794
FIRE:    1 15:13:08      301.222394       21.438245
FIRE:    2 15:14:23      299.254007        9.093244
FIRE:    3 15:15:45      298.884570       11.740222
FIRE:    4 15:17:08      298.761171       12.742905
FIRE:    5 15:18:25      298.503164        9.510682
FIRE:    6 15:19:38      298.207980        5.552352
FIRE:    7 15:20:57      298.016139        4.144055
FIRE:    8 15:22:24      297.973643        3.646468
FIRE:    9 15:23:17      297.915749        3.560753
FIRE:   10 15:24:19      297.804508        3.422769
FIRE:   11 15:25:23      297.648408        3.191543
FIRE:   12 15:26:30      297.462917        2.750866
FIRE:   13 15:27:48      297.288806        2.146170
FIRE:   14 15:29:09      297.203523        1.596038
FIRE:   15 15:30:26      297.119381        1.321562
FIRE:   16 15:31:42      297.035227        1.346814
FIRE:   17 15:33:01      297.025354        2.203937
FIRE:   18 15:33:34      297.017292        2.074733
FIRE:   19 15:34:19      297.003092        1.837032
FIRE:   20 15:35:05      296.985628        1.523966
FIRE:   21 15:35:50      296.967934        1.175121
FIRE:   22 15:36:42      296.952192        0.981095
FIRE:   23 15:37:34      296.939369        0.922592
FIRE:   24 15:38:26      296.929225        0.831074
FIRE:   25 15:39:18      296.920274        0.762492
FIRE:   26 15:40:11      296.912172        0.834337
FIRE:   27 15:41:05      296.904301        0.859452
FIRE:   28 15:41:57      296.895521        0.856075
FIRE:   29 15:42:59      296.883635        0.875693
FIRE:   30 15:43:56      296.865123        0.989823
FIRE:   31 15:44:56      296.835720        1.048359
FIRE:   32 15:45:56      296.791423        1.018895
FIRE:   33 15:46:57      296.729029        1.060351
FIRE:   34 15:48:02      296.642766        1.126286
FIRE:   35 15:49:14      296.516881        1.275164
FIRE:   36 15:50:29      296.363494        1.388906
FIRE:   37 15:51:41      296.246787        1.312328
FIRE:   38 15:52:55      296.099902        1.397328
FIRE:   39 15:54:03      295.938081        1.594891
FIRE:   40 15:55:17      295.940687        2.299243
FIRE:   41 15:56:09      295.938778        1.797562
FIRE:   42 15:56:58      295.935788        1.015853
FIRE:   43 15:58:00      295.932507        0.658838
FIRE:   44 15:58:57      295.929405        0.952544
FIRE:   45 15:59:47      295.926673        1.139285
FIRE:   46 16:00:41      295.924402        1.058529
FIRE:   47 16:01:32      295.922882        0.970352
FIRE:   48 16:02:31      295.922274        0.879722
FIRE:   49 16:03:30      295.922856        1.135578
FIRE:   50 16:04:28      295.924041        1.252717
FIRE:   51 16:05:29      295.924462        1.320020
FIRE:   52 16:06:34      295.923660        2.207771
FIRE:   53 16:07:47      295.927879        6.480307
FIRE:   54 16:09:01      295.920761        1.651755
FIRE:   55 16:09:46      295.920462        1.180294
FIRE:   56 16:10:34      295.920139        1.185474
FIRE:   57 16:11:22      295.920008        1.188889
FIRE:   58 16:12:11      295.919938        1.191751
FIRE:   59 16:13:00      295.919681        1.191937
FIRE:   60 16:13:48      295.919238        1.177742
FIRE:   61 16:14:39      295.918858        1.175608
FIRE:   62 16:15:29      295.918612        1.160568
FIRE:   63 16:16:20      295.918248        1.134434
FIRE:   64 16:17:16      295.917723        1.065872
FIRE:   65 16:18:12      295.917428        0.939236
FIRE:   66 16:19:03      295.917038        0.720609
FIRE:   67 16:20:03      295.916748        0.681030
FIRE:   68 16:21:04      295.916517        0.720728
FIRE:   69 16:21:33      295.916491        0.693759
FIRE:   70 16:22:10      295.916463        0.659065
FIRE:   71 16:22:47      295.916454        0.612234
FIRE:   72 16:23:25      295.916452        0.550143
FIRE:   73 16:24:10      295.916425        0.481951
FIRE:   74 16:24:55      295.916374        0.421312
FIRE:   75 16:25:41      295.916331        0.353733
FIRE:   76 16:26:25      295.916298        0.364247
FIRE:   77 16:27:12      295.916239        0.359253
FIRE:   78 16:27:57      295.916155        0.366651
FIRE:   79 16:28:44      295.916084        0.400517
FIRE:   80 16:29:29      295.915972        0.377984
FIRE:   81 16:30:13      295.915851        0.334789
FIRE:   82 16:30:57      295.915709        0.323917
FIRE:   83 16:31:47      295.915550        0.346603
FIRE:   84 16:32:39      295.915347        0.293891
FIRE:   85 16:33:33      295.915130        0.297818
FIRE:   86 16:34:29      295.914915        0.415086
FIRE:   87 16:35:28      295.914764        0.852564
FIRE:   88 16:36:28      295.915042        1.416572
FIRE:   89 16:37:18      295.914294        0.399471
FIRE:   90 16:38:09      295.914770        1.312994
FIRE:   91 16:38:39      295.914572        1.059389
FIRE:   92 16:39:19      295.914339        0.572478
FIRE:   93 16:40:06      295.914262        0.388567
FIRE:   94 16:40:49      295.914367        0.523184
FIRE:   95 16:41:06      295.914354        0.515994
FIRE:   96 16:41:31      295.914331        0.484589
FIRE:   97 16:41:56      295.914302        0.455129
FIRE:   98 16:42:24      295.914274        0.427094
FIRE:   99 16:42:57      295.914253        0.394438
FIRE:  100 16:43:25      295.914242        0.375185
FIRE:  101 16:43:55      295.914243        0.365796
FIRE:  102 16:44:20      295.914250        0.361153
FIRE:  103 16:44:45      295.914260        0.366184
FIRE:  104 16:45:10      295.914263        0.399420
FIRE:  105 16:45:34      295.914252        0.383476
FIRE:  106 16:46:03      295.914226        0.355991
FIRE:  107 16:46:32      295.914200        0.361971
FIRE:  108 16:47:06      295.914192        0.376514
FIRE:  109 16:47:39      295.914193        0.396252
FIRE:  110 16:48:10      295.914174        0.392886
FIRE:  111 16:48:48      295.914132        0.361963
FIRE:  112 16:49:25      295.914105        0.339887
FIRE:  113 16:50:03      295.914086        0.336080
FIRE:  114 16:50:40      295.914031        0.325563
FIRE:  115 16:51:22      295.913992        0.349640
FIRE:  116 16:52:02      295.913938        0.343328
FIRE:  117 16:52:44      295.913867        0.317074
FIRE:  118 16:53:25      295.913787        0.326148
FIRE:  119 16:54:08      295.913716        0.368620
FIRE:  120 16:54:54      295.913603        0.381724
FIRE:  121 16:55:39      295.913486        0.397140
FIRE:  122 16:56:32      295.913380        0.360197
FIRE:  123 16:57:25      295.913603        0.455904
FIRE:  124 16:58:22      295.917934        1.655099
FIRE:  125 16:59:14      295.913097        0.269927
FIRE:  126 16:59:31      295.913070        0.274932
FIRE:  127 16:59:56      295.913043        0.266024
FIRE:  128 17:00:25      295.913042        0.269658
FIRE:  129 17:00:54      295.913057        0.269627
FIRE:  130 17:01:22      295.913057        0.270566
FIRE:  131 17:01:50      295.913040        0.271325
FIRE:  132 17:02:19      295.913021        0.275311
FIRE:  133 17:02:48      295.913023        0.281132
FIRE:  134 17:03:21      295.913025        0.280808
FIRE:  135 17:03:53      295.913003        0.278969
FIRE:  136 17:04:30      295.912984        0.280578
FIRE:  137 17:05:10      295.912983        0.284980
FIRE:  138 17:05:47      295.912943        0.293898
FIRE:  139 17:06:27      295.912939        0.310355
FIRE:  140 17:07:11      295.912890        0.310769
FIRE:  141 17:07:54      295.912880        0.308198
FIRE:  142 17:08:39      295.912838        0.301139
FIRE:  143 17:09:23      295.912773        0.274658
FIRE:  144 17:10:14      295.912714        0.250686
FIRE:  145 17:11:05      295.912654        0.458714
FIRE:  146 17:11:58      295.912615        1.468088
FIRE:  147 17:12:45      295.912581        0.265841
FIRE:  148 17:13:33      295.912609        1.333346
FIRE:  149 17:14:09      295.912595        1.002186
FIRE:  150 17:14:51      295.912579        0.426473
FIRE:  151 17:15:38      295.912577        0.271950
FIRE:  152 17:15:52      295.912577        0.273709
FIRE:  153 17:16:09      295.912577        0.275040
FIRE:  154 17:16:26      295.912576        0.275023
FIRE:  155 17:16:47      295.912575        0.275182
FIRE:  156 17:17:05      295.912574        0.275365
FIRE:  157 17:17:29      295.912574        0.275707
FIRE:  158 17:17:50      295.912573        0.276341
FIRE:  159 17:18:12      295.912573        0.278245
FIRE:  160 17:18:32      295.912572        0.268880
FIRE:  161 17:18:53      295.912571        0.268516
FIRE:  162 17:19:14      295.912569        0.270279
FIRE:  163 17:19:39      295.912566        0.274290
FIRE:  164 17:20:05      295.912563        0.276686
FIRE:  165 17:20:29      295.912560        0.274841
FIRE:  166 17:20:58      295.912557        0.282559
FIRE:  167 17:21:31      295.912552        0.277227
FIRE:  168 17:22:03      295.912545        0.273621
FIRE:  169 17:22:40      295.912539        0.265894
FIRE:  170 17:23:17      295.912530        0.265281
FIRE:  171 17:23:56      295.912516        0.272364
FIRE:  172 17:24:35      295.912505        0.289010
FIRE:  173 17:25:16      295.912488        0.288656
FIRE:  174 17:26:00      295.912474        0.289799
FIRE:  175 17:26:43      295.912452        0.285022
FIRE:  176 17:27:28      295.912428        0.268280
FIRE:  177 17:28:14      295.912406        0.243456
FIRE:  178 17:29:05      295.912400        0.206146
FIRE:  179 17:29:56      295.912645        0.440027
FIRE:  180 17:30:48      295.915535        1.423066
FIRE:  181 17:31:43      295.912303        0.169070
FIRE:  182 17:32:00      295.912301        0.173015
FIRE:  183 17:32:18      295.912300        0.176128
FIRE:  184 17:32:35      295.912298        0.179240
FIRE:  185 17:32:58      295.912298        0.175447
FIRE:  186 17:33:22      295.912298        0.173687
FIRE:  187 17:33:46      295.912296        0.175496
FIRE:  188 17:34:11      295.912294        0.176352
FIRE:  189 17:34:37      295.912292        0.179145
FIRE:  190 17:35:06      295.912292        0.180615
FIRE:  191 17:35:35      295.912289        0.180367
FIRE:  192 17:36:08      295.912280        0.176152
FIRE:  193 17:36:43      295.912278        0.176232
FIRE:  194 17:37:16      295.912269        0.177981
FIRE:  195 17:37:53      295.912261        0.175654
FIRE:  196 17:38:31      295.912247        0.176136
FIRE:  197 17:39:09      295.912238        0.179989
FIRE:  198 17:39:46      295.912216        0.204220
FIRE:  199 17:40:28      295.912198        0.235252
FIRE:  200 17:41:12      295.912191        0.248491
FIRE:  201 17:41:57      295.912263        0.242515
FIRE:  202 17:42:46      295.913204        0.630867
FIRE:  203 17:43:42      295.922736        1.959355
FIRE:  204 17:44:34      295.912215        0.237023
FIRE:  205 17:44:58      295.912142        0.200896
FIRE:  206 17:45:23      295.912075        0.189663
FIRE:  207 17:45:48      295.912078        0.187483
FIRE:  208 17:46:13      295.912125        0.186794
FIRE:  209 17:46:38      295.912138        0.187144
FIRE:  210 17:47:03      295.912100        0.186848
FIRE:  211 17:47:32      295.912060        0.190211
FIRE:  212 17:48:01      295.912075        0.197596
FIRE:  213 17:48:30      295.912103        0.201201
FIRE:  214 17:49:02      295.912066        0.192381
FIRE:  215 17:49:36      295.912060        0.183862
FIRE:  216 17:50:09      295.912095        0.178077
FIRE:  217 17:50:47      295.912029        0.171060
FIRE:  218 17:51:23      295.912074        0.169977
FIRE:  219 17:52:00      295.912006        0.159085
FIRE:  220 17:52:41      295.912051        0.149460
FIRE:  221 17:53:23      295.912033        0.147479
FIRE:  222 17:54:05      295.911977        0.122628
FIRE:  223 17:54:51      295.911956        0.113738
FIRE:  224 17:55:36      295.912145        0.303213
FIRE:  225 17:56:24      295.914163        0.923813
FIRE:  226 17:57:11      295.911844        0.116461
FIRE:  227 17:57:55      295.913849        0.851355
FIRE:  228 17:58:30      295.912962        0.639256
FIRE:  229 17:59:08      295.912027        0.260100
FIRE:  230 17:59:50      295.911922        0.178091
FIRE:  231 18:00:06      295.911912        0.171795
FIRE:  232 18:00:23      295.911893        0.152000
FIRE:  233 18:00:40      295.911870        0.122827
FIRE:  234 18:00:59      295.911850        0.119567
FIRE:  235 18:01:19      295.911837        0.120208
FIRE:  236 18:01:41      295.911835        0.121133
FIRE:  237 18:01:58      295.911842        0.121943
FIRE:  238 18:02:16      295.911854        0.123591
FIRE:  239 18:02:34      295.911864        0.124671
FIRE:  240 18:02:51      295.911864        0.126305
FIRE:  241 18:03:08      295.911851        0.127817
FIRE:  242 18:03:32      295.911832        0.121012
FIRE:  243 18:03:57      295.911826        0.117615
FIRE:  244 18:04:23      295.911839        0.117277
FIRE:  245 18:04:51      295.911842        0.120318
FIRE:  246 18:05:19      295.911824        0.120643
FIRE:  247 18:05:48      295.911811        0.122304
FIRE:  248 18:06:17      295.911825        0.123868
FIRE:  249 18:06:49      295.911806        0.125085
FIRE:  250 18:07:21      295.911793        0.128669
FIRE:  251 18:07:54      295.911797        0.133127
FIRE:  252 18:08:30      295.911774        0.138470
FIRE:  253 18:09:06      295.911784        0.144476
FIRE:  254 18:09:42      295.911783        0.150149
FIRE:  255 18:10:22      295.911767        0.171185
FIRE:  256 18:11:03      295.911788        0.202665
FIRE:  257 18:11:48      295.911854        0.210469
FIRE:  258 18:12:33      295.912354        0.449406
FIRE:  259 18:13:25      295.915755        1.189363
FIRE:  260 18:14:12      295.911831        0.175607
FIRE:  261 18:14:29      295.911826        0.180847
FIRE:  262 18:14:43      295.911823        0.181809
FIRE:  263 18:15:01      295.911822        0.186698
FIRE:  264 18:15:21      295.911826        0.180256
FIRE:  265 18:15:42      295.911830        0.179639
FIRE:  266 18:16:06      295.911830        0.178258
FIRE:  267 18:16:33      295.911828        0.181770
FIRE:  268 18:17:01      295.911831        0.182194
FIRE:  269 18:17:33      295.911841        0.179601
FIRE:  270 18:18:04      295.911842        0.178043
FIRE:  271 18:18:40      295.911835        0.171998
FIRE:  272 18:19:15      295.911847        0.166223
FIRE:  273 18:19:51      295.911846        0.161390
FIRE:  274 18:20:30      295.911863        0.162330
FIRE:  275 18:21:10      295.911852        0.154792
FIRE:  276 18:21:50      295.911880        0.143619
FIRE:  277 18:22:30      295.911876        0.129671
FIRE:  278 18:23:13      295.911855        0.113480
FIRE:  279 18:23:56      295.911842        0.098080
FIRE:  280 18:24:43      295.911898        0.227934
FIRE:  281 18:25:32      295.912628        0.699543
FIRE:  282 18:26:16      295.911678        0.085184
FIRE:  283 18:27:00      295.912377        0.612409
FIRE:  284 18:27:29      295.912073        0.469815
FIRE:  285 18:28:03      295.911733        0.202691
FIRE:  286 18:28:44      295.911650        0.091055
FIRE:  287 18:28:59      295.911648        0.088161
FIRE:  288 18:29:14      295.911644        0.085296
FIRE:  289 18:29:28      295.911638        0.085472
FIRE:  290 18:29:42      295.911633        0.085792
FIRE:  291 18:29:56      295.911627        0.086297
FIRE:  292 18:30:14      295.911622        0.086846
FIRE:  293 18:30:31      295.911619        0.087522
FIRE:  294 18:30:49      295.911615        0.088507
FIRE:  295 18:31:06      295.911610        0.089252
FIRE:  296 18:31:23      295.911601        0.089234
FIRE:  297 18:31:40      295.911587        0.092145
FIRE:  298 18:32:01      295.911568        0.092828
FIRE:  299 18:32:22      295.911547        0.094465
FIRE:  300 18:32:45      295.911524        0.095366
FIRE:  301 18:33:10      295.911497        0.094996
FIRE:  302 18:33:40      295.911456        0.088302
FIRE:  303 18:34:09      295.911402        0.088708
FIRE:  304 18:34:39      295.911344        0.087021
FIRE:  305 18:35:09      295.911268        0.086181
FIRE:  306 18:35:42      295.911167        0.085846
FIRE:  307 18:36:16      295.911054        0.087706
FIRE:  308 18:36:53      295.910903        0.090257
FIRE:  309 18:37:30      295.910729        0.088415
FIRE:  310 18:38:08      295.910492        0.079363
