      Step     Time          Energy          fmax
FIRE:    0 16:16:50      305.143963       32.535211
FIRE:    1 16:19:37      301.633868       12.235666
FIRE:    2 16:22:21      300.660867        5.906374
FIRE:    3 16:24:54      300.331997        3.136946
FIRE:    4 16:27:24      300.300880        1.996829
FIRE:    5 16:29:12      300.289783        1.898763
FIRE:    6 16:31:16      300.273985        1.776938
FIRE:    7 16:33:34      300.260886        1.708782
FIRE:    8 16:35:46      300.252025        1.612348
FIRE:    9 16:37:45      300.242451        1.509246
FIRE:   10 16:39:41      300.228499        1.404293
FIRE:   11 16:41:38      300.212784        1.309242
FIRE:   12 16:43:43      300.198628        1.358677
FIRE:   13 16:45:51      300.185514        1.537736
FIRE:   14 16:47:57      300.167623        1.431383
FIRE:   15 16:50:15      300.146180        1.189812
FIRE:   16 16:52:52      300.122460        1.241738
FIRE:   17 16:55:10      300.091786        1.099024
FIRE:   18 16:57:25      300.063426        1.162305
FIRE:   19 16:59:40      300.035660        1.078038
FIRE:   20 17:02:11      300.006666        0.977575
FIRE:   21 17:04:29      299.981839        0.821349
FIRE:   22 17:06:33      299.953999        0.819373
FIRE:   23 17:08:41      299.923934        0.907553
FIRE:   24 17:10:44      299.888721        0.938770
FIRE:   25 17:12:59      299.854002        1.153894
FIRE:   26 17:15:18      299.820249        2.809089
FIRE:   27 17:17:43      299.801889        5.565051
FIRE:   28 17:20:28      299.933272       14.573707
FIRE:   29 17:22:57      299.771730        1.447943
FIRE:   30 17:25:16      299.885292       11.978040
FIRE:   31 17:27:06      299.838586        9.278632
FIRE:   32 17:28:59      299.784074        4.677192
FIRE:   33 17:30:57      299.765789        1.286513
FIRE:   34 17:31:39      299.765614        1.266568
FIRE:   35 17:32:49      299.765286        1.189786
FIRE:   36 17:33:59      299.764842        1.082112
FIRE:   37 17:35:10      299.764329        0.944112
FIRE:   38 17:36:18      299.763790        0.800317
FIRE:   39 17:37:32      299.763257        0.798823
FIRE:   40 17:38:52      299.762737        0.797369
FIRE:   41 17:40:15      299.762156        0.795985
FIRE:   42 17:41:36      299.761463        0.794753
FIRE:   43 17:42:58      299.760581        0.791424
FIRE:   44 17:44:20      299.759438        0.781285
FIRE:   45 17:45:52      299.758002        0.776510
FIRE:   46 17:47:14      299.756290        0.761399
FIRE:   47 17:48:23      299.754281        0.747682
FIRE:   48 17:49:53      299.751802        0.734458
FIRE:   49 17:51:23      299.748609        0.705689
FIRE:   50 17:52:59      299.744666        0.675768
FIRE:   51 17:54:30      299.740073        0.627197
FIRE:   52 17:56:01      299.734463        0.565527
FIRE:   53 17:57:32      299.727412        0.482125
FIRE:   54 17:59:05      299.718886        0.385822
FIRE:   55 18:00:40      299.708236        0.296430
FIRE:   56 18:02:20      299.695195        0.469662
FIRE:   57 18:03:56      299.678645        0.325990
FIRE:   58 18:05:42      299.657772        0.378129
FIRE:   59 18:07:32      299.631303        0.503039
FIRE:   60 18:09:27      299.597685        0.415365
FIRE:   61 18:11:21      299.556342        0.729416
FIRE:   62 18:13:25      299.507762        1.697518
FIRE:   63 18:15:35      299.470967        4.806560
FIRE:   64 18:17:42      299.442715        0.586407
FIRE:   65 18:18:48      299.442299        0.560266
FIRE:   66 18:19:57      299.441663        0.554221
FIRE:   67 18:21:07      299.440956        0.545390
FIRE:   68 18:22:15      299.440143        0.534648
FIRE:   69 18:23:25      299.439082        0.524902
FIRE:   70 18:24:33      299.437737        0.507529
FIRE:   71 18:25:44      299.436223        0.491441
FIRE:   72 18:26:52      299.434442        0.472706
FIRE:   73 18:28:07      299.432226        0.447666
FIRE:   74 18:29:27      299.429376        0.436486
FIRE:   75 18:30:46      299.426022        0.402790
FIRE:   76 18:32:07      299.422035        0.385440
FIRE:   77 18:33:34      299.417101        0.354953
FIRE:   78 18:35:12      299.411313        0.313720
FIRE:   79 18:36:44      299.404369        0.288370
FIRE:   80 18:38:16      299.396338        0.290737
FIRE:   81 18:39:47      299.387109        0.308320
FIRE:   82 18:41:18      299.376803        0.428694
FIRE:   83 18:42:55      299.365392        0.578251
FIRE:   84 18:44:44      299.353332        1.382299
FIRE:   85 18:46:40      299.343683        3.383722
FIRE:   86 18:48:24      299.338050        0.477211
FIRE:   87 18:50:11      299.341775        3.172493
FIRE:   88 18:51:28      299.339763        2.396618
FIRE:   89 18:53:01      299.337571        1.020003
FIRE:   90 18:54:41      299.337099        0.626346
FIRE:   91 18:55:14      299.337057        0.607189
FIRE:   92 18:55:54      299.336996        0.532004
FIRE:   93 18:56:43      299.336884        0.454685
FIRE:   94 18:57:36      299.336796        0.453634
FIRE:   95 18:58:32      299.336690        0.452394
FIRE:   96 18:59:22      299.336594        0.451980
FIRE:   97 19:00:14      299.336497        0.452418
FIRE:   98 19:01:07      299.336377        0.447432
FIRE:   99 19:01:56      299.336219        0.445655
FIRE:  100 19:02:53      299.336000        0.445090
FIRE:  101 19:03:41      299.337684        1.195893
FIRE:  102 19:04:43      299.341695        1.220953
FIRE:  103 19:05:45      299.348661        1.233691
FIRE:  104 19:06:53      299.359376        1.257649
FIRE:  105 19:08:05      299.374783        1.287451
FIRE:  106 19:09:18      299.396010        1.327779
FIRE:  107 19:10:41      299.424464        1.378395
FIRE:  108 19:12:05      299.461638        1.431377
FIRE:  109 19:13:31      299.508494        1.467619
FIRE:  110 19:14:54      299.565098        1.490195
FIRE:  111 19:16:42      299.630393        1.429103
FIRE:  112 19:18:39      299.701762        1.282127
FIRE:  113 19:20:16      299.777429        1.038213
FIRE:  114 19:22:25      299.857307        0.791694
FIRE:  115 19:24:34      299.939852        0.643644
FIRE:  116 19:26:26      300.017138        0.619987
FIRE:  117 19:28:16      300.083717        0.572432
FIRE:  118 19:30:14      300.141240        1.080344
FIRE:  119 19:32:24      300.186244        4.081484
FIRE:  120 19:34:21      300.183123        0.602824
FIRE:  121 19:35:14      300.182582        0.586692
FIRE:  122 19:36:13      300.181512        0.559572
FIRE:  123 19:37:15      300.179963        0.528914
FIRE:  124 19:38:15      300.177989        0.507097
FIRE:  125 19:39:25      300.175670        0.471757
FIRE:  126 19:40:31      300.173108        0.434603
FIRE:  127 19:41:45      300.170414        0.404873
FIRE:  128 19:42:56      300.167427        0.412082
FIRE:  129 19:44:06      300.164326        0.435130
FIRE:  130 19:45:21      300.161418        0.451671
FIRE:  131 19:46:40      300.159125        0.478787
FIRE:  132 19:48:07      300.157907        0.523430
FIRE:  133 19:49:35      300.158127        0.546451
FIRE:  134 19:51:04      300.159793        0.548388
FIRE:  135 19:52:43      300.162363        0.530048
FIRE:  136 19:54:18      300.164805        0.500801
FIRE:  137 19:55:55      300.166153        0.448942
FIRE:  138 19:57:29      300.166385        0.381306
FIRE:  139 19:59:08      300.167003        0.315440
FIRE:  140 20:00:56      300.170011        0.346378
FIRE:  141 20:02:48      300.175167        0.693786
FIRE:  142 20:04:47      300.180366        2.792982
FIRE:  143 20:06:29      300.179048        0.432830
FIRE:  144 20:07:17      300.178932        0.437747
FIRE:  145 20:08:21      300.178722        0.423261
FIRE:  146 20:09:24      300.178431        0.428035
FIRE:  147 20:10:31      300.178079        0.422990
FIRE:  148 20:11:30      300.177681        0.420679
FIRE:  149 20:12:36      300.177259        0.419676
FIRE:  150 20:13:37      300.176850        0.417772
FIRE:  151 20:14:45      300.176452        0.410292
FIRE:  152 20:15:56      300.176105        0.408521
FIRE:  153 20:17:05      300.175855        0.408281
FIRE:  154 20:18:21      300.175794        0.401520
FIRE:  155 20:19:37      300.175974        0.385931
FIRE:  156 20:20:53      300.176380        0.355721
FIRE:  157 20:22:22      300.176981        0.318069
FIRE:  158 20:23:56      300.177602        0.289362
FIRE:  159 20:25:25      300.178134        0.263494
FIRE:  160 20:27:09      300.178538        0.238398
FIRE:  161 20:28:57      300.178950        0.301490
FIRE:  162 20:30:56      300.179632        0.497018
FIRE:  163 20:32:50      300.180745        0.975592
FIRE:  164 20:34:09      300.180381        0.232532
FIRE:  165 20:35:33      300.180566        0.786286
FIRE:  166 20:36:24      300.180474        0.623465
FIRE:  167 20:37:32      300.180362        0.317510
FIRE:  168 20:38:46      300.180314        0.215004
FIRE:  169 20:40:01      300.180346        0.354295
FIRE:  170 20:40:34      300.180343        0.344414
FIRE:  171 20:41:12      300.180332        0.311525
FIRE:  172 20:41:51      300.180322        0.244109
FIRE:  173 20:42:39      300.180309        0.210385
FIRE:  174 20:43:24      300.180301        0.214271
FIRE:  175 20:44:09      300.180298        0.209118
FIRE:  176 20:44:54      300.180296        0.206618
FIRE:  177 20:45:42      300.180304        0.203698
FIRE:  178 20:46:30      300.180306        0.201317
FIRE:  179 20:47:09      300.180315        0.204587
FIRE:  180 20:47:56      300.180306        0.196348
FIRE:  181 20:48:47      300.180302        0.193189
FIRE:  182 20:49:43      300.180287        0.188413
FIRE:  183 20:50:36      300.180293        0.183082
FIRE:  184 20:51:31      300.180311        0.177885
FIRE:  185 20:52:23      300.180331        0.174370
FIRE:  186 20:53:19      300.180343        0.166398
FIRE:  187 20:54:12      300.180371        0.157346
FIRE:  188 20:55:09      300.180437        0.150550
FIRE:  189 20:56:02      300.180491        0.140585
FIRE:  190 20:57:04      300.180561        0.133365
FIRE:  191 20:58:06      300.180660        0.124436
FIRE:  192 20:59:08      300.180747        0.116845
FIRE:  193 21:00:17      300.180865        0.109276
FIRE:  194 21:01:26      300.180974        0.118846
FIRE:  195 21:02:38      300.181078        0.095406
FIRE:  196 21:03:51      300.181200        0.122807
FIRE:  197 21:05:07      300.181333        0.386221
FIRE:  198 21:06:39      300.181567        0.892149
FIRE:  199 21:08:00      300.181376        0.101685
FIRE:  200 21:09:19      300.181475        0.738329
FIRE:  201 21:10:11      300.181427        0.580539
FIRE:  202 21:11:18      300.181371        0.284982
FIRE:  203 21:12:26      300.181355        0.065614
