      Step     Time          Energy          fmax
FIRE:    0 14:28:00      307.588327       59.474794
FIRE:    1 14:29:31      301.222394       21.438245
FIRE:    2 14:30:46      299.254007        9.093244
FIRE:    3 14:32:07      298.884570       11.740222
FIRE:    4 14:33:30      298.761171       12.742905
FIRE:    5 14:34:46      298.503164        9.510682
FIRE:    6 14:35:58      298.207980        5.552352
FIRE:    7 14:37:19      298.016139        4.144055
FIRE:    8 14:38:45      297.973643        3.646468
FIRE:    9 14:39:36      297.915749        3.560753
FIRE:   10 14:40:39      297.804508        3.422769
FIRE:   11 14:41:43      297.648408        3.191543
FIRE:   12 14:42:51      297.462917        2.750866
FIRE:   13 14:44:08      297.288806        2.146170
FIRE:   14 14:45:29      297.203523        1.596038
FIRE:   15 14:46:42      297.119381        1.321562
FIRE:   16 14:47:56      297.035227        1.346814
FIRE:   17 14:49:14      297.025354        2.203937
FIRE:   18 14:49:47      297.017292        2.074733
FIRE:   19 14:50:31      297.003092        1.837032
FIRE:   20 14:51:16      296.985628        1.523966
FIRE:   21 14:52:01      296.967934        1.175121
FIRE:   22 14:52:53      296.952192        0.981095
FIRE:   23 14:53:44      296.939369        0.922592
FIRE:   24 14:54:35      296.929225        0.831074
FIRE:   25 14:55:28      296.920274        0.762492
FIRE:   26 14:56:20      296.912172        0.834337
FIRE:   27 14:57:13      296.904301        0.859452
FIRE:   28 14:58:05      296.895521        0.856075
FIRE:   29 14:59:05      296.883635        0.875693
FIRE:   30 15:00:02      296.865123        0.989823
FIRE:   31 15:00:59      296.835720        1.048359
FIRE:   32 15:01:59      296.791423        1.018895
FIRE:   33 15:03:00      296.729029        1.060351
FIRE:   34 15:04:06      296.642766        1.126286
FIRE:   35 15:05:17      296.516881        1.275164
FIRE:   36 15:06:32      296.363494        1.388906
FIRE:   37 15:07:43      296.246787        1.312328
FIRE:   38 15:08:57      296.099902        1.397328
FIRE:   39 15:10:05      295.938081        1.594891
FIRE:   40 15:11:20      295.940687        2.299243
FIRE:   41 15:12:11      295.938778        1.797562
FIRE:   42 15:13:00      295.935788        1.015853
FIRE:   43 15:14:03      295.932507        0.658838
FIRE:   44 15:14:59      295.929405        0.952544
FIRE:   45 15:15:49      295.926673        1.139285
FIRE:   46 15:16:41      295.924402        1.058529
FIRE:   47 15:17:31      295.922882        0.970352
FIRE:   48 15:18:27      295.922274        0.879722
FIRE:   49 15:19:27      295.922856        1.135578
FIRE:   50 15:20:24      295.924041        1.252717
FIRE:   51 15:21:23      295.924462        1.320020
FIRE:   52 15:22:27      295.923660        2.207768
FIRE:   53 15:23:39      295.927879        6.480300
FIRE:   54 15:24:53      295.920761        1.651754
FIRE:   55 15:25:38      295.920462        1.180294
FIRE:   56 15:26:26      295.920139        1.185474
FIRE:   57 15:27:14      295.920008        1.188889
FIRE:   58 15:28:02      295.919938        1.191751
FIRE:   59 15:28:49      295.919681        1.191937
FIRE:   60 15:29:37      295.919238        1.177742
FIRE:   61 15:30:25      295.918858        1.175608
FIRE:   62 15:31:13      295.918612        1.160568
FIRE:   63 15:32:05      295.918248        1.134434
FIRE:   64 15:32:59      295.917723        1.065871
FIRE:   65 15:33:55      295.917428        0.939236
FIRE:   66 15:34:43      295.917038        0.720609
FIRE:   67 15:35:43      295.916748        0.681030
FIRE:   68 15:36:42      295.916517        0.720729
FIRE:   69 15:37:10      295.916491        0.693759
FIRE:   70 15:37:47      295.916463        0.659066
FIRE:   71 15:38:24      295.916454        0.612234
FIRE:   72 15:39:01      295.916452        0.550144
FIRE:   73 15:39:43      295.916425        0.481951
FIRE:   74 15:40:28      295.916374        0.421312
FIRE:   75 15:41:12      295.916331        0.353733
FIRE:   76 15:41:57      295.916298        0.364247
FIRE:   77 15:42:42      295.916239        0.359253
FIRE:   78 15:43:26      295.916155        0.366651
FIRE:   79 15:44:11      295.916084        0.400517
FIRE:   80 15:44:56      295.915972        0.377984
FIRE:   81 15:45:40      295.915851        0.334789
FIRE:   82 15:46:25      295.915709        0.323917
FIRE:   83 15:47:14      295.915550        0.346603
FIRE:   84 15:48:06      295.915347        0.293891
FIRE:   85 15:48:58      295.915130        0.297818
FIRE:   86 15:49:54      295.914915        0.415086
FIRE:   87 15:50:55      295.914764        0.852563
FIRE:   88 15:51:55      295.915042        1.416571
FIRE:   89 15:52:44      295.914294        0.399470
FIRE:   90 15:53:33      295.914770        1.312993
FIRE:   91 15:54:03      295.914572        1.059388
FIRE:   92 15:54:43      295.914339        0.572477
FIRE:   93 15:55:31      295.914262        0.388566
FIRE:   94 15:56:15      295.914367        0.523184
FIRE:   95 15:56:33      295.914354        0.515994
FIRE:   96 15:56:57      295.914331        0.484589
FIRE:   97 15:57:22      295.914302        0.455129
FIRE:   98 15:57:50      295.914274        0.427094
FIRE:   99 15:58:23      295.914253        0.394437
FIRE:  100 15:58:52      295.914242        0.375185
FIRE:  101 15:59:22      295.914243        0.365796
FIRE:  102 15:59:46      295.914250        0.361153
FIRE:  103 16:00:13      295.914260        0.366183
FIRE:  104 16:00:41      295.914263        0.399418
FIRE:  105 16:01:06      295.914252        0.383474
FIRE:  106 16:01:36      295.914226        0.355990
FIRE:  107 16:02:06      295.914199        0.361971
FIRE:  108 16:02:41      295.914191        0.376514
FIRE:  109 16:03:14      295.914193        0.396252
FIRE:  110 16:03:46      295.914173        0.392895
FIRE:  111 16:04:25      295.914131        0.361972
FIRE:  112 16:05:04      295.914104        0.339889
FIRE:  113 16:05:41      295.914084        0.336086
FIRE:  114 16:06:19      295.914029        0.325564
FIRE:  115 16:07:01      295.913990        0.349645
FIRE:  116 16:07:43      295.913935        0.343350
FIRE:  117 16:08:28      295.913865        0.317075
FIRE:  118 16:09:09      295.913784        0.326144
FIRE:  119 16:09:51      295.913714        0.368648
FIRE:  120 16:10:37      295.913603        0.381725
FIRE:  121 16:11:24      295.913489        0.397100
FIRE:  122 16:12:17      295.913392        0.360179
FIRE:  123 16:13:12      295.913643        0.454185
FIRE:  124 16:14:08      295.918212        1.648629
FIRE:  125 16:15:00      295.913140        0.269822
FIRE:  126 16:15:18      295.913112        0.274864
FIRE:  127 16:15:44      295.913084        0.266025
FIRE:  128 16:16:14      295.913084        0.269664
FIRE:  129 16:16:44      295.913101        0.269645
FIRE:  130 16:17:13      295.913103        0.270619
FIRE:  131 16:17:40      295.913088        0.271434
FIRE:  132 16:18:11      295.913071        0.275355
FIRE:  133 16:18:41      295.913076        0.281162
FIRE:  134 16:19:13      295.913085        0.280700
FIRE:  135 16:19:48      295.913067        0.278874
FIRE:  136 16:20:26      295.913052        0.280577
FIRE:  137 16:21:07      295.913061        0.284953
FIRE:  138 16:21:46      295.913030        0.293931
FIRE:  139 16:22:27      295.913045        0.310312
FIRE:  140 16:23:11      295.913013        0.310782
FIRE:  141 16:23:55      295.913034        0.308254
FIRE:  142 16:24:43      295.913022        0.301111
FIRE:  143 16:25:27      295.913010        0.274796
FIRE:  144 16:26:21      295.913021        0.250531
FIRE:  145 16:27:13      295.913072        0.431702
FIRE:  146 16:28:07      295.913385        1.418970
FIRE:  147 16:29:13      295.915932        4.576049
FIRE:  148 16:30:20      295.913313        0.919110
FIRE:  149 16:30:55      295.913257        0.653126
FIRE:  150 16:31:37      295.913206        0.287661
FIRE:  151 16:32:19      295.913217        0.330319
FIRE:  152 16:32:32      295.913215        0.320349
FIRE:  153 16:32:51      295.913213        0.289434
FIRE:  154 16:33:07      295.913210        0.291399
FIRE:  155 16:33:35      295.913208        0.292386
FIRE:  156 16:34:07      295.913208        0.295479
FIRE:  157 16:34:36      295.913210        0.296965
FIRE:  158 16:35:04      295.913214        0.297354
FIRE:  159 16:35:30      295.913219        0.299898
FIRE:  160 16:35:54      295.913223        0.293443
FIRE:  161 16:36:19      295.913224        0.292307
FIRE:  162 16:36:51      295.913225        0.289079
FIRE:  163 16:37:19      295.913228        0.286671
FIRE:  164 16:37:49      295.913236        0.290217
FIRE:  165 16:38:20      295.913247        0.290752
FIRE:  166 16:38:50      295.913254        0.291968
FIRE:  167 16:39:23      295.913257        0.294486
FIRE:  168 16:39:59      295.913275        0.290098
FIRE:  169 16:40:37      295.913291        0.283871
FIRE:  170 16:41:19      295.913305        0.285902
FIRE:  171 16:42:01      295.913335        0.280818
FIRE:  172 16:42:43      295.913360        0.276151
FIRE:  173 16:43:30      295.913406        0.266626
FIRE:  174 16:44:15      295.913440        0.244763
FIRE:  175 16:45:04      295.913484        0.220634
FIRE:  176 16:45:51      295.913562        0.203153
FIRE:  177 16:46:43      295.913742        0.217679
FIRE:  178 16:47:36      295.915076        0.715789
FIRE:  179 16:48:32      295.924022        1.923669
FIRE:  180 16:49:25      295.913732        0.186748
FIRE:  181 16:49:43      295.913726        0.188991
FIRE:  182 16:49:59      295.913719        0.192295
FIRE:  183 16:50:19      295.913714        0.194428
FIRE:  184 16:50:41      295.913715        0.189141
FIRE:  185 16:51:05      295.913715        0.186715
FIRE:  186 16:51:29      295.913712        0.188537
FIRE:  187 16:51:55      295.913706        0.190111
FIRE:  188 16:52:20      295.913703        0.192855
FIRE:  189 16:52:52      295.913701        0.199064
FIRE:  190 16:53:21      295.913688        0.201292
FIRE:  191 16:53:56      295.913669        0.196326
FIRE:  192 16:54:30      295.913653        0.195966
FIRE:  193 16:55:05      295.913616        0.197760
FIRE:  194 16:55:43      295.913566        0.202201
FIRE:  195 16:56:22      295.913474        0.215909
FIRE:  196 16:57:03      295.913348        0.240933
FIRE:  197 16:57:45      295.913155        0.247132
FIRE:  198 16:58:32      295.912915        0.242135
FIRE:  199 16:59:19      295.912622        0.231134
FIRE:  200 17:00:05      295.912406        0.339777
FIRE:  201 17:00:57      295.913964        0.929313
FIRE:  202 17:02:00      295.932204        2.796737
FIRE:  203 17:02:50      295.910971        0.293992
FIRE:  204 17:03:14      295.910831        0.212031
FIRE:  205 17:03:44      295.910684        0.151787
FIRE:  206 17:04:16      295.910658        0.156222
FIRE:  207 17:04:53      295.910709        0.215014
FIRE:  208 17:05:22      295.910705        0.241288
FIRE:  209 17:05:53      295.910607        0.192164
FIRE:  210 17:06:22      295.910493        0.146102
FIRE:  211 17:06:52      295.910456        0.148640
FIRE:  212 17:07:22      295.910437        0.157658
FIRE:  213 17:07:52      295.910294        0.146743
FIRE:  214 17:08:27      295.910139        0.145068
FIRE:  215 17:09:01      295.910061        0.183660
FIRE:  216 17:09:36      295.909818        0.139360
FIRE:  217 17:10:15      295.909643        0.135058
FIRE:  218 17:10:54      295.909313        0.130716
FIRE:  219 17:11:32      295.909065        0.207631
FIRE:  220 17:12:12      295.908584        0.118087
FIRE:  221 17:12:54      295.908049        0.119100
FIRE:  222 17:13:36      295.907443        0.129219
FIRE:  223 17:14:20      295.906864        0.407557
FIRE:  224 17:15:11      295.907361        1.156919
FIRE:  225 17:15:53      295.905810        0.132728
FIRE:  226 17:16:38      295.906979        1.051594
FIRE:  227 17:17:14      295.906429        0.783604
FIRE:  228 17:17:56      295.905843        0.318586
FIRE:  229 17:18:36      295.905762        0.220667
FIRE:  230 17:18:54      295.905754        0.213251
FIRE:  231 17:19:11      295.905739        0.189290
FIRE:  232 17:19:30      295.905720        0.153181
FIRE:  233 17:19:46      295.905702        0.136405
FIRE:  234 17:20:08      295.905686        0.137765
FIRE:  235 17:20:25      295.905675        0.140111
FIRE:  236 17:20:52      295.905668        0.140799
FIRE:  237 17:21:09      295.905662        0.143882
FIRE:  238 17:21:26      295.905651        0.145513
FIRE:  239 17:21:45      295.905631        0.147978
FIRE:  240 17:22:06      295.905597        0.141914
FIRE:  241 17:22:31      295.905553        0.140041
FIRE:  242 17:22:57      295.905510        0.138231
FIRE:  243 17:23:29      295.905468        0.141020
FIRE:  244 17:23:58      295.905412        0.141602
FIRE:  245 17:24:27      295.905328        0.143932
FIRE:  246 17:24:57      295.905226        0.147145
FIRE:  247 17:25:31      295.905121        0.150306
FIRE:  248 17:26:05      295.904983        0.153546
FIRE:  249 17:26:40      295.904814        0.154893
FIRE:  250 17:27:18      295.904626        0.155230
FIRE:  251 17:27:55      295.904373        0.161319
FIRE:  252 17:28:34      295.904096        0.171884
FIRE:  253 17:29:17      295.903750        0.202156
FIRE:  254 17:30:02      295.903357        0.206458
FIRE:  255 17:30:49      295.902920        0.206742
FIRE:  256 17:31:35      295.902453        0.230879
FIRE:  257 17:32:24      295.902145        0.605750
FIRE:  258 17:33:17      295.903376        1.601670
FIRE:  259 17:34:06      295.901273        0.136784
FIRE:  260 17:34:20      295.901269        0.140095
FIRE:  261 17:34:41      295.901260        0.142264
FIRE:  262 17:35:00      295.901251        0.145304
FIRE:  263 17:35:18      295.901240        0.147264
FIRE:  264 17:35:39      295.901226        0.140274
FIRE:  265 17:36:04      295.901206        0.137312
FIRE:  266 17:36:32      295.901179        0.139933
FIRE:  267 17:37:02      295.901151        0.139983
FIRE:  268 17:37:30      295.901118        0.139752
FIRE:  269 17:38:04      295.901073        0.136244
FIRE:  270 17:38:38      295.901018        0.134125
FIRE:  271 17:39:15      295.900962        0.127744
FIRE:  272 17:39:52      295.900887        0.123163
FIRE:  273 17:40:30      295.900808        0.119010
FIRE:  274 17:41:12      295.900720        0.118917
FIRE:  275 17:41:53      295.900633        0.111093
FIRE:  276 17:42:35      295.900540        0.102160
FIRE:  277 17:43:19      295.900461        0.089050
FIRE:  278 17:44:05      295.900420        0.128353
FIRE:  279 17:44:55      295.900450        0.364975
FIRE:  280 17:45:44      295.900591        1.006060
FIRE:  281 17:46:27      295.900587        0.091843
FIRE:  282 17:47:10      295.900635        0.874852
FIRE:  283 17:47:46      295.900624        0.669839
FIRE:  284 17:48:25      295.900614        0.304065
FIRE:  285 17:49:04      295.900619        0.129933
FIRE:  286 17:49:19      295.900621        0.126380
FIRE:  287 17:49:34      295.900622        0.113373
FIRE:  288 17:49:48      295.900623        0.094586
FIRE:  289 17:50:05      295.900625        0.093480
FIRE:  290 17:50:23      295.900628        0.093108
FIRE:  291 17:50:39      295.900631        0.092738
FIRE:  292 17:50:58      295.900635        0.092412
FIRE:  293 17:51:15      295.900641        0.092325
FIRE:  294 17:51:32      295.900647        0.092332
FIRE:  295 17:51:51      295.900656        0.092506
FIRE:  296 17:52:08      295.900665        0.092761
FIRE:  297 17:52:31      295.900677        0.093164
FIRE:  298 17:52:56      295.900692        0.093880
FIRE:  299 17:53:21      295.900710        0.092636
FIRE:  300 17:53:47      295.900733        0.092385
FIRE:  301 17:54:17      295.900761        0.091784
FIRE:  302 17:54:47      295.900796        0.090164
FIRE:  303 17:55:18      295.900845        0.088642
FIRE:  304 17:55:48      295.900910        0.087530
FIRE:  305 17:56:22      295.900991        0.086592
FIRE:  306 17:56:56      295.901100        0.088306
FIRE:  307 17:57:33      295.901244        0.087718
FIRE:  308 17:58:12      295.901438        0.082292
FIRE:  309 17:58:51      295.901697        0.084036
FIRE:  310 17:59:33      295.902052        0.083413
FIRE:  311 18:00:17      295.902547        0.097424
FIRE:  312 18:01:00      295.903239        0.200931
FIRE:  313 18:01:45      295.904207        0.441641
FIRE:  314 18:02:32      295.905674        1.093876
FIRE:  315 18:03:17      295.905457        0.099793
FIRE:  316 18:04:02      295.905783        0.972062
FIRE:  317 18:04:37      295.905705        0.734659
FIRE:  318 18:05:17      295.905631        0.313462
FIRE:  319 18:05:58      295.905652        0.177287
FIRE:  320 18:06:13      295.905655        0.171853
FIRE:  321 18:06:27      295.905660        0.153731
FIRE:  322 18:06:42      295.905667        0.126810
FIRE:  323 18:06:59      295.905678        0.098929
FIRE:  324 18:07:16      295.905692        0.099541
FIRE:  325 18:07:37      295.905710        0.100309
FIRE:  326 18:07:55      295.905731        0.101060
FIRE:  327 18:08:11      295.905759        0.102314
FIRE:  328 18:08:30      295.905794        0.104192
FIRE:  329 18:08:49      295.905835        0.105399
FIRE:  330 18:09:06      295.905885        0.107520
FIRE:  331 18:09:30      295.905946        0.109607
FIRE:  332 18:09:54      295.906022        0.103774
FIRE:  333 18:10:19      295.906119        0.101670
FIRE:  334 18:10:45      295.906242        0.102476
FIRE:  335 18:11:13      295.906393        0.104383
FIRE:  336 18:11:43      295.906583        0.109743
FIRE:  337 18:12:13      295.906821        0.114420
FIRE:  338 18:12:44      295.907115        0.118878
FIRE:  339 18:13:15      295.907478        0.124388
FIRE:  340 18:13:49      295.907933        0.130825
FIRE:  341 18:14:28      295.908499        0.145769
FIRE:  342 18:15:06      295.909215        0.151714
FIRE:  343 18:15:45      295.910105        0.147754
FIRE:  344 18:16:25      295.911226        0.147351
FIRE:  345 18:17:07      295.912638        0.148037
FIRE:  346 18:17:52      295.914344        0.262527
FIRE:  347 18:18:40      295.916378        0.614260
FIRE:  348 18:19:30      295.918669        1.579443
FIRE:  349 18:20:15      295.918255        0.149229
FIRE:  350 18:21:03      295.918637        1.416971
FIRE:  351 18:21:48      295.918479        1.058213
FIRE:  352 18:22:33      295.918312        0.434350
FIRE:  353 18:23:18      295.918296        0.297852
FIRE:  354 18:23:32      295.918295        0.286569
FIRE:  355 18:23:50      295.918292        0.254780
FIRE:  356 18:24:07      295.918288        0.206805
FIRE:  357 18:24:32      295.918285        0.147174
FIRE:  358 18:24:57      295.918284        0.146380
FIRE:  359 18:25:23      295.918284        0.146138
FIRE:  360 18:25:48      295.918285        0.146238
FIRE:  361 18:26:12      295.918287        0.146922
FIRE:  362 18:26:29      295.918288        0.147588
FIRE:  363 18:26:52      295.918286        0.154604
FIRE:  364 18:27:17      295.918281        0.146646
FIRE:  365 18:27:42      295.918276        0.144933
FIRE:  366 18:28:11      295.918271        0.143355
FIRE:  367 18:28:41      295.918268        0.142917
FIRE:  368 18:29:11      295.918260        0.142210
FIRE:  369 18:29:41      295.918242        0.139940
FIRE:  370 18:30:12      295.918215        0.138427
FIRE:  371 18:30:43      295.918173        0.138593
FIRE:  372 18:31:17      295.918098        0.135959
FIRE:  373 18:31:55      295.917973        0.134289
FIRE:  374 18:32:32      295.917758        0.132740
FIRE:  375 18:33:10      295.917420        0.128579
FIRE:  376 18:33:46      295.916943        0.122541
FIRE:  377 18:34:27      295.916256        0.115520
FIRE:  378 18:35:08      295.915340        0.103062
FIRE:  379 18:35:53      295.914183        0.089255
FIRE:  380 18:36:37      295.912721        0.077885
