      Step     Time          Energy          fmax
FIRE:    0 17:46:13      296.316175        6.673459
FIRE:    1 17:51:37      296.454722       10.686562
FIRE:    2 17:55:50      296.159809        3.636223
FIRE:    3 17:59:56      296.177508        5.164640
FIRE:    4 18:02:24      296.151553        4.348256
FIRE:    5 18:05:17      296.123571        2.850823
FIRE:    6 18:08:37      296.116653        1.503954
FIRE:    7 18:11:37      296.111821        1.491668
FIRE:    8 18:14:27      296.107959        2.631400
FIRE:    9 18:17:40      296.102568        3.456196
FIRE:   10 18:20:43      296.094314        3.397168
FIRE:   11 18:23:59      296.082706        2.365708
FIRE:   12 18:27:14      296.070056        1.412435
FIRE:   13 18:30:30      296.058492        1.657902
FIRE:   14 18:33:59      296.045510        2.702788
FIRE:   15 18:37:30      296.027762        1.842693
FIRE:   16 18:41:17      296.009153        1.321004
FIRE:   17 18:44:54      295.992892        2.399442
FIRE:   18 18:48:41      295.973813        1.424792
FIRE:   19 18:52:53      295.958555        1.591954
FIRE:   20 18:56:49      295.945065        1.662956
FIRE:   21 19:01:01      295.938032        1.985658
FIRE:   22 19:04:01      295.937909        1.371277
FIRE:   23 19:07:20      295.937718        1.145215
FIRE:   24 19:11:01      295.937492        1.142197
FIRE:   25 19:14:09      295.937200        1.171040
FIRE:   26 19:17:11      295.936813        1.120290
FIRE:   27 19:20:57      295.936358        1.117622
FIRE:   28 19:24:11      295.935893        1.105004
FIRE:   29 19:27:24      295.935356        1.214647
FIRE:   30 19:30:54      295.934699        1.065696
FIRE:   31 19:34:37      295.933969        1.027615
FIRE:   32 19:38:34      295.933186        0.984913
FIRE:   33 19:42:15      295.932299        0.919284
FIRE:   34 19:46:24      295.931394        1.083605
FIRE:   35 19:50:13      295.930407        0.696266
FIRE:   36 19:54:15      295.929421        0.928838
FIRE:   37 19:58:49      295.928381        0.864195
FIRE:   38 20:02:58      295.927342        0.721129
FIRE:   39 20:05:18      295.927287        0.662850
FIRE:   40 20:08:03      295.927231        0.622801
FIRE:   41 20:10:49      295.927172        0.559233
FIRE:   42 20:13:33      295.927073        0.489322
FIRE:   43 20:16:36      295.926944        0.438630
FIRE:   44 20:19:35      295.926826        0.450628
FIRE:   45 20:22:34      295.926669        0.447716
FIRE:   46 20:25:34      295.926487        0.443733
FIRE:   47 20:28:35      295.926296        0.460125
FIRE:   48 20:31:35      295.926049        0.475470
FIRE:   49 20:34:51      295.925813        0.506562
FIRE:   50 20:37:55      295.925522        0.463605
FIRE:   51 20:41:09      295.925220        0.481845
FIRE:   52 20:44:17      295.924906        0.546747
FIRE:   53 20:47:28      295.924584        0.708277
FIRE:   54 20:51:05      295.924464        1.383484
FIRE:   55 20:54:55      295.925795        3.100172
FIRE:   56 20:58:13      295.923614        0.356950
FIRE:   57 21:01:36      295.925264        2.784979
FIRE:   58 21:03:58      295.924546        2.134291
FIRE:   59 21:06:36      295.923753        0.979816
FIRE:   60 21:09:32      295.923588        0.395553
FIRE:   61 21:10:36      295.923583        0.373011
FIRE:   62 21:11:39      295.923571        0.345636
FIRE:   63 21:13:19      295.923558        0.324201
FIRE:   64 21:15:00      295.923543        0.324827
FIRE:   65 21:16:41      295.923532        0.326812
FIRE:   66 21:18:23      295.923524        0.331726
FIRE:   67 21:20:04      295.923519        0.337954
FIRE:   68 21:21:45      295.923516        0.344152
FIRE:   69 21:23:26      295.923510        0.347249
FIRE:   70 21:25:08      295.923497        0.347048
FIRE:   71 21:26:58      295.923472        0.337226
FIRE:   72 21:28:54      295.923438        0.323153
FIRE:   73 21:30:50      295.923408        0.309279
FIRE:   74 21:32:56      295.923373        0.303188
FIRE:   75 21:35:02      295.923340        0.298828
FIRE:   76 21:37:10      295.923278        0.297769
FIRE:   77 21:39:21      295.923203        0.302731
FIRE:   78 21:41:33      295.923132        0.296182
FIRE:   79 21:44:08      295.923025        0.268829
FIRE:   80 21:46:44      295.922889        0.228218
FIRE:   81 21:49:19      295.922738        0.211752
FIRE:   82 21:52:08      295.922531        0.207152
FIRE:   83 21:54:56      295.922282        0.170878
FIRE:   84 21:57:47      295.921969        0.175260
FIRE:   85 22:00:39      295.921566        0.149682
FIRE:   86 22:03:21      295.921067        0.245684
FIRE:   87 22:06:05      295.920510        0.369050
FIRE:   88 22:08:02      295.920344        0.093287
FIRE:   89 22:10:13      295.920337        0.230663
FIRE:   90 22:11:14      295.920317        0.214985
FIRE:   91 22:12:22      295.920286        0.153009
FIRE:   92 22:13:51      295.920257        0.078299
