      Step     Time          Energy          fmax
BFGS:    0 22:10:16      325.023148       47.279649
BFGS:    1 22:10:36      317.221794        8.359889
BFGS:    2 22:10:52      316.349606        3.199465
BFGS:    3 22:11:06      316.070328        2.609304
BFGS:    4 22:11:23      315.491563        2.204932
BFGS:    5 22:11:36      315.379332        1.743324
BFGS:    6 22:11:48      315.220002        1.739969
BFGS:    7 22:11:59      315.099592        1.505760
BFGS:    8 22:12:12      314.985810        1.648081
BFGS:    9 22:12:22      314.899420        1.736506
BFGS:   10 22:12:36      314.775475        1.243742
BFGS:   11 22:12:49      314.691672        1.052759
BFGS:   12 22:13:01      314.623041        1.056004
BFGS:   13 22:13:16      314.554636        0.801465
BFGS:   14 22:13:29      314.500785        0.636369
BFGS:   15 22:13:46      314.409976        0.836125
BFGS:   16 22:13:59      314.369573        1.002062
BFGS:   17 22:14:11      314.336726        0.737433
BFGS:   18 22:14:21      314.305805        0.584081
BFGS:   19 22:14:33      314.291825        0.445435
BFGS:   20 22:14:43      314.280965        0.263885
BFGS:   21 22:14:52      314.277330        0.196947
BFGS:   22 22:15:02      314.273852        0.196412
BFGS:   23 22:15:11      314.268303        0.233276
BFGS:   24 22:15:21      314.262381        0.254255
BFGS:   25 22:15:31      314.257825        0.278004
BFGS:   26 22:15:40      314.254540        0.262530
BFGS:   27 22:15:52      314.249091        0.257343
BFGS:   28 22:16:01      314.243235        0.340015
BFGS:   29 22:16:11      314.234547        0.314959
BFGS:   30 22:16:22      314.227194        0.172397
BFGS:   31 22:16:31      314.224843        0.150197
BFGS:   32 22:16:38      314.223995        0.104737
BFGS:   33 22:16:46      314.223089        0.112795
BFGS:   34 22:16:55      314.222377        0.111725
BFGS:   35 22:17:04      314.221767        0.089095
BFGS:   36 22:17:14      314.220709        0.127931
BFGS:   37 22:17:23      314.219888        0.123368
BFGS:   38 22:17:32      314.219280        0.079954
BFGS:   39 22:17:41      314.218986        0.051197
BFGS:   40 22:17:48      314.218788        0.047283
