      Step     Time          Energy          fmax
FIRE:    0 14:07:19      327.639963        4.671500
FIRE:    1 14:08:20      327.368544        2.551268
FIRE:    2 14:09:26      327.261985        3.114418
FIRE:    3 14:10:07      327.226606        2.582281
FIRE:    4 14:10:53      327.178353        1.558895
FIRE:    5 14:11:38      327.142070        1.276969
FIRE:    6 14:12:27      327.123152        1.804303
FIRE:    7 14:12:52      327.120276        1.672129
FIRE:    8 14:13:19      327.114979        1.480538
FIRE:    9 14:13:54      327.108017        1.218209
FIRE:   10 14:14:28      327.100182        1.171851
FIRE:   11 14:15:03      327.092063        1.146443
FIRE:   12 14:15:36      327.083929        1.115947
FIRE:   13 14:16:08      327.075726        1.084826
FIRE:   14 14:16:41      327.066284        1.083125
FIRE:   15 14:17:13      327.054893        1.082243
FIRE:   16 14:17:40      327.040635        1.099910
FIRE:   17 14:18:08      327.022815        1.111545
FIRE:   18 14:18:39      327.001513        1.121204
FIRE:   19 14:19:12      326.977524        1.126478
FIRE:   20 14:19:45      326.950593        1.117776
FIRE:   21 14:20:16      326.917883        1.088008
FIRE:   22 14:20:49      326.876513        1.008527
FIRE:   23 14:21:31      326.827681        0.841240
FIRE:   24 14:22:09      326.775496        0.899993
FIRE:   25 14:22:49      326.718936        1.156540
FIRE:   26 14:23:29      326.656606        2.034580
FIRE:   27 14:24:10      326.583089        2.331749
FIRE:   28 14:24:50      326.487883        1.308340
FIRE:   29 14:25:31      326.379011        0.800357
FIRE:   30 14:26:16      326.241628        1.682295
FIRE:   31 14:26:44      326.233340        1.490838
FIRE:   32 14:27:15      326.224070        1.167026
FIRE:   33 14:27:45      326.207667        0.751664
FIRE:   34 14:28:17      326.189097        0.607665
FIRE:   35 14:28:46      326.168480        0.640071
FIRE:   36 14:29:17      326.144735        0.791908
FIRE:   37 14:29:47      326.120846        0.947681
FIRE:   38 14:30:14      326.108724        0.904167
FIRE:   39 14:30:47      326.108035        0.789356
FIRE:   40 14:31:16      326.106752        0.668880
FIRE:   41 14:31:47      326.105417        0.497162
FIRE:   42 14:32:20      326.104082        0.636749
FIRE:   43 14:32:56      326.103364        0.749396
FIRE:   44 14:33:33      326.108058        1.602062
FIRE:   45 14:34:16      326.170671        5.245679
FIRE:   46 14:34:56      326.100088        0.737546
FIRE:   47 14:35:18      326.099367        0.602757
FIRE:   48 14:35:43      326.098652        0.594490
FIRE:   49 14:36:08      326.098566        0.581802
FIRE:   50 14:36:33      326.098865        0.595750
FIRE:   51 14:36:56      326.098830        0.654454
FIRE:   52 14:37:19      326.098290        0.582247
FIRE:   53 14:37:47      326.097767        0.586125
FIRE:   54 14:38:13      326.097696        0.589042
FIRE:   55 14:38:40      326.097605        0.591703
FIRE:   56 14:39:10      326.096892        0.593306
FIRE:   57 14:39:39      326.096418        0.593935
FIRE:   58 14:40:07      326.096096        0.591352
FIRE:   59 14:40:35      326.095085        0.585388
FIRE:   60 14:41:04      326.094527        0.570293
FIRE:   61 14:41:37      326.093187        0.541261
FIRE:   62 14:42:08      326.092057        0.498262
FIRE:   63 14:42:40      326.090649        0.472191
FIRE:   64 14:43:14      326.088745        0.547696
FIRE:   65 14:43:44      326.087024        0.780091
FIRE:   66 14:44:29      326.088488        1.838329
FIRE:   67 14:45:08      326.108189        4.561142
FIRE:   68 14:45:51      326.081595        0.396428
FIRE:   69 14:46:07      326.081568        0.389954
FIRE:   70 14:46:28      326.081524        0.371907
FIRE:   71 14:46:50      326.081475        0.354896
FIRE:   72 14:47:12      326.081420        0.335340
FIRE:   73 14:47:35      326.081352        0.311129
FIRE:   74 14:47:57      326.081263        0.284754
FIRE:   75 14:48:18      326.081157        0.254613
FIRE:   76 14:48:40      326.081030        0.225082
FIRE:   77 14:49:04      326.080867        0.205020
FIRE:   78 14:49:28      326.080647        0.189097
FIRE:   79 14:49:54      326.080382        0.180148
FIRE:   80 14:50:15      326.080061        0.203175
