      Step     Time          Energy          fmax
FIRE:    0 23:13:23      307.588327       59.474794
FIRE:    1 23:14:51      301.222394       21.438245
FIRE:    2 23:16:05      299.254007        9.093244
FIRE:    3 23:17:25      298.884570       11.740222
FIRE:    4 23:18:46      298.761171       12.742905
FIRE:    5 23:20:01      298.503164        9.510682
FIRE:    6 23:21:11      298.207980        5.552352
FIRE:    7 23:22:29      298.016139        4.144055
FIRE:    8 23:23:53      297.973643        3.646468
FIRE:    9 23:24:44      297.915749        3.560753
FIRE:   10 23:25:46      297.804508        3.422769
FIRE:   11 23:26:50      297.648408        3.191543
FIRE:   12 23:27:56      297.462917        2.750866
FIRE:   13 23:29:13      297.288806        2.146170
FIRE:   14 23:30:34      297.203523        1.596038
FIRE:   15 23:31:47      297.119381        1.321562
FIRE:   16 23:33:01      297.035227        1.346814
FIRE:   17 23:34:18      297.025354        2.203937
FIRE:   18 23:34:50      297.017292        2.074733
FIRE:   19 23:35:33      297.003092        1.837032
FIRE:   20 23:36:16      296.985628        1.523966
FIRE:   21 23:37:00      296.967934        1.175121
FIRE:   22 23:37:50      296.952192        0.981095
FIRE:   23 23:38:40      296.939369        0.922592
FIRE:   24 23:39:31      296.929225        0.831074
FIRE:   25 23:40:22      296.920274        0.762492
FIRE:   26 23:41:13      296.912172        0.834337
FIRE:   27 23:42:03      296.904301        0.859452
FIRE:   28 23:42:54      296.895521        0.856075
FIRE:   29 23:43:54      296.883635        0.875693
FIRE:   30 23:44:49      296.865123        0.989823
FIRE:   31 23:45:44      296.835720        1.048359
FIRE:   32 23:46:44      296.791423        1.018895
FIRE:   33 23:47:44      296.729029        1.060351
FIRE:   34 23:48:47      296.642766        1.126286
FIRE:   35 23:49:58      296.516881        1.275164
FIRE:   36 23:51:11      296.363494        1.388906
FIRE:   37 23:52:21      296.246787        1.312328
FIRE:   38 23:53:34      296.099902        1.397328
FIRE:   39 23:54:40      295.938081        1.594891
FIRE:   40 23:55:54      295.940687        2.299243
FIRE:   41 23:56:45      295.938778        1.797562
FIRE:   42 23:57:33      295.935788        1.015853
FIRE:   43 23:58:34      295.932507        0.658838
FIRE:   44 23:59:29      295.929405        0.952544
FIRE:   45 00:00:17      295.926673        1.139285
FIRE:   46 00:01:08      295.924402        1.058529
FIRE:   47 00:01:56      295.922882        0.970352
FIRE:   48 00:02:51      295.922274        0.879723
FIRE:   49 00:03:49      295.922856        1.135578
FIRE:   50 00:04:44      295.924041        1.252717
FIRE:   51 00:05:42      295.924462        1.320020
FIRE:   52 00:06:45      295.923660        2.207766
FIRE:   53 00:07:54      295.927879        6.480294
FIRE:   54 00:09:06      295.920761        1.651752
FIRE:   55 00:09:50      295.920462        1.180294
FIRE:   56 00:10:37      295.920139        1.185474
FIRE:   57 00:11:23      295.920008        1.188889
FIRE:   58 00:12:10      295.919938        1.191751
FIRE:   59 00:12:57      295.919681        1.191937
FIRE:   60 00:13:43      295.919238        1.177742
FIRE:   61 00:14:30      295.918858        1.175608
FIRE:   62 00:15:18      295.918612        1.160568
FIRE:   63 00:16:08      295.918248        1.134434
FIRE:   64 00:17:02      295.917723        1.065871
FIRE:   65 00:17:55      295.917428        0.939236
FIRE:   66 00:18:43      295.917038        0.720609
FIRE:   67 00:19:42      295.916748        0.681030
FIRE:   68 00:20:38      295.916517        0.720729
FIRE:   69 00:21:06      295.916491        0.693760
FIRE:   70 00:21:41      295.916463        0.659066
FIRE:   71 00:22:17      295.916454        0.612234
FIRE:   72 00:22:52      295.916452        0.550144
FIRE:   73 00:23:34      295.916425        0.481951
FIRE:   74 00:24:17      295.916374        0.421312
FIRE:   75 00:25:00      295.916331        0.353733
FIRE:   76 00:25:43      295.916298        0.364247
FIRE:   77 00:26:26      295.916239        0.359253
FIRE:   78 00:27:09      295.916155        0.366651
FIRE:   79 00:27:52      295.916084        0.400517
FIRE:   80 00:28:36      295.915972        0.377984
FIRE:   81 00:29:19      295.915851        0.334789
FIRE:   82 00:30:02      295.915709        0.323917
FIRE:   83 00:30:50      295.915550        0.346603
FIRE:   84 00:31:42      295.915347        0.293890
FIRE:   85 00:32:33      295.915130        0.297818
FIRE:   86 00:33:28      295.914915        0.415086
FIRE:   87 00:34:26      295.914764        0.852562
FIRE:   88 00:35:25      295.915042        1.416570
FIRE:   89 00:36:13      295.914294        0.399470
FIRE:   90 00:37:01      295.914770        1.312992
FIRE:   91 00:37:29      295.914572        1.059387
FIRE:   92 00:38:09      295.914339        0.572477
FIRE:   93 00:38:55      295.914262        0.388566
FIRE:   94 00:39:38      295.914367        0.523185
FIRE:   95 00:39:56      295.914354        0.515994
FIRE:   96 00:40:19      295.914331        0.484589
FIRE:   97 00:40:43      295.914302        0.455129
FIRE:   98 00:41:11      295.914274        0.427093
FIRE:   99 00:41:43      295.914253        0.394437
FIRE:  100 00:42:11      295.914242        0.375185
FIRE:  101 00:42:39      295.914243        0.365796
FIRE:  102 00:43:04      295.914250        0.361153
FIRE:  103 00:43:28      295.914260        0.366184
FIRE:  104 00:43:52      295.914263        0.399420
FIRE:  105 00:44:15      295.914252        0.383476
FIRE:  106 00:44:43      295.914226        0.355991
FIRE:  107 00:45:11      295.914200        0.361971
FIRE:  108 00:45:44      295.914192        0.376514
FIRE:  109 00:46:15      295.914193        0.396252
FIRE:  110 00:46:46      295.914174        0.392886
FIRE:  111 00:47:21      295.914132        0.361963
FIRE:  112 00:47:56      295.914105        0.339887
FIRE:  113 00:48:31      295.914086        0.336080
FIRE:  114 00:49:07      295.914031        0.325563
FIRE:  115 00:49:46      295.913992        0.349640
FIRE:  116 00:50:25      295.913938        0.343327
FIRE:  117 00:51:05      295.913867        0.317074
FIRE:  118 00:51:44      295.913787        0.326148
FIRE:  119 00:52:24      295.913716        0.368620
FIRE:  120 00:53:07      295.913603        0.381724
FIRE:  121 00:53:51      295.913486        0.397140
FIRE:  122 00:54:42      295.913380        0.360197
FIRE:  123 00:55:33      295.913603        0.455902
FIRE:  124 00:56:27      295.917934        1.655092
FIRE:  125 00:57:19      295.913097        0.269927
FIRE:  126 00:57:36      295.913070        0.274932
FIRE:  127 00:58:00      295.913043        0.266024
FIRE:  128 00:58:28      295.913042        0.269658
FIRE:  129 00:58:55      295.913057        0.269627
FIRE:  130 00:59:22      295.913057        0.270566
FIRE:  131 00:59:50      295.913040        0.271325
FIRE:  132 01:00:19      295.913021        0.275311
FIRE:  133 01:00:47      295.913023        0.281132
FIRE:  134 01:01:18      295.913025        0.280808
FIRE:  135 01:01:50      295.913003        0.278969
FIRE:  136 01:02:25      295.912984        0.280578
FIRE:  137 01:03:04      295.912983        0.284980
FIRE:  138 01:03:40      295.912943        0.293898
FIRE:  139 01:04:19      295.912939        0.310355
FIRE:  140 01:05:01      295.912890        0.310769
FIRE:  141 01:05:44      295.912880        0.308198
FIRE:  142 01:06:26      295.912838        0.301139
FIRE:  143 01:07:10      295.912773        0.274658
FIRE:  144 01:08:01      295.912714        0.250686
FIRE:  145 01:08:52      295.912654        0.458711
FIRE:  146 01:09:42      295.912615        1.468082
FIRE:  147 01:10:28      295.912581        0.265841
FIRE:  148 01:11:14      295.912609        1.333341
FIRE:  149 01:11:48      295.912595        1.002182
FIRE:  150 01:12:27      295.912579        0.426471
FIRE:  151 01:13:10      295.912577        0.271950
FIRE:  152 01:13:23      295.912577        0.273709
FIRE:  153 01:13:40      295.912577        0.275040
FIRE:  154 01:13:57      295.912576        0.275023
FIRE:  155 01:14:17      295.912575        0.275182
FIRE:  156 01:14:34      295.912574        0.275365
FIRE:  157 01:14:58      295.912574        0.275707
FIRE:  158 01:15:18      295.912573        0.276341
FIRE:  159 01:15:38      295.912573        0.278245
FIRE:  160 01:15:58      295.912572        0.268881
FIRE:  161 01:16:18      295.912571        0.268516
FIRE:  162 01:16:39      295.912569        0.270279
FIRE:  163 01:17:03      295.912566        0.274290
FIRE:  164 01:17:28      295.912563        0.276685
FIRE:  165 01:17:52      295.912560        0.274841
FIRE:  166 01:18:20      295.912557        0.282559
FIRE:  167 01:18:53      295.912552        0.277227
FIRE:  168 01:19:25      295.912545        0.273621
FIRE:  169 01:20:01      295.912539        0.265894
FIRE:  170 01:20:36      295.912530        0.265281
FIRE:  171 01:21:13      295.912516        0.272364
FIRE:  172 01:21:52      295.912505        0.289010
FIRE:  173 01:22:31      295.912488        0.288656
FIRE:  174 01:23:14      295.912474        0.289799
FIRE:  175 01:23:57      295.912452        0.285022
FIRE:  176 01:24:40      295.912428        0.268280
FIRE:  177 01:25:24      295.912406        0.243455
FIRE:  178 01:26:14      295.912400        0.206145
FIRE:  179 01:27:04      295.912645        0.440014
FIRE:  180 01:27:56      295.915535        1.423029
FIRE:  181 01:28:49      295.912303        0.169070
FIRE:  182 01:29:06      295.912301        0.173015
FIRE:  183 01:29:23      295.912300        0.176128
FIRE:  184 01:29:39      295.912298        0.179240
FIRE:  185 01:29:59      295.912298        0.175448
FIRE:  186 01:30:23      295.912298        0.173687
FIRE:  187 01:30:47      295.912296        0.175496
FIRE:  188 01:31:11      295.912294        0.176352
FIRE:  189 01:31:35      295.912292        0.179145
FIRE:  190 01:32:02      295.912292        0.180615
FIRE:  191 01:32:30      295.912289        0.180367
FIRE:  192 01:33:01      295.912280        0.176152
FIRE:  193 01:33:33      295.912278        0.176232
FIRE:  194 01:34:05      295.912269        0.177981
FIRE:  195 01:34:41      295.912261        0.175654
FIRE:  196 01:35:16      295.912247        0.176136
FIRE:  197 01:35:52      295.912238        0.179989
FIRE:  198 01:36:28      295.912216        0.204220
FIRE:  199 01:37:08      295.912198        0.235253
FIRE:  200 01:37:51      295.912191        0.248491
FIRE:  201 01:38:34      295.912278        0.242520
FIRE:  202 01:39:21      295.913231        0.622020
FIRE:  203 01:40:17      295.922667        1.945503
FIRE:  204 01:41:07      295.912313        0.230991
FIRE:  205 01:41:31      295.912243        0.200871
FIRE:  206 01:41:55      295.912178        0.190656
FIRE:  207 01:42:20      295.912184        0.187322
FIRE:  208 01:42:44      295.912233        0.186829
FIRE:  209 01:43:07      295.912249        0.187165
FIRE:  210 01:43:31      295.912219        0.186852
FIRE:  211 01:43:56      295.912187        0.190269
FIRE:  212 01:44:24      295.912213        0.197569
FIRE:  213 01:44:53      295.912250        0.201274
FIRE:  214 01:45:24      295.912223        0.192383
FIRE:  215 01:45:56      295.912229        0.183803
FIRE:  216 01:46:28      295.912283        0.178049
FIRE:  217 01:47:03      295.912252        0.171063
FIRE:  218 01:47:39      295.912316        0.169907
FIRE:  219 01:48:15      295.912298        0.158643
FIRE:  220 01:48:54      295.912397        0.155504
FIRE:  221 01:49:34      295.912407        0.143819
FIRE:  222 01:50:14      295.912422        0.121969
FIRE:  223 01:50:57      295.912474        0.117423
FIRE:  224 01:51:41      295.912595        0.271006
FIRE:  225 01:52:31      295.913238        0.969549
FIRE:  226 01:53:15      295.912612        0.117611
FIRE:  227 01:54:01      295.913134        0.837136
FIRE:  228 01:54:39      295.912907        0.619961
FIRE:  229 01:55:17      295.912666        0.240706
FIRE:  230 01:56:00      295.912640        0.203619
FIRE:  231 01:56:16      295.912638        0.196498
FIRE:  232 01:56:33      295.912633        0.176403
FIRE:  233 01:56:50      295.912628        0.146830
FIRE:  234 01:57:07      295.912623        0.122464
FIRE:  235 01:57:27      295.912621        0.122245
FIRE:  236 01:57:44      295.912621        0.122054
FIRE:  237 01:58:03      295.912624        0.121897
FIRE:  238 01:58:21      295.912629        0.122464
FIRE:  239 01:58:39      295.912633        0.123185
FIRE:  240 01:58:56      295.912635        0.124270
FIRE:  241 01:59:12      295.912633        0.125860
FIRE:  242 01:59:36      295.912630        0.120112
FIRE:  243 02:00:01      295.912630        0.119008
FIRE:  244 02:00:25      295.912636        0.119188
FIRE:  245 02:00:52      295.912642        0.123036
FIRE:  246 02:01:21      295.912638        0.122709
FIRE:  247 02:01:50      295.912632        0.122826
FIRE:  248 02:02:18      295.912639        0.122942
FIRE:  249 02:02:49      295.912632        0.124348
FIRE:  250 02:03:22      295.912617        0.129895
FIRE:  251 02:03:54      295.912611        0.136051
FIRE:  252 02:04:30      295.912587        0.139757
FIRE:  253 02:05:06      295.912571        0.144299
FIRE:  254 02:05:42      295.912509        0.152219
FIRE:  255 02:06:22      295.912400        0.174178
FIRE:  256 02:07:04      295.912235        0.201320
FIRE:  257 02:07:48      295.912041        0.211273
FIRE:  258 02:08:31      295.912143        0.453265
FIRE:  259 02:09:19      295.914905        1.162225
FIRE:  260 02:10:07      295.911101        0.174253
FIRE:  261 02:10:24      295.911089        0.178991
FIRE:  262 02:10:41      295.911072        0.180207
FIRE:  263 02:10:58      295.911054        0.184759
FIRE:  264 02:11:18      295.911036        0.181270
FIRE:  265 02:11:39      295.911011        0.178932
FIRE:  266 02:12:03      295.910973        0.177327
FIRE:  267 02:12:30      295.910926        0.180506
FIRE:  268 02:12:58      295.910876        0.180691
FIRE:  269 02:13:29      295.910816        0.177988
FIRE:  270 02:14:00      295.910729        0.176546
FIRE:  271 02:14:34      295.910621        0.170573
FIRE:  272 02:15:09      295.910495        0.164658
FIRE:  273 02:15:44      295.910326        0.159551
FIRE:  274 02:16:23      295.910124        0.160242
FIRE:  275 02:17:01      295.909861        0.153144
FIRE:  276 02:17:41      295.909544        0.142267
FIRE:  277 02:18:21      295.909148        0.127677
FIRE:  278 02:19:03      295.908659        0.112483
FIRE:  279 02:19:46      295.908074        0.096270
FIRE:  280 02:20:32      295.907399        0.242072
FIRE:  281 02:21:19      295.906971        0.727147
FIRE:  282 02:22:02      295.906511        0.086396
FIRE:  283 02:22:44      295.906789        0.649925
FIRE:  284 02:23:12      295.906646        0.498131
FIRE:  285 02:23:48      295.906480        0.225477
FIRE:  286 02:24:26      295.906429        0.095165
FIRE:  287 02:24:40      295.906427        0.092483
FIRE:  288 02:24:54      295.906422        0.088327
FIRE:  289 02:25:11      295.906416        0.087741
FIRE:  290 02:25:27      295.906409        0.087323
FIRE:  291 02:25:44      295.906401        0.087402
FIRE:  292 02:26:01      295.906392        0.088197
FIRE:  293 02:26:21      295.906383        0.089597
FIRE:  294 02:26:37      295.906371        0.091817
FIRE:  295 02:26:54      295.906356        0.094392
FIRE:  296 02:27:11      295.906336        0.096414
FIRE:  297 02:27:28      295.906311        0.098691
FIRE:  298 02:27:48      295.906278        0.098326
FIRE:  299 02:28:12      295.906239        0.096968
FIRE:  300 02:28:34      295.906192        0.090210
FIRE:  301 02:28:58      295.906134        0.090238
FIRE:  302 02:29:25      295.906061        0.089906
FIRE:  303 02:29:53      295.905967        0.087601
FIRE:  304 02:30:22      295.905855        0.089410
FIRE:  305 02:30:50      295.905719        0.088654
FIRE:  306 02:31:22      295.905555        0.086815
FIRE:  307 02:31:54      295.905364        0.088531
FIRE:  308 02:32:29      295.905127        0.088135
FIRE:  309 02:33:04      295.904852        0.090348
FIRE:  310 02:33:41      295.904527        0.079602
