      Step     Time          Energy          fmax
BFGS:    0 21:34:56      306.280582        7.343871
BFGS:    1 21:35:10      305.215711        5.205147
BFGS:    2 21:35:27      304.364670        6.752736
BFGS:    3 21:35:44      303.771206        3.423196
BFGS:    4 21:35:56      303.568912        2.793061
BFGS:    5 21:36:11      303.288484        0.501595
BFGS:    6 21:36:22      303.220533        0.743417
BFGS:    7 21:36:33      303.182131        0.576016
BFGS:    8 21:36:47      303.148321        0.475105
BFGS:    9 21:37:00      303.129502        0.453633
BFGS:   10 21:37:08      303.122465        0.421187
BFGS:   11 21:37:22      303.089395        0.464027
BFGS:   12 21:37:33      303.079801        0.431035
BFGS:   13 21:37:48      303.050082        0.616253
BFGS:   14 21:37:58      303.035095        0.370129
BFGS:   15 21:38:10      303.028854        0.278059
BFGS:   16 21:38:20      303.025354        0.254622
BFGS:   17 21:38:33      303.014772        0.625717
BFGS:   18 21:38:44      303.008349        0.399785
BFGS:   19 21:38:56      303.006006        0.111495
BFGS:   20 21:39:04      303.005469        0.181642
BFGS:   21 21:39:15      303.002940        0.614527
BFGS:   22 21:39:30      303.019977        2.006635
BFGS:   23 21:39:46      303.000198        0.528779
BFGS:   24 21:39:56      302.998383        0.499541
BFGS:   25 21:40:11      303.000865        0.700362
BFGS:   26 21:40:26      302.992705        0.076914
BFGS:   27 21:40:36      302.992249        0.086002
BFGS:   28 21:40:45      302.991986        0.059810
BFGS:   29 21:40:55      302.991703        0.082097
BFGS:   30 21:41:02      302.991448        0.082990
BFGS:   31 21:41:12      302.991018        0.046895
