      Step     Time          Energy          fmax
FIRE:    0 09:43:16      307.588327       59.474794
FIRE:    1 09:44:45      301.222394       21.438245
FIRE:    2 09:45:59      299.254007        9.093244
FIRE:    3 09:47:19      298.884570       11.740222
FIRE:    4 09:48:41      298.761171       12.742905
FIRE:    5 09:49:55      298.503164        9.510682
FIRE:    6 09:51:06      298.207980        5.552352
FIRE:    7 09:52:24      298.016139        4.144055
FIRE:    8 09:53:47      297.973643        3.646468
FIRE:    9 09:54:39      297.915749        3.560753
FIRE:   10 09:55:42      297.804508        3.422769
FIRE:   11 09:56:46      297.648408        3.191543
FIRE:   12 09:57:53      297.462917        2.750866
FIRE:   13 09:59:10      297.288806        2.146170
FIRE:   14 10:00:32      297.203523        1.596038
FIRE:   15 10:01:46      297.119381        1.321562
FIRE:   16 10:02:59      297.035227        1.346814
FIRE:   17 10:04:17      297.025354        2.203937
FIRE:   18 10:04:49      297.017292        2.074733
FIRE:   19 10:05:32      297.003092        1.837032
FIRE:   20 10:06:15      296.985628        1.523966
FIRE:   21 10:06:59      296.967934        1.175121
FIRE:   22 10:07:50      296.952192        0.981095
FIRE:   23 10:08:41      296.939369        0.922592
FIRE:   24 10:09:33      296.929225        0.831074
FIRE:   25 10:10:24      296.920274        0.762492
FIRE:   26 10:11:16      296.912172        0.834337
FIRE:   27 10:12:08      296.904301        0.859452
FIRE:   28 10:12:58      296.895521        0.856075
FIRE:   29 10:13:55      296.883635        0.875693
FIRE:   30 10:14:49      296.865123        0.989823
FIRE:   31 10:15:43      296.835720        1.048359
FIRE:   32 10:16:42      296.791423        1.018895
FIRE:   33 10:17:40      296.729029        1.060351
FIRE:   34 10:18:43      296.642766        1.126286
FIRE:   35 10:19:52      296.516881        1.275164
FIRE:   36 10:21:05      296.363494        1.388906
FIRE:   37 10:22:15      296.246787        1.312328
FIRE:   38 10:23:28      296.099902        1.397328
FIRE:   39 10:24:34      295.938081        1.594891
FIRE:   40 10:25:47      295.940687        2.299243
FIRE:   41 10:26:37      295.938778        1.797562
FIRE:   42 10:27:24      295.935788        1.015853
FIRE:   43 10:28:24      295.932507        0.658838
FIRE:   44 10:29:19      295.929405        0.952544
FIRE:   45 10:30:06      295.926673        1.139285
FIRE:   46 10:30:57      295.924402        1.058529
FIRE:   47 10:31:44      295.922882        0.970352
FIRE:   48 10:32:39      295.922274        0.879723
FIRE:   49 10:33:37      295.922856        1.135578
FIRE:   50 10:34:31      295.924041        1.252717
FIRE:   51 10:35:29      295.924462        1.320020
FIRE:   52 10:36:31      295.923660        2.207770
FIRE:   53 10:37:39      295.927879        6.480304
FIRE:   54 10:38:51      295.920761        1.651754
FIRE:   55 10:39:34      295.920462        1.180294
FIRE:   56 10:40:21      295.920139        1.185474
FIRE:   57 10:41:07      295.920008        1.188889
FIRE:   58 10:41:53      295.919938        1.191751
FIRE:   59 10:42:39      295.919681        1.191937
FIRE:   60 10:43:25      295.919238        1.177742
FIRE:   61 10:44:12      295.918858        1.175608
FIRE:   62 10:44:59      295.918612        1.160568
FIRE:   63 10:45:48      295.918248        1.134434
FIRE:   64 10:46:41      295.917723        1.065871
FIRE:   65 10:47:34      295.917428        0.939236
FIRE:   66 10:48:21      295.917038        0.720609
FIRE:   67 10:49:19      295.916748        0.681030
FIRE:   68 10:50:16      295.916517        0.720728
FIRE:   69 10:50:44      295.916491        0.693759
FIRE:   70 10:51:19      295.916463        0.659065
FIRE:   71 10:51:55      295.916454        0.612234
FIRE:   72 10:52:30      295.916452        0.550143
FIRE:   73 10:53:13      295.916425        0.481951
FIRE:   74 10:53:56      295.916374        0.421312
FIRE:   75 10:54:39      295.916331        0.353733
FIRE:   76 10:55:21      295.916298        0.364247
FIRE:   77 10:56:05      295.916239        0.359253
FIRE:   78 10:56:48      295.916155        0.366651
FIRE:   79 10:57:32      295.916084        0.400517
FIRE:   80 10:58:15      295.915972        0.377984
FIRE:   81 10:58:59      295.915851        0.334789
FIRE:   82 10:59:42      295.915709        0.323917
FIRE:   83 11:00:29      295.915550        0.346603
FIRE:   84 11:01:21      295.915347        0.293891
FIRE:   85 11:02:12      295.915130        0.297818
FIRE:   86 11:03:06      295.914915        0.415086
FIRE:   87 11:04:05      295.914764        0.852564
FIRE:   88 11:05:04      295.915042        1.416572
FIRE:   89 11:05:51      295.914294        0.399471
FIRE:   90 11:06:39      295.914770        1.312993
FIRE:   91 11:07:08      295.914572        1.059388
FIRE:   92 11:07:47      295.914339        0.572477
FIRE:   93 11:08:34      295.914262        0.388566
FIRE:   94 11:09:17      295.914367        0.523184
FIRE:   95 11:09:34      295.914354        0.515994
FIRE:   96 11:09:58      295.914331        0.484589
FIRE:   97 11:10:23      295.914302        0.455129
FIRE:   98 11:10:51      295.914274        0.427094
FIRE:   99 11:11:23      295.914253        0.394438
FIRE:  100 11:11:51      295.914242        0.375185
FIRE:  101 11:12:19      295.914243        0.365796
FIRE:  102 11:12:44      295.914250        0.361153
FIRE:  103 11:13:08      295.914260        0.366184
FIRE:  104 11:13:32      295.914263        0.399420
FIRE:  105 11:13:56      295.914252        0.383476
FIRE:  106 11:14:25      295.914226        0.355991
FIRE:  107 11:14:53      295.914200        0.361971
FIRE:  108 11:15:26      295.914192        0.376514
FIRE:  109 11:15:57      295.914193        0.396252
FIRE:  110 11:16:29      295.914174        0.392886
FIRE:  111 11:17:04      295.914132        0.361963
FIRE:  112 11:17:40      295.914105        0.339887
FIRE:  113 11:18:16      295.914086        0.336080
FIRE:  114 11:18:52      295.914031        0.325563
FIRE:  115 11:19:31      295.913992        0.349640
FIRE:  116 11:20:09      295.913938        0.343328
FIRE:  117 11:20:49      295.913867        0.317074
FIRE:  118 11:21:28      295.913787        0.326148
FIRE:  119 11:22:09      295.913716        0.368620
FIRE:  120 11:22:52      295.913603        0.381724
FIRE:  121 11:23:36      295.913486        0.397140
FIRE:  122 11:24:27      295.913380        0.360197
FIRE:  123 11:25:17      295.913603        0.455904
FIRE:  124 11:26:12      295.917934        1.655097
FIRE:  125 11:27:03      295.913097        0.269927
FIRE:  126 11:27:20      295.913070        0.274932
FIRE:  127 11:27:44      295.913043        0.266024
FIRE:  128 11:28:12      295.913042        0.269658
FIRE:  129 11:28:40      295.913057        0.269627
FIRE:  130 11:29:07      295.913057        0.270566
FIRE:  131 11:29:35      295.913040        0.271325
FIRE:  132 11:30:03      295.913021        0.275311
FIRE:  133 11:30:31      295.913023        0.281132
FIRE:  134 11:31:03      295.913025        0.280808
FIRE:  135 11:31:34      295.913003        0.278969
FIRE:  136 11:32:10      295.912984        0.280578
FIRE:  137 11:32:49      295.912983        0.284980
FIRE:  138 11:33:24      295.912943        0.293898
FIRE:  139 11:34:03      295.912939        0.310355
FIRE:  140 11:34:46      295.912890        0.310769
FIRE:  141 11:35:29      295.912880        0.308198
FIRE:  142 11:36:12      295.912838        0.301139
FIRE:  143 11:36:55      295.912773        0.274658
FIRE:  144 11:37:45      295.912714        0.250686
FIRE:  145 11:38:35      295.912654        0.458713
FIRE:  146 11:39:27      295.912615        1.468087
FIRE:  147 11:40:13      295.912581        0.265841
FIRE:  148 11:41:01      295.912609        1.333344
FIRE:  149 11:41:36      295.912595        1.002185
FIRE:  150 11:42:16      295.912579        0.426472
FIRE:  151 11:42:58      295.912578        0.271949
FIRE:  152 11:43:12      295.912578        0.273708
FIRE:  153 11:43:29      295.912578        0.275039
FIRE:  154 11:43:46      295.912577        0.275022
FIRE:  155 11:44:06      295.912577        0.275181
FIRE:  156 11:44:24      295.912577        0.275365
FIRE:  157 11:44:48      295.912577        0.275707
FIRE:  158 11:45:08      295.912578        0.276340
FIRE:  159 11:45:29      295.912579        0.278243
FIRE:  160 11:45:49      295.912580        0.268880
FIRE:  161 11:46:09      295.912580        0.268516
FIRE:  162 11:46:30      295.912581        0.270279
FIRE:  163 11:46:54      295.912581        0.274289
FIRE:  164 11:47:19      295.912582        0.276682
FIRE:  165 11:47:44      295.912584        0.274839
FIRE:  166 11:48:12      295.912586        0.282560
FIRE:  167 11:48:43      295.912588        0.277226
FIRE:  168 11:49:15      295.912590        0.273618
FIRE:  169 11:49:50      295.912594        0.265893
FIRE:  170 11:50:26      295.912596        0.265282
FIRE:  171 11:51:02      295.912598        0.272368
FIRE:  172 11:51:41      295.912609        0.289011
FIRE:  173 11:52:20      295.912619        0.288657
FIRE:  174 11:53:03      295.912643        0.289799
FIRE:  175 11:53:46      295.912667        0.285027
FIRE:  176 11:54:30      295.912704        0.268303
FIRE:  177 11:55:13      295.912766        0.243473
FIRE:  178 11:56:04      295.912872        0.206283
FIRE:  179 11:56:55      295.913508        0.465603
FIRE:  180 11:57:46      295.918686        1.431406
FIRE:  181 11:58:39      295.913030        0.168645
FIRE:  182 11:58:56      295.913027        0.172561
FIRE:  183 11:59:13      295.913025        0.175733
FIRE:  184 11:59:30      295.913027        0.178858
FIRE:  185 11:59:50      295.913031        0.175094
FIRE:  186 12:00:14      295.913037        0.173409
FIRE:  187 12:00:38      295.913040        0.175228
FIRE:  188 12:01:02      295.913042        0.176011
FIRE:  189 12:01:27      295.913048        0.178903
FIRE:  190 12:01:54      295.913059        0.180382
FIRE:  191 12:02:23      295.913065        0.180194
FIRE:  192 12:02:54      295.913067        0.176027
FIRE:  193 12:03:26      295.913082        0.176084
FIRE:  194 12:03:58      295.913093        0.177887
FIRE:  195 12:04:33      295.913114        0.175838
FIRE:  196 12:05:08      295.913136        0.176284
FIRE:  197 12:05:45      295.913173        0.179521
FIRE:  198 12:06:22      295.913212        0.203465
FIRE:  199 12:07:01      295.913265        0.234432
FIRE:  200 12:07:44      295.913338        0.248226
FIRE:  201 12:08:29      295.913466        0.242877
FIRE:  202 12:09:17      295.914476        0.625935
FIRE:  203 12:10:13      295.924697        2.041588
FIRE:  204 12:11:00      295.913393        0.228594
FIRE:  205 12:11:23      295.913313        0.200662
FIRE:  206 12:11:47      295.913235        0.189794
FIRE:  207 12:12:15      295.913226        0.186919
FIRE:  208 12:12:43      295.913263        0.186851
FIRE:  209 12:13:10      295.913266        0.189942
FIRE:  210 12:13:34      295.913205        0.186893
FIRE:  211 12:13:59      295.913137        0.189711
FIRE:  212 12:14:27      295.913120        0.197340
FIRE:  213 12:14:57      295.913111        0.202027
FIRE:  214 12:15:29      295.913031        0.192037
FIRE:  215 12:16:01      295.912935        0.183742
FIRE:  216 12:16:33      295.912898        0.178288
FIRE:  217 12:17:08      295.912738        0.172331
FIRE:  218 12:17:45      295.912637        0.170206
FIRE:  219 12:18:21      295.912417        0.158424
FIRE:  220 12:19:01      295.912277        0.194088
FIRE:  221 12:19:41      295.911977        0.149481
FIRE:  222 12:20:21      295.911562        0.122064
FIRE:  223 12:21:05      295.911068        0.135558
FIRE:  224 12:21:50      295.910597        0.301682
FIRE:  225 12:22:38      295.911298        1.001727
FIRE:  226 12:23:22      295.909592        0.115429
FIRE:  227 12:24:05      295.910902        0.869472
FIRE:  228 12:24:40      295.910292        0.643212
FIRE:  229 12:25:18      295.909639        0.251148
FIRE:  230 12:26:02      295.909541        0.208613
FIRE:  231 12:26:16      295.909534        0.201268
FIRE:  232 12:26:32      295.909518        0.180543
FIRE:  233 12:26:50      295.909499        0.149855
FIRE:  234 12:27:07      295.909480        0.121829
FIRE:  235 12:27:27      295.909463        0.121698
FIRE:  236 12:27:45      295.909452        0.121547
FIRE:  237 12:28:05      295.909445        0.121458
FIRE:  238 12:28:22      295.909438        0.122081
FIRE:  239 12:28:39      295.909428        0.122840
FIRE:  240 12:28:58      295.909406        0.123964
FIRE:  241 12:29:15      295.909368        0.125581
FIRE:  242 12:29:39      295.909320        0.119789
FIRE:  243 12:30:04      295.909271        0.118661
FIRE:  244 12:30:29      295.909229        0.118761
FIRE:  245 12:30:57      295.909170        0.122541
FIRE:  246 12:31:25      295.909077        0.122153
FIRE:  247 12:31:54      295.908971        0.122324
FIRE:  248 12:32:22      295.908866        0.122427
FIRE:  249 12:32:54      295.908713        0.123750
FIRE:  250 12:33:27      295.908524        0.129038
FIRE:  251 12:33:59      295.908320        0.135047
FIRE:  252 12:34:35      295.908044        0.138740
FIRE:  253 12:35:11      295.907746        0.143648
FIRE:  254 12:35:48      295.907363        0.151276
FIRE:  255 12:36:28      295.906903        0.172094
FIRE:  256 12:37:12      295.906370        0.202266
FIRE:  257 12:37:57      295.905774        0.213897
FIRE:  258 12:38:41      295.905426        0.421778
FIRE:  259 12:39:29      295.908010        1.154123
FIRE:  260 12:40:17      295.904172        0.172925
FIRE:  261 12:40:33      295.904162        0.178595
FIRE:  262 12:40:50      295.904146        0.176751
FIRE:  263 12:41:07      295.904130        0.184614
FIRE:  264 12:41:28      295.904113        0.180745
FIRE:  265 12:41:49      295.904089        0.178766
FIRE:  266 12:42:12      295.904054        0.176987
FIRE:  267 12:42:40      295.904012        0.180196
FIRE:  268 12:43:07      295.903966        0.180239
FIRE:  269 12:43:39      295.903911        0.177343
FIRE:  270 12:44:10      295.903833        0.175884
FIRE:  271 12:44:42      295.903733        0.173610
FIRE:  272 12:45:17      295.903622        0.165734
FIRE:  273 12:45:52      295.903482        0.159499
FIRE:  274 12:46:32      295.903318        0.159634
FIRE:  275 12:47:11      295.903113        0.152460
FIRE:  276 12:47:50      295.902876        0.142458
FIRE:  277 12:48:30      295.902595        0.127096
FIRE:  278 12:49:13      295.902288        0.111715
FIRE:  279 12:49:57      295.901963        0.095549
FIRE:  280 12:50:44      295.901639        0.188529
FIRE:  281 12:51:32      295.901382        0.658891
FIRE:  282 12:52:28      295.901329        1.941682
FIRE:  283 12:53:25      295.901222        0.289487
FIRE:  284 12:53:50      295.901221        0.213362
FIRE:  285 12:54:18      295.901222        0.094997
FIRE:  286 12:54:53      295.901225        0.098875
FIRE:  287 12:55:20      295.901231        0.168917
FIRE:  288 12:55:44      295.901236        0.193594
FIRE:  289 12:56:08      295.901240        0.143872
FIRE:  290 12:56:37      295.901243        0.111602
FIRE:  291 12:57:07      295.901251        0.105846
FIRE:  292 12:57:35      295.901264        0.183611
FIRE:  293 12:58:05      295.901278        0.151323
FIRE:  294 12:58:41      295.901298        0.093853
FIRE:  295 12:59:12      295.901335        0.142097
FIRE:  296 12:59:45      295.901382        0.089572
FIRE:  297 13:00:21      295.901458        0.146926
FIRE:  298 13:00:57      295.901559        0.108760
FIRE:  299 13:01:34      295.901709        0.164092
FIRE:  300 13:02:11      295.901912        0.087909
FIRE:  301 13:02:51      295.902224        0.108184
FIRE:  302 13:03:31      295.902698        0.241244
FIRE:  303 13:04:15      295.903418        0.583393
FIRE:  304 13:05:09      295.904714        1.334384
FIRE:  305 13:05:56      295.904275        0.149229
FIRE:  306 13:06:13      295.904285        0.155425
FIRE:  307 13:06:30      295.904305        0.156826
FIRE:  308 13:06:47      295.904334        0.158782
FIRE:  309 13:07:08      295.904373        0.155448
FIRE:  310 13:07:28      295.904421        0.152503
FIRE:  311 13:07:49      295.904478        0.153897
FIRE:  312 13:08:13      295.904544        0.151395
FIRE:  313 13:08:38      295.904630        0.151414
FIRE:  314 13:09:06      295.904742        0.150726
FIRE:  315 13:09:35      295.904885        0.149361
FIRE:  316 13:10:03      295.905070        0.151876
FIRE:  317 13:10:33      295.905306        0.154332
FIRE:  318 13:11:05      295.905605        0.148973
FIRE:  319 13:11:41      295.905988        0.142073
FIRE:  320 13:12:18      295.906479        0.136890
FIRE:  321 13:12:54      295.907118        0.131978
FIRE:  322 13:13:34      295.907939        0.136825
FIRE:  323 13:14:14      295.908991        0.131022
FIRE:  324 13:14:58      295.910344        0.119859
FIRE:  325 13:15:43      295.912078        0.171639
FIRE:  326 13:16:27      295.914281        0.589878
FIRE:  327 13:17:20      295.917364        1.933195
FIRE:  328 13:18:10      295.916770        0.234730
FIRE:  329 13:18:34      295.916779        0.164138
FIRE:  330 13:18:58      295.916800        0.131213
FIRE:  331 13:19:26      295.916840        0.132183
FIRE:  332 13:19:54      295.916895        0.151652
FIRE:  333 13:20:18      295.916958        0.175055
FIRE:  334 13:20:43      295.917026        0.138514
FIRE:  335 13:21:11      295.917103        0.136078
FIRE:  336 13:21:39      295.917206        0.134808
FIRE:  337 13:22:08      295.917330        0.136159
FIRE:  338 13:22:36      295.917463        0.137020
FIRE:  339 13:23:09      295.917610        0.140266
FIRE:  340 13:23:41      295.917773        0.143736
FIRE:  341 13:24:17      295.917927        0.140955
FIRE:  342 13:24:53      295.918073        0.140286
FIRE:  343 13:25:32      295.918164        0.137076
FIRE:  344 13:26:13      295.918141        0.158590
FIRE:  345 13:26:53      295.917871        0.133128
FIRE:  346 13:27:36      295.917314        0.123522
FIRE:  347 13:28:17      295.916355        0.111726
FIRE:  348 13:29:01      295.914987        0.273682
FIRE:  349 13:29:46      295.913393        0.837020
FIRE:  350 13:30:29      295.913032        0.076811
