      Step     Time          Energy          fmax
FIRE:    0 15:19:21      309.526919       67.960370
FIRE:    1 15:20:47      300.927272       19.823469
FIRE:    2 15:22:07      299.228442       10.137473
FIRE:    3 15:23:21      299.146174       13.760849
FIRE:    4 15:24:36      298.874751       12.702253
FIRE:    5 15:25:47      298.323951        8.082627
FIRE:    6 15:27:02      298.127290        5.388378
FIRE:    7 15:28:14      297.972192        3.588341
FIRE:    8 15:29:28      298.157746        3.282330
FIRE:    9 15:30:13      298.102008        3.203371
FIRE:   10 15:31:13      297.996015        3.037013
FIRE:   11 15:32:12      297.849387        2.790702
FIRE:   12 15:33:18      297.674988        2.670306
FIRE:   13 15:34:32      297.484468        2.563625
FIRE:   14 15:35:49      297.288393        2.344056
FIRE:   15 15:36:56      297.107486        1.687380
FIRE:   16 15:38:06      296.978089        1.004013
FIRE:   17 15:39:28      296.991107        1.734065
FIRE:   18 15:40:39      297.132045        3.548798
FIRE:   19 15:41:20      297.107744        3.239608
FIRE:   20 15:42:03      297.067609        2.710006
FIRE:   21 15:42:55      297.023505        2.070893
FIRE:   22 15:43:48      296.984929        1.405957
FIRE:   23 15:44:40      296.955835        1.293805
FIRE:   24 15:45:36      296.935226        1.142188
FIRE:   25 15:46:33      296.920446        1.060924
FIRE:   26 15:47:29      296.908655        1.045586
FIRE:   27 15:48:25      296.900583        1.071234
FIRE:   28 15:49:23      296.897064        1.092911
FIRE:   29 15:50:21      296.896213        1.096012
FIRE:   30 15:51:10      296.892217        1.189007
FIRE:   31 15:52:04      296.876809        1.248100
FIRE:   32 15:53:04      296.843539        1.179356
FIRE:   33 15:54:04      296.793202        0.950292
FIRE:   34 15:55:11      296.734798        0.927697
FIRE:   35 15:56:19      296.666914        0.981242
FIRE:   36 15:57:27      296.566664        1.085352
FIRE:   37 15:58:41      296.422571        1.125763
FIRE:   38 15:59:52      296.228459        1.168609
FIRE:   39 16:01:00      296.109375        1.204672
FIRE:   40 16:02:07      296.131688        2.226637
FIRE:   41 16:03:18      296.227292        7.041964
FIRE:   42 16:04:29      296.196097        6.278836
FIRE:   43 16:05:25      296.112969        3.286204
FIRE:   44 16:06:20      296.080481        1.217526
FIRE:   45 16:06:51      296.078961        1.079619
FIRE:   46 16:07:26      296.076332        0.823412
FIRE:   47 16:08:00      296.073226        0.761965
FIRE:   48 16:08:37      296.070197        0.742378
FIRE:   49 16:09:16      296.067412        0.712924
FIRE:   50 16:09:55      296.064568        0.678235
FIRE:   51 16:10:33      296.061155        0.660227
FIRE:   52 16:11:14      296.056342        0.663672
FIRE:   53 16:12:00      296.049982        0.666397
FIRE:   54 16:12:45      296.042546        0.668796
FIRE:   55 16:13:31      296.034363        0.670827
FIRE:   56 16:14:18      296.024452        0.670911
FIRE:   57 16:15:02      296.011634        0.669992
FIRE:   58 16:15:48      295.996895        0.665565
FIRE:   59 16:16:35      295.980945        0.657908
FIRE:   60 16:17:23      295.962069        0.644589
FIRE:   61 16:18:16      295.941995        0.626575
FIRE:   62 16:19:03      295.934276        0.592459
FIRE:   63 16:19:50      295.933139        0.596696
FIRE:   64 16:20:45      295.932485        0.581860
FIRE:   65 16:21:30      295.932363        0.559066
FIRE:   66 16:22:26      295.931448        0.535875
FIRE:   67 16:23:22      295.929465        0.564847
FIRE:   68 16:24:16      295.927544        0.821514
FIRE:   69 16:25:19      295.931498        2.179916
FIRE:   70 16:26:26      295.983054        6.380003
FIRE:   71 16:27:33      295.926431        0.757806
FIRE:   72 16:28:07      295.925872        0.675611
FIRE:   73 16:28:44      295.925201        0.656460
FIRE:   74 16:29:23      295.924854        0.630322
FIRE:   75 16:30:01      295.924733        0.600207
FIRE:   76 16:30:43      295.924391        0.559389
FIRE:   77 16:31:23      295.923686        0.521544
FIRE:   78 16:32:05      295.922960        0.508543
FIRE:   79 16:32:46      295.922470        0.508447
FIRE:   80 16:33:29      295.921908        0.507535
FIRE:   81 16:34:10      295.920890        0.504841
FIRE:   82 16:34:54      295.920078        0.500070
FIRE:   83 16:35:39      295.919387        0.490729
FIRE:   84 16:36:24      295.918334        0.475624
FIRE:   85 16:37:16      295.917693        0.450881
FIRE:   86 16:38:11      295.916779        0.422897
FIRE:   87 16:39:03      295.916160        0.412257
FIRE:   88 16:39:55      295.915800        0.541635
FIRE:   89 16:40:54      295.915553        0.603229
FIRE:   90 16:41:52      295.915967        1.106221
FIRE:   91 16:42:51      295.920432        1.932913
FIRE:   92 16:43:43      295.913303        0.416919
FIRE:   93 16:44:35      295.917353        1.603940
FIRE:   94 16:45:09      295.915704        1.289920
FIRE:   95 16:45:48      295.913699        0.721915
FIRE:   96 16:46:30      295.912893        0.333614
FIRE:   97 16:47:09      295.913636        0.614423
FIRE:   98 16:47:21      295.913549        0.594652
FIRE:   99 16:47:41      295.913391        0.536651
FIRE:  100 16:48:05      295.913194        0.431865
FIRE:  101 16:48:32      295.912999        0.394718
FIRE:  102 16:48:59      295.912844        0.358608
FIRE:  103 16:49:26      295.912754        0.331586
FIRE:  104 16:49:53      295.912730        0.320405
FIRE:  105 16:50:21      295.912758        0.321009
FIRE:  106 16:50:48      295.912802        0.377622
FIRE:  107 16:51:14      295.912809        0.426388
FIRE:  108 16:51:41      295.912739        0.421986
FIRE:  109 16:52:09      295.912577        0.341017
FIRE:  110 16:52:39      295.912391        0.322892
FIRE:  111 16:53:13      295.912278        0.338908
FIRE:  112 16:53:49      295.912236        0.369466
FIRE:  113 16:54:22      295.912113        0.372566
FIRE:  114 16:54:56      295.911840        0.328410
FIRE:  115 16:55:34      295.911607        0.299643
FIRE:  116 16:56:16      295.911451        0.333694
FIRE:  117 16:56:56      295.911105        0.294021
FIRE:  118 16:57:35      295.910799        0.320452
FIRE:  119 16:58:16      295.910480        0.321078
FIRE:  120 16:59:01      295.910069        0.272442
FIRE:  121 16:59:46      295.909672        0.269881
FIRE:  122 17:00:35      295.909307        0.304671
FIRE:  123 17:01:23      295.908787        0.256870
FIRE:  124 17:02:16      295.908248        0.260851
FIRE:  125 17:03:07      295.907677        0.261790
FIRE:  126 17:03:59      295.907159        0.357262
FIRE:  127 17:04:57      295.909042        1.212637
FIRE:  128 17:05:58      295.945832        4.051774
FIRE:  129 17:07:02      295.908269        1.189518
FIRE:  130 17:07:40      295.906695        0.854530
FIRE:  131 17:08:25      295.905348        0.306761
FIRE:  132 17:09:12      295.905682        0.465568
FIRE:  133 17:09:28      295.905611        0.446061
FIRE:  134 17:09:48      295.905490        0.390064
FIRE:  135 17:10:12      295.905355        0.331738
FIRE:  136 17:10:39      295.905251        0.311479
FIRE:  137 17:11:06      295.905203        0.302047
FIRE:  138 17:11:33      295.905214        0.302277
FIRE:  139 17:12:01      295.905255        0.302725
FIRE:  140 17:12:28      295.905293        0.345140
FIRE:  141 17:12:55      295.905288        0.360133
FIRE:  142 17:13:22      295.905225        0.322325
FIRE:  143 17:13:50      295.905130        0.306338
FIRE:  144 17:14:20      295.905081        0.307159
FIRE:  145 17:14:48      295.905098        0.333079
FIRE:  146 17:15:19      295.905083        0.341861
FIRE:  147 17:15:54      295.904967        0.311417
FIRE:  148 17:16:28      295.904876        0.297660
FIRE:  149 17:17:04      295.904856        0.291629
FIRE:  150 17:17:42      295.904713        0.292312
FIRE:  151 17:18:21      295.904593        0.284725
FIRE:  152 17:18:59      295.904465        0.297885
FIRE:  153 17:19:41      295.904253        0.260829
FIRE:  154 17:20:22      295.904006        0.277269
FIRE:  155 17:21:06      295.903774        0.314028
FIRE:  156 17:21:51      295.903402        0.354828
FIRE:  157 17:22:34      295.902937        0.379108
FIRE:  158 17:23:27      295.902559        0.443391
FIRE:  159 17:24:23      295.904032        1.305047
FIRE:  160 17:25:27      295.922983        3.613413
FIRE:  161 17:26:27      295.899602        0.375702
FIRE:  162 17:26:54      295.899517        0.371486
FIRE:  163 17:27:28      295.899408        0.362140
FIRE:  164 17:28:02      295.899344        0.353717
FIRE:  165 17:28:36      295.899313        0.350175
FIRE:  166 17:29:04      295.899248        0.346439
FIRE:  167 17:29:35      295.899121        0.352548
FIRE:  168 17:30:03      295.898970        0.366441
FIRE:  169 17:30:31      295.898828        0.384813
FIRE:  170 17:31:03      295.898657        0.385216
FIRE:  171 17:31:37      295.898368        0.366525
FIRE:  172 17:32:11      295.898025        0.331359
FIRE:  173 17:32:51      295.897649        0.312236
FIRE:  174 17:33:29      295.897085        0.320617
FIRE:  175 17:34:07      295.896444        0.345170
FIRE:  176 17:34:46      295.895562        0.318322
FIRE:  177 17:35:28      295.894539        0.305758
FIRE:  178 17:36:18      295.893207        0.345331
FIRE:  179 17:37:10      295.891549        0.330569
FIRE:  180 17:37:53      295.889593        0.373950
FIRE:  181 17:38:43      295.887939        0.799663
FIRE:  182 17:39:41      295.891420        2.468792
FIRE:  183 17:40:33      295.884402        0.298050
FIRE:  184 17:41:17      295.889819        2.107077
FIRE:  185 17:42:01      295.887424        1.580055
FIRE:  186 17:42:46      295.884807        0.656870
FIRE:  187 17:43:27      295.884314        0.429804
FIRE:  188 17:43:43      295.884291        0.415676
FIRE:  189 17:43:59      295.884248        0.376067
FIRE:  190 17:44:22      295.884196        0.298993
FIRE:  191 17:44:46      295.884143        0.288756
FIRE:  192 17:45:12      295.884101        0.279360
FIRE:  193 17:45:35      295.884073        0.270230
FIRE:  194 17:45:58      295.884055        0.263956
FIRE:  195 17:46:22      295.884041        0.259115
FIRE:  196 17:46:45      295.884021        0.256146
FIRE:  197 17:47:08      295.883976        0.254698
FIRE:  198 17:47:31      295.883899        0.255556
FIRE:  199 17:47:58      295.883795        0.261277
FIRE:  200 17:48:26      295.883689        0.265600
FIRE:  201 17:48:53      295.883679        0.270208
FIRE:  202 17:49:20      295.883754        0.270410
FIRE:  203 17:49:52      295.883893        0.263145
FIRE:  204 17:50:22      295.884170        0.252705
FIRE:  205 17:50:57      295.884678        0.240769
FIRE:  206 17:51:31      295.885402        0.239170
FIRE:  207 17:52:09      295.886412        0.253747
FIRE:  208 17:52:50      295.887882        0.268995
FIRE:  209 17:53:32      295.889794        0.283938
FIRE:  210 17:54:13      295.892385        0.280146
FIRE:  211 17:54:55      295.895533        0.303402
FIRE:  212 17:55:40      295.899132        0.296149
FIRE:  213 17:56:26      295.903032        0.297552
FIRE:  214 17:57:12      295.906296        0.347565
FIRE:  215 17:57:59      295.909215        0.785942
FIRE:  216 17:58:56      295.919967        2.318664
FIRE:  217 17:59:48      295.907547        0.297866
FIRE:  218 18:00:43      295.917352        1.975950
FIRE:  219 18:01:24      295.912851        1.469427
FIRE:  220 18:02:09      295.908082        0.623269
FIRE:  221 18:02:54      295.907461        0.465574
FIRE:  222 18:03:10      295.907402        0.450246
FIRE:  223 18:03:33      295.907297        0.387281
FIRE:  224 18:03:57      295.907170        0.316259
FIRE:  225 18:04:23      295.907048        0.287491
FIRE:  226 18:04:50      295.906955        0.280803
FIRE:  227 18:05:16      295.906900        0.272361
FIRE:  228 18:05:40      295.906880        0.263811
FIRE:  229 18:06:03      295.906871        0.258472
FIRE:  230 18:06:26      295.906845        0.255986
FIRE:  231 18:06:46      295.906773        0.255072
FIRE:  232 18:07:11      295.906635        0.256210
FIRE:  233 18:07:38      295.906453        0.256874
FIRE:  234 18:08:05      295.906286        0.261918
FIRE:  235 18:08:33      295.906154        0.268888
FIRE:  236 18:09:01      295.905983        0.266262
FIRE:  237 18:09:33      295.905702        0.257294
FIRE:  238 18:10:05      295.905393        0.243316
FIRE:  239 18:10:41      295.905122        0.233769
FIRE:  240 18:11:19      295.904734        0.236263
FIRE:  241 18:11:56      295.904307        0.242290
FIRE:  242 18:12:35      295.903881        0.240414
FIRE:  243 18:13:13      295.903357        0.225019
FIRE:  244 18:13:55      295.902885        0.216961
FIRE:  245 18:14:37      295.902470        0.230173
FIRE:  246 18:15:20      295.902057        0.209602
FIRE:  247 18:16:02      295.901758        0.218562
FIRE:  248 18:16:46      295.901690        0.252442
FIRE:  249 18:17:32      295.902578        0.849096
FIRE:  250 18:18:28      295.909923        2.336353
FIRE:  251 18:19:23      295.901638        0.275970
FIRE:  252 18:19:40      295.901631        0.279810
FIRE:  253 18:20:03      295.901620        0.271952
FIRE:  254 18:20:29      295.901616        0.266411
FIRE:  255 18:20:56      295.901615        0.263755
FIRE:  256 18:21:22      295.901609        0.260077
FIRE:  257 18:21:49      295.901598        0.256970
FIRE:  258 18:22:16      295.901585        0.253918
FIRE:  259 18:22:43      295.901575        0.252281
FIRE:  260 18:23:10      295.901567        0.251181
FIRE:  261 18:23:41      295.901543        0.247094
FIRE:  262 18:24:12      295.901513        0.246842
FIRE:  263 18:24:42      295.901496        0.246243
FIRE:  264 18:25:17      295.901451        0.245208
FIRE:  265 18:25:55      295.901411        0.246543
FIRE:  266 18:26:32      295.901351        0.233826
FIRE:  267 18:27:14      295.901298        0.217701
FIRE:  268 18:27:52      295.901202        0.206484
FIRE:  269 18:28:34      295.901088        0.194600
FIRE:  270 18:29:16      295.900950        0.177114
FIRE:  271 18:30:04      295.900788        0.335174
FIRE:  272 18:30:50      295.900692        1.150227
FIRE:  273 18:31:47      295.901366        3.376517
FIRE:  274 18:32:46      295.900351        0.481108
FIRE:  275 18:33:15      295.900340        0.352395
FIRE:  276 18:33:49      295.900327        0.141979
FIRE:  277 18:34:22      295.900325        0.136568
FIRE:  278 18:34:56      295.900331        0.283144
FIRE:  279 18:35:22      295.900329        0.319969
FIRE:  280 18:35:53      295.900312        0.236679
FIRE:  281 18:36:24      295.900292        0.145950
FIRE:  282 18:36:54      295.900283        0.176979
FIRE:  283 18:37:24      295.900277        0.276012
FIRE:  284 18:37:51      295.900253        0.211198
FIRE:  285 18:38:30      295.900224        0.148913
FIRE:  286 18:39:04      295.900207        0.217828
FIRE:  287 18:39:35      295.900166        0.145174
FIRE:  288 18:40:13      295.900137        0.210736
FIRE:  289 18:40:51      295.900088        0.160308
FIRE:  290 18:41:29      295.900053        0.253476
FIRE:  291 18:42:07      295.899987        0.156714
FIRE:  292 18:42:48      295.899939        0.188303
FIRE:  293 18:43:30      295.899930        0.347331
FIRE:  294 18:44:19      295.900157        0.794602
FIRE:  295 18:45:13      295.901636        1.824515
FIRE:  296 18:46:08      295.899778        0.196021
FIRE:  297 18:46:24      295.899778        0.200108
FIRE:  298 18:46:40      295.899777        0.202393
FIRE:  299 18:47:01      295.899777        0.196431
FIRE:  300 18:47:24      295.899778        0.195355
FIRE:  301 18:47:49      295.899778        0.198986
FIRE:  302 18:48:15      295.899778        0.199849
FIRE:  303 18:48:42      295.899777        0.200968
FIRE:  304 18:49:08      295.899777        0.201144
FIRE:  305 18:49:37      295.899777        0.198713
FIRE:  306 18:50:11      295.899776        0.195058
FIRE:  307 18:50:44      295.899774        0.190469
FIRE:  308 18:51:17      295.899774        0.185033
FIRE:  309 18:51:54      295.899771        0.187669
FIRE:  310 18:52:35      295.899769        0.182959
FIRE:  311 18:53:16      295.899764        0.178040
FIRE:  312 18:53:56      295.899769        0.172506
FIRE:  313 18:54:37      295.899770        0.164417
FIRE:  314 18:55:25      295.899780        0.157154
FIRE:  315 18:56:16      295.899802        0.152586
FIRE:  316 18:57:07      295.899898        0.175125
FIRE:  317 18:57:59      295.900695        0.659096
FIRE:  318 18:58:52      295.908303        2.083499
FIRE:  319 18:59:47      295.899979        0.253815
FIRE:  320 19:00:09      295.899928        0.213922
FIRE:  321 19:00:36      295.899877        0.219162
FIRE:  322 19:01:06      295.899882        0.210503
FIRE:  323 19:01:32      295.899918        0.209710
FIRE:  324 19:01:56      295.899925        0.213087
FIRE:  325 19:02:19      295.899895        0.215615
FIRE:  326 19:02:46      295.899867        0.222017
FIRE:  327 19:03:14      295.899883        0.222705
FIRE:  328 19:03:41      295.899902        0.223987
FIRE:  329 19:04:10      295.899870        0.221250
FIRE:  330 19:04:45      295.899863        0.219088
FIRE:  331 19:05:18      295.899882        0.216323
FIRE:  332 19:05:52      295.899844        0.217025
FIRE:  333 19:06:26      295.899864        0.222310
FIRE:  334 19:07:03      295.899822        0.232948
FIRE:  335 19:07:44      295.899840        0.232238
FIRE:  336 19:08:26      295.899794        0.237651
FIRE:  337 19:09:08      295.899740        0.234482
FIRE:  338 19:09:49      295.899673        0.223578
FIRE:  339 19:10:41      295.899594        0.358631
FIRE:  340 19:11:34      295.899501        1.236024
FIRE:  341 19:12:37      295.899586        3.992724
FIRE:  342 19:13:38      295.899347        0.893041
FIRE:  343 19:14:15      295.899340        0.634618
FIRE:  344 19:14:56      295.899333        0.265905
FIRE:  345 19:15:37      295.899332        0.302770
FIRE:  346 19:15:53      295.899331        0.295124
FIRE:  347 19:16:09      295.899330        0.294632
FIRE:  348 19:16:32      295.899328        0.293423
FIRE:  349 19:16:55      295.899326        0.291727
FIRE:  350 19:17:18      295.899324        0.282847
FIRE:  351 19:17:42      295.899322        0.290331
FIRE:  352 19:18:08      295.899321        0.278994
FIRE:  353 19:18:31      295.899319        0.292094
FIRE:  354 19:18:54      295.899316        0.275667
FIRE:  355 19:19:17      295.899311        0.279472
FIRE:  356 19:19:40      295.899306        0.285019
FIRE:  357 19:20:08      295.899299        0.298923
FIRE:  358 19:20:36      295.899292        0.306620
FIRE:  359 19:21:02      295.899283        0.310217
FIRE:  360 19:21:28      295.899271        0.303594
FIRE:  361 19:21:59      295.899256        0.286885
FIRE:  362 19:22:30      295.899241        0.278478
FIRE:  363 19:23:03      295.899222        0.279453
FIRE:  364 19:23:41      295.899197        0.289763
FIRE:  365 19:24:18      295.899176        0.293316
FIRE:  366 19:24:59      295.899147        0.277704
FIRE:  367 19:25:36      295.899123        0.269930
FIRE:  368 19:26:18      295.899095        0.264491
FIRE:  369 19:26:59      295.899069        0.235671
FIRE:  370 19:27:41      295.899056        0.239937
FIRE:  371 19:28:26      295.899082        0.257870
FIRE:  372 19:29:14      295.899466        0.384958
FIRE:  373 19:30:09      295.904847        1.437160
FIRE:  374 19:31:09      295.970489        5.088208
FIRE:  375 19:32:17      295.904303        1.332534
FIRE:  376 19:32:54      295.901638        0.917289
FIRE:  377 19:33:38      295.899332        0.301026
FIRE:  378 19:34:22      295.899872        0.523028
FIRE:  379 19:34:38      295.899755        0.490786
FIRE:  380 19:35:01      295.899556        0.397417
FIRE:  381 19:35:28      295.899340        0.306534
FIRE:  382 19:35:54      295.899173        0.309771
FIRE:  383 19:36:21      295.899101        0.314025
FIRE:  384 19:36:48      295.899128        0.310585
FIRE:  385 19:37:14      295.899213        0.312434
FIRE:  386 19:37:41      295.899300        0.311846
FIRE:  387 19:38:04      295.899328        0.313098
FIRE:  388 19:38:27      295.899263        0.312987
FIRE:  389 19:38:54      295.899149        0.311491
FIRE:  390 19:39:21      295.899105        0.313417
FIRE:  391 19:39:51      295.899192        0.306990
FIRE:  392 19:40:18      295.899260        0.308191
FIRE:  393 19:40:47      295.899173        0.299169
FIRE:  394 19:41:22      295.899113        0.297917
FIRE:  395 19:41:56      295.899228        0.297588
FIRE:  396 19:42:29      295.899177        0.294429
FIRE:  397 19:43:06      295.899153        0.295732
FIRE:  398 19:43:43      295.899216        0.295795
FIRE:  399 19:44:19      295.899135        0.301986
FIRE:  400 19:45:00      295.899200        0.304334
FIRE:  401 19:45:40      295.899224        0.307236
FIRE:  402 19:46:21      295.899119        0.326802
FIRE:  403 19:47:02      295.899069        0.360935
FIRE:  404 19:47:53      295.899061        0.320939
FIRE:  405 19:48:48      295.899675        0.536056
FIRE:  406 19:49:48      295.908656        1.872396
FIRE:  407 19:50:37      295.898793        0.264580
FIRE:  408 19:50:54      295.898767        0.266391
FIRE:  409 19:51:17      295.898741        0.252069
FIRE:  410 19:51:48      295.898735        0.248781
FIRE:  411 19:52:16      295.898742        0.243843
FIRE:  412 19:52:42      295.898740        0.241066
FIRE:  413 19:53:08      295.898724        0.240567
FIRE:  414 19:53:34      295.898704        0.242136
FIRE:  415 19:54:05      295.898699        0.242068
FIRE:  416 19:54:38      295.898694        0.243966
FIRE:  417 19:55:11      295.898661        0.247318
FIRE:  418 19:55:46      295.898633        0.250604
FIRE:  419 19:56:26      295.898621        0.263166
FIRE:  420 19:57:06      295.898569        0.270763
FIRE:  421 19:57:47      295.898539        0.279787
FIRE:  422 19:58:28      295.898468        0.292378
FIRE:  423 19:59:08      295.898424        0.309827
FIRE:  424 19:59:56      295.898324        0.318773
FIRE:  425 20:00:43      295.898213        0.311674
FIRE:  426 20:01:31      295.898092        0.299839
FIRE:  427 20:02:19      295.897966        0.287963
FIRE:  428 20:03:18      295.898126        1.031213
FIRE:  429 20:04:18      295.901558        3.508234
FIRE:  430 20:05:15      295.897650        0.642993
FIRE:  431 20:05:48      295.897592        0.472787
FIRE:  432 20:06:22      295.897536        0.186977
FIRE:  433 20:07:00      295.897535        0.231198
FIRE:  434 20:07:15      295.897533        0.222564
FIRE:  435 20:07:31      295.897529        0.194864
FIRE:  436 20:07:51      295.897525        0.191427
FIRE:  437 20:08:08      295.897521        0.191795
FIRE:  438 20:08:31      295.897517        0.192384
FIRE:  439 20:08:54      295.897515        0.188104
FIRE:  440 20:09:17      295.897513        0.185937
FIRE:  441 20:09:44      295.897511        0.187692
FIRE:  442 20:10:11      295.897507        0.187958
FIRE:  443 20:10:37      295.897500        0.188710
FIRE:  444 20:11:04      295.897489        0.189897
FIRE:  445 20:11:34      295.897478        0.188779
FIRE:  446 20:12:04      295.897467        0.190297
FIRE:  447 20:12:34      295.897454        0.191420
FIRE:  448 20:13:07      295.897433        0.191148
FIRE:  449 20:13:41      295.897403        0.191752
FIRE:  450 20:14:15      295.897375        0.191945
FIRE:  451 20:14:55      295.897337        0.199150
FIRE:  452 20:15:36      295.897280        0.205474
FIRE:  453 20:16:17      295.897224        0.215996
FIRE:  454 20:16:58      295.897143        0.224133
FIRE:  455 20:17:41      295.897060        0.218716
FIRE:  456 20:18:25      295.896946        0.208997
FIRE:  457 20:19:12      295.896808        0.194576
FIRE:  458 20:20:00      295.896645        0.173109
FIRE:  459 20:20:48      295.896513        0.205431
FIRE:  460 20:21:41      295.897045        0.569137
FIRE:  461 20:22:34      295.902063        1.502296
FIRE:  462 20:23:26      295.895785        0.113652
FIRE:  463 20:24:15      295.900713        1.326982
FIRE:  464 20:24:52      295.898538        0.994704
FIRE:  465 20:25:35      295.896228        0.410821
FIRE:  466 20:26:20      295.895947        0.277952
FIRE:  467 20:26:36      295.895921        0.268372
FIRE:  468 20:26:52      295.895875        0.238642
FIRE:  469 20:27:15      295.895820        0.194229
FIRE:  470 20:27:39      295.895769        0.122341
FIRE:  471 20:28:02      295.895736        0.109578
FIRE:  472 20:28:26      295.895726        0.109390
FIRE:  473 20:28:53      295.895734        0.110658
FIRE:  474 20:29:16      295.895751        0.123276
FIRE:  475 20:29:36      295.895762        0.147468
FIRE:  476 20:29:52      295.895757        0.148883
FIRE:  477 20:30:12      295.895726        0.135202
FIRE:  478 20:30:35      295.895683        0.106525
FIRE:  479 20:31:00      295.895656        0.105622
FIRE:  480 20:31:24      295.895656        0.110699
FIRE:  481 20:31:47      295.895647        0.117542
FIRE:  482 20:32:13      295.895600        0.111010
FIRE:  483 20:32:41      295.895539        0.100077
FIRE:  484 20:33:08      295.895518        0.117859
FIRE:  485 20:33:35      295.895460        0.118725
FIRE:  486 20:34:06      295.895375        0.097511
FIRE:  487 20:34:41      295.895326        0.114000
FIRE:  488 20:35:15      295.895208        0.091488
FIRE:  489 20:35:49      295.895134        0.119847
FIRE:  490 20:36:27      295.894986        0.105962
FIRE:  491 20:37:05      295.894849        0.093649
FIRE:  492 20:37:43      295.894728        0.118623
FIRE:  493 20:38:25      295.894702        0.253612
FIRE:  494 20:39:07      295.895068        0.526638
FIRE:  495 20:39:57      295.898232        1.227598
FIRE:  496 20:40:53      295.894197        0.106471
FIRE:  497 20:41:09      295.894195        0.108411
FIRE:  498 20:41:25      295.894191        0.111324
FIRE:  499 20:41:41      295.894190        0.115293
FIRE:  500 20:41:58      295.894192        0.120242
FIRE:  501 20:42:17      295.894193        0.120808
FIRE:  502 20:42:37      295.894189        0.118696
FIRE:  503 20:43:01      295.894183        0.114577
FIRE:  504 20:43:27      295.894181        0.110438
FIRE:  505 20:43:53      295.894183        0.107743
FIRE:  506 20:44:20      295.894177        0.105844
FIRE:  507 20:44:50      295.894164        0.105174
FIRE:  508 20:45:21      295.894165        0.109967
FIRE:  509 20:45:51      295.894153        0.110428
FIRE:  510 20:46:26      295.894149        0.101824
FIRE:  511 20:47:00      295.894141        0.100871
FIRE:  512 20:47:35      295.894147        0.105228
FIRE:  513 20:48:13      295.894131        0.099607
FIRE:  514 20:48:53      295.894130        0.103993
FIRE:  515 20:49:31      295.894160        0.120457
FIRE:  516 20:50:10      295.894426        0.331843
FIRE:  517 20:50:56      295.896506        0.924698
FIRE:  518 20:51:33      295.894117        0.095072
FIRE:  519 20:52:14      295.895902        0.802304
FIRE:  520 20:52:40      295.895157        0.619502
FIRE:  521 20:53:17      295.894322        0.281772
FIRE:  522 20:53:54      295.894134        0.114014
FIRE:  523 20:54:07      295.894130        0.110454
FIRE:  524 20:54:20      295.894123        0.100121
FIRE:  525 20:54:33      295.894114        0.099633
FIRE:  526 20:54:49      295.894105        0.100138
FIRE:  527 20:55:05      295.894099        0.100236
FIRE:  528 20:55:21      295.894097        0.100480
FIRE:  529 20:55:37      295.894098        0.100703
FIRE:  530 20:55:53      295.894102        0.101334
FIRE:  531 20:56:06      295.894106        0.102004
FIRE:  532 20:56:22      295.894107        0.102784
FIRE:  533 20:56:38      295.894103        0.103098
FIRE:  534 20:56:58      295.894094        0.099850
FIRE:  535 20:57:18      295.894089        0.104471
FIRE:  536 20:57:41      295.894092        0.106340
FIRE:  537 20:58:04      295.894096        0.098547
FIRE:  538 20:58:27      295.894087        0.101057
FIRE:  539 20:58:51      295.894071        0.097545
FIRE:  540 20:59:18      295.894072        0.097030
FIRE:  541 20:59:45      295.894064        0.101187
FIRE:  542 21:00:12      295.894045        0.100258
FIRE:  543 21:00:43      295.894041        0.101786
FIRE:  544 21:01:14      295.894013        0.100454
FIRE:  545 21:01:48      295.894002        0.092164
FIRE:  546 21:02:23      295.893970        0.090409
FIRE:  547 21:02:57      295.893930        0.083967
FIRE:  548 21:03:35      295.893898        0.088788
FIRE:  549 21:04:14      295.893946        0.217051
FIRE:  550 21:04:52      295.894472        0.516600
FIRE:  551 21:05:42      295.897703        1.204027
FIRE:  552 21:06:19      295.893631        0.076902
      Step     Time          Energy          fmax
FIRE:    0 17:34:32      309.526919       67.960370
FIRE:    1 17:35:58      300.927272       19.823469
FIRE:    2 17:37:18      299.228442       10.137473
FIRE:    3 17:38:33      299.146174       13.760849
FIRE:    4 17:39:48      298.874751       12.702253
FIRE:    5 17:41:00      298.323951        8.082627
FIRE:    6 17:42:16      298.127290        5.388378
FIRE:    7 17:43:27      297.972192        3.588341
FIRE:    8 17:44:41      298.157746        3.282330
FIRE:    9 17:45:26      298.102008        3.203371
FIRE:   10 17:46:26      297.996015        3.037013
FIRE:   11 17:47:26      297.849387        2.790702
FIRE:   12 17:48:32      297.674988        2.670306
FIRE:   13 17:49:46      297.484468        2.563625
FIRE:   14 17:51:03      297.288393        2.344056
FIRE:   15 17:52:10      297.107486        1.687380
FIRE:   16 17:53:21      296.978089        1.004013
FIRE:   17 17:54:42      296.991107        1.734065
FIRE:   18 17:55:52      297.132045        3.548798
FIRE:   19 17:56:33      297.107744        3.239608
FIRE:   20 17:57:15      297.067609        2.710006
FIRE:   21 17:58:07      297.023505        2.070893
FIRE:   22 17:59:00      296.984929        1.405957
FIRE:   23 17:59:53      296.955835        1.293805
FIRE:   24 18:00:49      296.935226        1.142188
FIRE:   25 18:01:45      296.920446        1.060924
FIRE:   26 18:02:42      296.908655        1.045586
FIRE:   27 18:03:38      296.900583        1.071234
FIRE:   28 18:04:36      296.897064        1.092911
FIRE:   29 18:05:33      296.896213        1.096012
FIRE:   30 18:06:22      296.892217        1.189007
FIRE:   31 18:07:14      296.876809        1.248100
FIRE:   32 18:08:14      296.843539        1.179356
FIRE:   33 18:09:13      296.793202        0.950292
FIRE:   34 18:10:20      296.734798        0.927697
FIRE:   35 18:11:27      296.666914        0.981242
FIRE:   36 18:12:34      296.566664        1.085352
FIRE:   37 18:13:48      296.422571        1.125763
FIRE:   38 18:14:58      296.228459        1.168609
FIRE:   39 18:16:05      296.109375        1.204672
FIRE:   40 18:17:11      296.131688        2.226638
FIRE:   41 18:18:21      296.227292        7.041965
FIRE:   42 18:19:31      296.196097        6.278838
FIRE:   43 18:20:25      296.112969        3.286205
FIRE:   44 18:21:20      296.080481        1.217527
FIRE:   45 18:21:51      296.078961        1.079620
FIRE:   46 18:22:24      296.076332        0.823413
FIRE:   47 18:22:58      296.073226        0.761965
FIRE:   48 18:23:36      296.070197        0.742378
FIRE:   49 18:24:14      296.067412        0.712924
FIRE:   50 18:24:52      296.064568        0.678235
FIRE:   51 18:25:29      296.061155        0.660227
FIRE:   52 18:26:11      296.056342        0.663672
FIRE:   53 18:26:55      296.049982        0.666397
FIRE:   54 18:27:40      296.042546        0.668796
FIRE:   55 18:28:25      296.034363        0.670827
FIRE:   56 18:29:10      296.024452        0.670911
FIRE:   57 18:29:56      296.011634        0.669992
FIRE:   58 18:30:42      295.996895        0.665565
FIRE:   59 18:31:28      295.980945        0.657908
FIRE:   60 18:32:16      295.962069        0.644589
FIRE:   61 18:33:09      295.941995        0.626575
FIRE:   62 18:33:55      295.934276        0.592459
FIRE:   63 18:34:42      295.933139        0.596696
FIRE:   64 18:35:37      295.932485        0.581860
FIRE:   65 18:36:23      295.932363        0.559066
FIRE:   66 18:37:19      295.931448        0.535875
FIRE:   67 18:38:15      295.929465        0.564847
FIRE:   68 18:39:08      295.927544        0.821514
FIRE:   69 18:40:10      295.931498        2.179916
FIRE:   70 18:41:17      295.983054        6.380003
FIRE:   71 18:42:25      295.926431        0.757806
FIRE:   72 18:42:59      295.925872        0.675611
FIRE:   73 18:43:37      295.925201        0.656460
FIRE:   74 18:44:14      295.924854        0.630322
FIRE:   75 18:44:52      295.924733        0.600207
FIRE:   76 18:45:33      295.924391        0.559389
FIRE:   77 18:46:14      295.923686        0.521544
FIRE:   78 18:46:56      295.922960        0.508543
FIRE:   79 18:47:38      295.922470        0.508447
FIRE:   80 18:48:19      295.921908        0.507535
FIRE:   81 18:49:00      295.920890        0.504841
FIRE:   82 18:49:45      295.920078        0.500070
FIRE:   83 18:50:29      295.919387        0.490729
FIRE:   84 18:51:14      295.918334        0.475624
FIRE:   85 18:52:05      295.917693        0.450881
FIRE:   86 18:53:00      295.916779        0.422897
FIRE:   87 18:53:51      295.916160        0.412257
FIRE:   88 18:54:43      295.915800        0.541635
FIRE:   89 18:55:41      295.915553        0.603229
FIRE:   90 18:56:39      295.915967        1.106221
FIRE:   91 18:57:38      295.920432        1.932913
FIRE:   92 18:58:31      295.913303        0.416919
FIRE:   93 18:59:23      295.917353        1.603940
FIRE:   94 18:59:56      295.915704        1.289920
FIRE:   95 19:00:34      295.913699        0.721915
FIRE:   96 19:01:16      295.912893        0.333614
FIRE:   97 19:01:54      295.913636        0.614423
FIRE:   98 19:02:07      295.913549        0.594652
FIRE:   99 19:02:26      295.913391        0.536651
FIRE:  100 19:02:50      295.913194        0.431865
FIRE:  101 19:03:16      295.912999        0.394718
FIRE:  102 19:03:43      295.912844        0.358608
FIRE:  103 19:04:10      295.912754        0.331586
FIRE:  104 19:04:37      295.912730        0.320405
FIRE:  105 19:05:04      295.912758        0.321009
FIRE:  106 19:05:31      295.912802        0.377623
FIRE:  107 19:05:58      295.912809        0.426391
FIRE:  108 19:06:25      295.912738        0.421988
FIRE:  109 19:06:52      295.912577        0.341018
FIRE:  110 19:07:23      295.912391        0.322892
FIRE:  111 19:07:56      295.912279        0.338907
FIRE:  112 19:08:30      295.912237        0.369465
FIRE:  113 19:09:04      295.912116        0.372570
FIRE:  114 19:09:38      295.911845        0.328422
FIRE:  115 19:10:16      295.911618        0.299646
FIRE:  116 19:10:57      295.911472        0.333682
FIRE:  117 19:11:39      295.911142        0.294028
FIRE:  118 19:12:17      295.910864        0.320400
FIRE:  119 19:12:59      295.910594        0.321137
FIRE:  120 19:13:43      295.910271        0.272450
FIRE:  121 19:14:29      295.910022        0.269876
FIRE:  122 19:15:17      295.909902        0.304414
FIRE:  123 19:16:06      295.909765        0.253399
FIRE:  124 19:16:58      295.909828        0.260098
FIRE:  125 19:17:49      295.910196        0.263414
FIRE:  126 19:18:41      295.911069        0.340828
FIRE:  127 19:19:34      295.914951        1.058571
FIRE:  128 19:20:34      295.958613        4.053451
FIRE:  129 19:21:42      295.916431        1.104067
FIRE:  130 19:22:16      295.914695        0.766228
FIRE:  131 19:23:01      295.913224        0.301406
FIRE:  132 19:23:46      295.913628        0.447029
FIRE:  133 19:24:02      295.913554        0.436909
FIRE:  134 19:24:21      295.913428        0.382594
FIRE:  135 19:24:45      295.913294        0.322976
FIRE:  136 19:25:11      295.913194        0.309074
FIRE:  137 19:25:39      295.913158        0.301872
FIRE:  138 19:26:05      295.913189        0.302202
FIRE:  139 19:26:32      295.913259        0.302680
FIRE:  140 19:26:59      295.913335        0.304532
FIRE:  141 19:27:26      295.913376        0.304915
FIRE:  142 19:27:53      295.913362        0.303390
FIRE:  143 19:28:20      295.913325        0.305446
FIRE:  144 19:28:51      295.913345        0.307033
FIRE:  145 19:29:19      295.913454        0.310173
FIRE:  146 19:29:47      295.913552        0.321341
FIRE:  147 19:30:18      295.913560        0.300566
FIRE:  148 19:30:53      295.913617        0.296955
FIRE:  149 19:31:28      295.913787        0.291516
FIRE:  150 19:32:05      295.913844        0.292239
FIRE:  151 19:32:42      295.913929        0.281957
FIRE:  152 19:33:24      295.913981        0.283965
FIRE:  153 19:34:06      295.913970        0.258917
FIRE:  154 19:34:52      295.913906        0.277771
FIRE:  155 19:35:34      295.913841        0.314860
FIRE:  156 19:36:24      295.913595        0.351312
FIRE:  157 19:37:12      295.913253        0.376973
FIRE:  158 19:38:05      295.913171        0.553122
FIRE:  159 19:39:00      295.915748        1.546797
FIRE:  160 19:40:01      295.939647        4.159637
FIRE:  161 19:41:04      295.911743        0.394202
FIRE:  162 19:41:30      295.911665        0.371177
FIRE:  163 19:42:04      295.911576        0.363316
FIRE:  164 19:42:37      295.911550        0.355621
FIRE:  165 19:43:11      295.911579        0.352005
FIRE:  166 19:43:41      295.911588        0.348921
FIRE:  167 19:44:12      295.911545        0.355965
FIRE:  168 19:44:42      295.911491        0.367336
FIRE:  169 19:45:09      295.911485        0.383010
FIRE:  170 19:45:41      295.911491        0.381139
FIRE:  171 19:46:15      295.911428        0.364807
FIRE:  172 19:46:53      295.911360        0.334590
FIRE:  173 19:47:31      295.911370        0.317547
FIRE:  174 19:48:05      295.911286        0.314403
FIRE:  175 19:48:44      295.911272        0.341148
FIRE:  176 19:49:22      295.911193        0.321548
FIRE:  177 19:50:04      295.911230        0.309617
FIRE:  178 19:50:53      295.911215        0.343488
FIRE:  179 19:51:45      295.911244        0.341325
FIRE:  180 19:52:27      295.911361        0.374464
FIRE:  181 19:53:16      295.912008        0.716215
FIRE:  182 19:54:12      295.916779        2.310658
FIRE:  183 19:55:04      295.911633        0.300752
FIRE:  184 19:55:53      295.915776        1.958222
FIRE:  185 19:56:33      295.914016        1.468512
FIRE:  186 19:57:18      295.912102        0.614398
FIRE:  187 19:57:59      295.911778        0.398266
FIRE:  188 19:58:12      295.911764        0.386072
FIRE:  189 19:58:29      295.911739        0.349822
FIRE:  190 19:58:45      295.911710        0.295245
FIRE:  191 19:59:08      295.911683        0.287851
FIRE:  192 19:59:31      295.911667        0.281259
FIRE:  193 19:59:54      295.911666        0.275336
FIRE:  194 20:00:17      295.911677        0.271185
FIRE:  195 20:00:40      295.911696        0.267714
FIRE:  196 20:01:04      295.911717        0.264000
FIRE:  197 20:01:27      295.911729        0.263146
FIRE:  198 20:01:53      295.911725        0.265635
FIRE:  199 20:02:20      295.911714        0.267323
FIRE:  200 20:02:47      295.911719        0.271242
FIRE:  201 20:03:14      295.911749        0.274053
FIRE:  202 20:03:41      295.911786        0.273642
FIRE:  203 20:04:12      295.911797        0.267035
FIRE:  204 20:04:43      295.911810        0.259106
FIRE:  205 20:05:17      295.911870        0.248967
FIRE:  206 20:05:50      295.911914        0.248233
FIRE:  207 20:06:28      295.911951        0.262183
FIRE:  208 20:07:09      295.912040        0.271700
FIRE:  209 20:07:51      295.912095        0.286989
FIRE:  210 20:08:32      295.912207        0.290125
FIRE:  211 20:09:13      295.912296        0.311024
FIRE:  212 20:09:58      295.912381        0.305200
FIRE:  213 20:10:46      295.912481        0.329742
FIRE:  214 20:11:30      295.912609        0.351132
FIRE:  215 20:12:16      295.913361        0.591538
FIRE:  216 20:13:12      295.921774        1.844073
FIRE:  217 20:14:03      295.912188        0.312267
FIRE:  218 20:14:51      295.919969        1.698538
FIRE:  219 20:15:28      295.916530        1.279254
FIRE:  220 20:16:05      295.912883        0.542223
FIRE:  221 20:16:49      295.912436        0.312021
FIRE:  222 20:17:05      295.912397        0.306292
FIRE:  223 20:17:21      295.912327        0.299801
FIRE:  224 20:17:44      295.912243        0.298554
FIRE:  225 20:18:07      295.912167        0.296491
FIRE:  226 20:18:30      295.912116        0.290670
FIRE:  227 20:18:53      295.912098        0.284882
FIRE:  228 20:19:16      295.912108        0.279853
FIRE:  229 20:19:39      295.912134        0.276585
FIRE:  230 20:19:59      295.912153        0.274390
FIRE:  231 20:20:22      295.912148        0.271502
FIRE:  232 20:20:45      295.912102        0.271654
FIRE:  233 20:21:11      295.912037        0.274632
FIRE:  234 20:21:39      295.912002        0.275471
FIRE:  235 20:22:09      295.912006        0.276672
FIRE:  236 20:22:39      295.911988        0.274951
FIRE:  237 20:23:13      295.911907        0.266389
FIRE:  238 20:23:46      295.911832        0.257681
FIRE:  239 20:24:24      295.911805        0.254640
FIRE:  240 20:25:01      295.911696        0.251527
FIRE:  241 20:25:41      295.911582        0.249924
FIRE:  242 20:26:21      295.911481        0.248039
FIRE:  243 20:27:02      295.911300        0.240022
FIRE:  244 20:27:43      295.911124        0.235979
FIRE:  245 20:28:25      295.910926        0.242848
FIRE:  246 20:29:07      295.910622        0.233173
FIRE:  247 20:29:49      295.910267        0.253675
FIRE:  248 20:30:34      295.909898        0.292226
FIRE:  249 20:31:20      295.910205        0.716426
FIRE:  250 20:32:14      295.917545        2.080396
FIRE:  251 20:33:09      295.908587        0.297703
FIRE:  252 20:33:25      295.908575        0.299472
FIRE:  253 20:33:42      295.908559        0.304260
FIRE:  254 20:34:05      295.908546        0.291285
FIRE:  255 20:34:29      295.908533        0.284607
FIRE:  256 20:34:55      295.908515        0.284689
FIRE:  257 20:35:22      295.908484        0.279482
FIRE:  258 20:35:49      295.908448        0.276162
FIRE:  259 20:36:16      295.908411        0.273168
FIRE:  260 20:36:43      295.908370        0.269253
FIRE:  261 20:37:11      295.908301        0.265055
FIRE:  262 20:37:41      295.908219        0.256318
FIRE:  263 20:38:13      295.908136        0.249531
FIRE:  264 20:38:46      295.908004        0.240954
FIRE:  265 20:39:25      295.907866        0.242196
FIRE:  266 20:40:03      295.907683        0.230145
FIRE:  267 20:40:41      295.907494        0.216672
FIRE:  268 20:41:18      295.907244        0.206534
FIRE:  269 20:42:01      295.906954        0.202299
FIRE:  270 20:42:42      295.906636        0.209298
FIRE:  271 20:43:28      295.906421        0.331230
FIRE:  272 20:44:13      295.907792        1.124796
FIRE:  273 20:45:09      295.924053        3.388627
FIRE:  274 20:46:08      295.905730        0.480609
FIRE:  275 20:46:38      295.905561        0.351631
FIRE:  276 20:47:11      295.905394        0.196348
FIRE:  277 20:47:44      295.905392        0.190230
FIRE:  278 20:48:18      295.905499        0.281341
FIRE:  279 20:48:48      295.905525        0.317959
FIRE:  280 20:49:19      295.905428        0.230403
FIRE:  281 20:49:49      295.905326        0.191773
FIRE:  282 20:50:20      295.905344        0.196268
FIRE:  283 20:50:51      295.905396        0.277806
FIRE:  284 20:51:22      295.905302        0.193133
FIRE:  285 20:51:57      295.905232        0.187141
FIRE:  286 20:52:32      295.905272        0.220608
FIRE:  287 20:53:12      295.905144        0.183902
FIRE:  288 20:53:53      295.905167        0.237377
FIRE:  289 20:54:34      295.905024        0.178764
FIRE:  290 20:55:15      295.905057        0.263812
FIRE:  291 20:56:00      295.904925        0.197418
FIRE:  292 20:56:45      295.904784        0.160145
FIRE:  293 20:57:30      295.904673        0.164366
FIRE:  294 20:58:18      295.904593        0.273225
FIRE:  295 20:59:06      295.904746        1.025321
FIRE:  296 21:00:06      295.907679        3.726104
FIRE:  297 21:00:58      295.904612        0.860011
FIRE:  298 21:01:28      295.904509        0.587167
FIRE:  299 21:02:05      295.904422        0.258619
FIRE:  300 21:02:43      295.904442        0.339857
FIRE:  301 21:02:59      295.904438        0.328951
FIRE:  302 21:03:14      295.904430        0.284427
FIRE:  303 21:03:31      295.904422        0.257580
FIRE:  304 21:03:54      295.904414        0.259288
FIRE:  305 21:04:21      295.904411        0.261197
FIRE:  306 21:04:48      295.904412        0.255567
FIRE:  307 21:05:14      295.904415        0.264840
FIRE:  308 21:05:37      295.904418        0.257024
FIRE:  309 21:05:57      295.904418        0.261049
FIRE:  310 21:06:20      295.904412        0.256028
FIRE:  311 21:06:46      295.904401        0.258892
FIRE:  312 21:07:13      295.904393        0.257427
FIRE:  313 21:07:40      295.904395        0.257288
FIRE:  314 21:08:07      295.904394        0.256438
FIRE:  315 21:08:37      295.904378        0.252338
FIRE:  316 21:09:08      295.904361        0.254290
FIRE:  317 21:09:39      295.904358        0.254461
FIRE:  318 21:10:13      295.904335        0.243161
FIRE:  319 21:10:50      295.904313        0.246423
FIRE:  320 21:11:27      295.904295        0.242004
FIRE:  321 21:12:05      295.904256        0.241032
FIRE:  322 21:12:46      295.904221        0.234912
FIRE:  323 21:13:27      295.904170        0.214360
FIRE:  324 21:14:14      295.904083        0.202396
FIRE:  325 21:15:03      295.903983        0.186747
FIRE:  326 21:15:50      295.903898        0.240838
FIRE:  327 21:16:38      295.904235        0.779333
FIRE:  328 21:17:31      295.908121        2.301429
FIRE:  329 21:18:27      295.903442        0.207907
FIRE:  330 21:18:43      295.903433        0.212030
FIRE:  331 21:19:06      295.903422        0.215485
FIRE:  332 21:19:35      295.903413        0.210498
FIRE:  333 21:20:01      295.903410        0.214461
FIRE:  334 21:20:24      295.903403        0.218536
FIRE:  335 21:20:47      295.903384        0.221602
FIRE:  336 21:21:14      295.903359        0.221673
FIRE:  337 21:21:41      295.903339        0.230578
FIRE:  338 21:22:11      295.903318        0.235603
FIRE:  339 21:22:42      295.903278        0.238773
FIRE:  340 21:23:16      295.903227        0.232332
FIRE:  341 21:23:49      295.903181        0.230587
FIRE:  342 21:24:23      295.903104        0.232435
FIRE:  343 21:25:00      295.903025        0.238411
FIRE:  344 21:25:42      295.902911        0.238490
FIRE:  345 21:26:22      295.902785        0.238908
FIRE:  346 21:27:07      295.902602        0.234015
FIRE:  347 21:27:51      295.902379        0.218940
FIRE:  348 21:28:43      295.902119        0.210105
FIRE:  349 21:29:35      295.902049        0.344936
FIRE:  350 21:30:27      295.905361        1.204976
FIRE:  351 21:31:26      295.944198        3.954603
FIRE:  352 21:32:21      295.901781        0.588424
FIRE:  353 21:32:48      295.901279        0.431532
FIRE:  354 21:33:21      295.900782        0.252769
FIRE:  355 21:33:58      295.900778        0.255393
FIRE:  356 21:34:32      295.901088        0.394635
FIRE:  357 21:34:59      295.901173        0.439340
FIRE:  358 21:35:32      295.900901        0.316664
FIRE:  359 21:36:09      295.900634        0.256293
FIRE:  360 21:36:43      295.900721        0.259865
FIRE:  361 21:37:17      295.900878        0.348464
FIRE:  362 21:37:50      295.900602        0.266118
FIRE:  363 21:38:28      295.900469        0.264362
FIRE:  364 21:39:06      295.900627        0.312426
FIRE:  365 21:39:43      295.900288        0.270460
FIRE:  366 21:40:23      295.900403        0.295214
FIRE:  367 21:41:03      295.900038        0.269083
FIRE:  368 21:41:48      295.900193        0.332251
FIRE:  369 21:42:33      295.899954        0.287565
FIRE:  370 21:43:16      295.899639        0.232024
FIRE:  371 21:44:04      295.899457        0.218456
FIRE:  372 21:44:52      295.900026        0.557954
FIRE:  373 21:45:44      295.908529        1.835294
FIRE:  374 21:46:32      295.899065        0.226348
FIRE:  375 21:46:48      295.899061        0.229033
FIRE:  376 21:47:07      295.899057        0.225436
FIRE:  377 21:47:30      295.899059        0.221789
FIRE:  378 21:47:56      295.899068        0.220711
FIRE:  379 21:48:22      295.899076        0.219826
FIRE:  380 21:48:48      295.899077        0.219068
FIRE:  381 21:49:15      295.899077        0.219127
FIRE:  382 21:49:42      295.899086        0.220257
FIRE:  383 21:50:09      295.899102        0.223382
FIRE:  384 21:50:38      295.899110        0.226990
FIRE:  385 21:51:09      295.899118        0.237634
FIRE:  386 21:51:43      295.899150        0.251252
FIRE:  387 21:52:17      295.899177        0.251724
FIRE:  388 21:52:54      295.899228        0.252741
FIRE:  389 21:53:35      295.899287        0.247190
FIRE:  390 21:54:16      295.899378        0.236105
FIRE:  391 21:54:56      295.899473        0.225029
FIRE:  392 21:55:41      295.899615        0.207715
FIRE:  393 21:56:28      295.899816        0.178092
FIRE:  394 21:57:16      295.900170        0.203300
FIRE:  395 21:58:05      295.902287        0.835678
FIRE:  396 21:59:01      295.923127        2.837203
FIRE:  397 21:59:50      295.901084        0.378013
FIRE:  398 22:00:16      295.900891        0.277312
FIRE:  399 22:00:44      295.900704        0.141701
FIRE:  400 22:01:14      295.900712        0.144176
FIRE:  401 22:01:42      295.900851        0.238694
FIRE:  402 22:02:09      295.900910        0.276660
FIRE:  403 22:02:36      295.900824        0.212474
FIRE:  404 22:03:04      295.900725        0.134675
FIRE:  405 22:03:31      295.900775        0.133451
FIRE:  406 22:03:58      295.900886        0.229408
FIRE:  407 22:04:25      295.900830        0.166588
FIRE:  408 22:05:00      295.900792        0.133609
FIRE:  409 22:05:31      295.900934        0.206502
FIRE:  410 22:06:05      295.900862        0.142312
FIRE:  411 22:06:39      295.900985        0.200326
FIRE:  412 22:07:20      295.900934        0.172143
FIRE:  413 22:07:58      295.901122        0.237770
FIRE:  414 22:08:39      295.901035        0.176564
FIRE:  415 22:09:20      295.901041        0.169119
FIRE:  416 22:10:02      295.901231        0.251156
FIRE:  417 22:10:47      295.902611        0.758189
FIRE:  418 22:11:40      295.912489        2.025080
FIRE:  419 22:12:21      295.900993        0.110429
FIRE:  420 22:12:34      295.900989        0.110993
FIRE:  421 22:12:50      295.900984        0.111710
FIRE:  422 22:13:06      295.900981        0.112028
FIRE:  423 22:13:26      295.900979        0.112858
FIRE:  424 22:13:45      295.900976        0.114022
FIRE:  425 22:14:05      295.900968        0.114992
FIRE:  426 22:14:25      295.900958        0.111906
FIRE:  427 22:14:48      295.900950        0.113416
FIRE:  428 22:15:11      295.900941        0.117803
FIRE:  429 22:15:38      295.900923        0.118416
FIRE:  430 22:16:06      295.900901        0.119801
FIRE:  431 22:16:36      295.900881        0.119957
FIRE:  432 22:17:06      295.900847        0.120131
FIRE:  433 22:17:40      295.900809        0.123075
FIRE:  434 22:18:14      295.900761        0.118950
FIRE:  435 22:18:48      295.900707        0.111754
FIRE:  436 22:19:26      295.900629        0.108472
FIRE:  437 22:20:04      295.900534        0.100492
FIRE:  438 22:20:42      295.900423        0.094991
FIRE:  439 22:21:21      295.900350        0.175872
FIRE:  440 22:22:06      295.901188        0.625533
FIRE:  441 22:22:59      295.910774        1.983625
FIRE:  442 22:23:49      295.900021        0.222049
FIRE:  443 22:24:12      295.899951        0.163580
FIRE:  444 22:24:38      295.899880        0.101649
FIRE:  445 22:25:04      295.899874        0.101830
FIRE:  446 22:25:31      295.899916        0.144362
FIRE:  447 22:25:54      295.899930        0.171010
FIRE:  448 22:26:14      295.899887        0.145708
FIRE:  449 22:26:37      295.899837        0.093657
FIRE:  450 22:27:04      295.899842        0.093352
FIRE:  451 22:27:28      295.899861        0.137682
FIRE:  452 22:27:55      295.899809        0.092256
FIRE:  453 22:28:26      295.899768        0.093935
FIRE:  454 22:28:54      295.899773        0.119001
FIRE:  455 22:29:24      295.899702        0.091374
FIRE:  456 22:29:55      295.899694        0.116927
FIRE:  457 22:30:29      295.899602        0.085047
FIRE:  458 22:31:04      295.899591        0.142854
FIRE:  459 22:31:39      295.899486        0.100968
FIRE:  460 22:32:18      295.899367        0.090530
FIRE:  461 22:32:56      295.899252        0.104863
FIRE:  462 22:33:38      295.899146        0.189291
FIRE:  463 22:34:23      295.899324        0.676924
FIRE:  464 22:35:15      295.903045        2.309728
FIRE:  465 22:36:03      295.899006        0.510306
FIRE:  466 22:36:29      295.898909        0.360935
FIRE:  467 22:36:59      295.898821        0.101503
FIRE:  468 22:37:32      295.898847        0.181316
FIRE:  469 22:37:48      295.898842        0.177986
FIRE:  470 22:38:04      295.898833        0.153855
FIRE:  471 22:38:20      295.898823        0.118483
FIRE:  472 22:38:36      295.898815        0.105893
FIRE:  473 22:38:59      295.898810        0.105598
FIRE:  474 22:39:22      295.898811        0.105808
FIRE:  475 22:39:44      295.898814        0.106793
FIRE:  476 22:40:00      295.898818        0.107927
FIRE:  477 22:40:16      295.898818        0.108269
FIRE:  478 22:40:35      295.898812        0.106056
FIRE:  479 22:40:55      295.898800        0.110610
FIRE:  480 22:41:19      295.898792        0.102176
FIRE:  481 22:41:43      295.898791        0.103969
FIRE:  482 22:42:07      295.898790        0.105485
FIRE:  483 22:42:30      295.898776        0.104696
FIRE:  484 22:42:54      295.898759        0.103629
FIRE:  485 22:43:21      295.898753        0.103987
FIRE:  486 22:43:48      295.898736        0.104970
FIRE:  487 22:44:18      295.898710        0.106123
FIRE:  488 22:44:46      295.898696        0.104458
FIRE:  489 22:45:17      295.898660        0.102278
FIRE:  490 22:45:51      295.898646        0.093394
FIRE:  491 22:46:25      295.898610        0.085599
FIRE:  492 22:47:03      295.898574        0.082705
FIRE:  493 22:47:41      295.898568        0.091681
FIRE:  494 22:48:23      295.898652        0.213630
FIRE:  495 22:49:04      295.899453        0.582564
FIRE:  496 22:49:56      295.905205        1.540870
FIRE:  497 22:50:39      295.898566        0.084553
FIRE:  498 22:50:55      295.898562        0.086396
FIRE:  499 22:51:11      295.898558        0.086732
FIRE:  500 22:51:27      295.898559        0.087598
FIRE:  501 22:51:44      295.898566        0.087850
FIRE:  502 22:52:00      295.898572        0.087675
FIRE:  503 22:52:19      295.898573        0.088168
FIRE:  504 22:52:39      295.898571        0.084269
FIRE:  505 22:53:02      295.898578        0.087533
FIRE:  506 22:53:26      295.898590        0.082536
FIRE:  507 22:53:53      295.898594        0.082160
FIRE:  508 22:54:20      295.898598        0.082506
FIRE:  509 22:54:47      295.898621        0.082535
FIRE:  510 22:55:15      295.898635        0.084075
FIRE:  511 22:55:46      295.898666        0.088831
FIRE:  512 22:56:20      295.898701        0.090120
FIRE:  513 22:56:55      295.898762        0.084340
FIRE:  514 22:57:29      295.898822        0.082551
FIRE:  515 22:58:07      295.898913        0.090233
FIRE:  516 22:58:45      295.899053        0.098887
FIRE:  517 22:59:27      295.899396        0.287939
FIRE:  518 23:00:08      295.901116        0.785897
FIRE:  519 23:00:45      295.899382        0.089229
FIRE:  520 23:01:25      295.900697        0.694681
FIRE:  521 23:01:51      295.900155        0.535602
FIRE:  522 23:02:24      295.899551        0.251894
FIRE:  523 23:02:57      295.899423        0.096102
FIRE:  524 23:03:10      295.899420        0.094088
FIRE:  525 23:03:23      295.899415        0.084878
FIRE:  526 23:03:36      295.899409        0.085037
FIRE:  527 23:03:51      295.899404        0.085006
FIRE:  528 23:04:07      295.899402        0.085767
FIRE:  529 23:04:23      295.899402        0.087134
FIRE:  530 23:04:39      295.899405        0.088566
FIRE:  531 23:04:55      295.899411        0.090169
FIRE:  532 23:05:08      295.899419        0.090552
FIRE:  533 23:05:21      295.899424        0.092860
FIRE:  534 23:05:37      295.899427        0.093271
FIRE:  535 23:05:53      295.899428        0.093114
FIRE:  536 23:06:12      295.899432        0.088922
FIRE:  537 23:06:32      295.899445        0.084423
FIRE:  538 23:06:52      295.899461        0.084615
FIRE:  539 23:07:15      295.899469        0.084839
FIRE:  540 23:07:38      295.899477        0.087409
FIRE:  541 23:08:05      295.899500        0.092029
FIRE:  542 23:08:32      295.899528        0.093122
FIRE:  543 23:08:59      295.899552        0.090746
FIRE:  544 23:09:30      295.899598        0.086303
FIRE:  545 23:10:04      295.899638        0.085787
FIRE:  546 23:10:38      295.899699        0.097489
FIRE:  547 23:11:12      295.899752        0.118964
FIRE:  548 23:11:46      295.899812        0.108458
FIRE:  549 23:12:24      295.899888        0.106331
FIRE:  550 23:13:02      295.900017        0.180742
FIRE:  551 23:13:44      295.900434        0.435251
FIRE:  552 23:14:26      295.902780        1.006890
FIRE:  553 23:15:04      295.899894        0.080352
FIRE:  554 23:15:45      295.902169        0.922818
FIRE:  555 23:16:18      295.901181        0.699000
FIRE:  556 23:16:51      295.900113        0.310968
FIRE:  557 23:17:28      295.899939        0.154590
FIRE:  558 23:17:40      295.899929        0.149546
FIRE:  559 23:17:53      295.899913        0.132313
FIRE:  560 23:18:10      295.899892        0.107477
FIRE:  561 23:18:26      295.899873        0.086389
FIRE:  562 23:18:41      295.899859        0.085701
FIRE:  563 23:18:57      295.899853        0.085550
FIRE:  564 23:19:13      295.899855        0.086270
FIRE:  565 23:19:30      295.899861        0.087666
FIRE:  566 23:19:45      295.899866        0.104378
FIRE:  567 23:20:01      295.899862        0.115948
FIRE:  568 23:20:17      295.899845        0.107120
FIRE:  569 23:20:40      295.899819        0.093308
FIRE:  570 23:21:03      295.899799        0.086350
FIRE:  571 23:21:26      295.899791        0.088709
FIRE:  572 23:21:46      295.899780        0.091197
FIRE:  573 23:22:09      295.899746        0.091387
FIRE:  574 23:22:36      295.899700        0.091635
FIRE:  575 23:23:03      295.899670        0.096633
FIRE:  576 23:23:31      295.899621        0.095819
FIRE:  577 23:23:58      295.899547        0.097714
FIRE:  578 23:24:26      295.899481        0.097462
FIRE:  579 23:24:57      295.899364        0.090898
FIRE:  580 23:25:29      295.899252        0.090861
FIRE:  581 23:26:02      295.899081        0.082809
FIRE:  582 23:26:36      295.898875        0.078877
