      Step     Time          Energy          fmax
BFGS:    0 20:08:06      648.386804      436.659175
BFGS:    1 20:08:36      367.073535      172.454496
BFGS:    2 20:08:59      324.251160       20.921425
BFGS:    3 20:09:22      332.687992       70.939681
BFGS:    4 20:09:46      323.313151        7.245358
BFGS:    5 20:10:03      323.027897        9.549682
BFGS:    6 20:10:24      318.583684       33.609792
BFGS:    7 20:10:45      312.625680       31.126001
BFGS:    8 20:11:14      305.833059       15.374010
BFGS:    9 20:11:39      302.944095       11.565312
BFGS:   10 20:12:04      303.185588       13.415041
BFGS:   11 20:12:25      302.106738        3.379887
BFGS:   12 20:12:45      301.984434        4.512803
BFGS:   13 20:13:01      301.853997        2.365618
BFGS:   14 20:13:19      301.708179        1.391600
BFGS:   15 20:13:36      301.484924        2.432426
BFGS:   16 20:13:48      301.394430        2.467479
BFGS:   17 20:14:08      300.887130        3.718051
BFGS:   18 20:14:25      300.511956        7.115732
BFGS:   19 20:14:44      300.081321        8.771198
BFGS:   20 20:15:01      299.611166        7.609076
BFGS:   21 20:15:19      299.144556        6.290439
BFGS:   22 20:15:37      298.759116        4.153241
BFGS:   23 20:15:57      298.334454        3.247510
BFGS:   24 20:16:14      297.938640        2.821961
BFGS:   25 20:16:34      297.724468        2.331783
BFGS:   26 20:16:51      297.605065        2.093673
BFGS:   27 20:17:09      297.420470        2.198952
BFGS:   28 20:17:28      297.218744        2.883721
BFGS:   29 20:17:46      296.930159        3.986608
BFGS:   30 20:18:00      296.781219        2.716034
BFGS:   31 20:18:18      296.608327        1.643866
BFGS:   32 20:18:33      296.596822        2.801756
BFGS:   33 20:18:47      296.547776        1.913349
BFGS:   34 20:18:59      296.519012        1.901248
BFGS:   35 20:19:14      296.473632        1.906947
BFGS:   36 20:19:29      296.396291        2.071462
BFGS:   37 20:19:49      296.237438        2.227842
BFGS:   38 20:20:06      296.063968        2.655073
BFGS:   39 20:20:24      295.938291        2.559975
BFGS:   40 20:20:40      295.756350        4.223015
BFGS:   41 20:20:58      295.625027        2.109522
BFGS:   42 20:21:13      295.483975        1.877555
BFGS:   43 20:21:29      295.379795        1.555756
BFGS:   44 20:21:43      295.343359        1.156389
BFGS:   45 20:21:55      295.319427        1.019867
BFGS:   46 20:22:08      295.282771        1.057083
BFGS:   47 20:22:24      295.191764        1.479622
BFGS:   48 20:22:39      295.139546        1.297060
BFGS:   49 20:22:56      295.090290        0.991469
BFGS:   50 20:23:10      295.074762        0.868891
BFGS:   51 20:23:21      295.060217        0.820242
BFGS:   52 20:23:32      295.049491        0.703982
BFGS:   53 20:23:45      295.037563        0.533035
BFGS:   54 20:23:58      295.026106        0.512502
BFGS:   55 20:24:12      295.014701        0.560717
BFGS:   56 20:24:23      295.008241        0.573844
BFGS:   57 20:24:37      294.999586        0.561929
BFGS:   58 20:24:55      294.987279        0.569493
BFGS:   59 20:25:07      294.980079        0.470819
BFGS:   60 20:25:20      294.970343        0.378589
BFGS:   61 20:25:31      294.966548        0.307661
BFGS:   62 20:25:42      294.963069        0.271114
BFGS:   63 20:25:54      294.956620        0.222953
BFGS:   64 20:26:05      294.951671        0.175779
BFGS:   65 20:26:15      294.949765        0.166059
BFGS:   66 20:26:26      294.949225        0.164878
BFGS:   67 20:26:36      294.948735        0.172275
BFGS:   68 20:26:46      294.947740        0.183155
BFGS:   69 20:27:04      294.955445        0.400461
BFGS:   70 20:27:21      294.942726        0.205580
BFGS:   71 20:27:32      294.940673        0.208329
BFGS:   72 20:27:46      294.938012        0.204301
BFGS:   73 20:27:57      294.936574        0.167888
BFGS:   74 20:28:09      294.935969        0.121683
BFGS:   75 20:28:19      294.935182        0.136432
BFGS:   76 20:28:33      294.935300        0.215754
BFGS:   77 20:28:44      294.933579        0.193866
BFGS:   78 20:28:55      294.930529        0.210600
BFGS:   79 20:29:06      294.928525        0.224296
BFGS:   80 20:29:26      294.928620        0.318093
BFGS:   81 20:29:42      294.926833        0.392011
BFGS:   82 20:29:53      294.916186        0.225429
BFGS:   83 20:30:10      294.916793        0.494470
BFGS:   84 20:30:23      294.911630        0.108368
BFGS:   85 20:30:42      294.914857        0.876813
BFGS:   86 20:30:55      294.906084        0.293997
BFGS:   87 20:31:16      294.918962        1.025828
BFGS:   88 20:31:31      294.912814        0.501974
BFGS:   89 20:31:50      294.915860        0.853717
BFGS:   90 20:32:07      294.906575        0.102712
BFGS:   91 20:32:20      294.904714        0.242336
BFGS:   92 20:32:33      294.904307        0.143045
BFGS:   93 20:32:43      294.903716        0.048059
