      Step     Time          Energy          fmax
FIRE:    0 09:04:25      306.458175       42.909415
FIRE:    1 09:06:51      302.216887       16.878904
FIRE:    2 09:09:14      301.153615        7.666459
FIRE:    3 09:11:50      300.857212        5.017642
FIRE:    4 09:14:14      300.803642        6.531539
FIRE:    5 09:16:13      300.698930        5.364164
FIRE:    6 09:18:14      300.568079        3.589719
FIRE:    7 09:20:23      300.476530        2.162191
FIRE:    8 09:22:39      300.427618        1.934022
FIRE:    9 09:24:29      300.391641        1.767273
FIRE:   10 09:26:32      300.352789        1.976839
FIRE:   11 09:28:40      300.318843        2.114905
FIRE:   12 09:30:48      300.300827        1.880076
FIRE:   13 09:32:58      300.303429        2.022832
FIRE:   14 09:35:09      300.312157        2.923997
FIRE:   15 09:37:20      300.305857        3.044590
FIRE:   16 09:39:43      300.268976        1.705059
FIRE:   17 09:42:05      300.230634        2.349837
FIRE:   18 09:44:20      300.207135        3.050301
FIRE:   19 09:46:36      300.182197        3.130107
FIRE:   20 09:49:20      300.161084        2.140233
FIRE:   21 09:51:34      300.146424        3.011953
FIRE:   22 09:53:07      300.145213        2.075749
FIRE:   23 09:54:57      300.142947        1.268708
FIRE:   24 09:56:56      300.139639        0.846166
FIRE:   25 09:58:41      300.135181        1.566711
FIRE:   26 10:00:33      300.129648        1.664747
FIRE:   27 10:02:14      300.123173        1.211105
FIRE:   28 10:04:04      300.115772        0.975201
FIRE:   29 10:06:05      300.106310        1.165275
FIRE:   30 10:08:13      300.094318        1.407304
FIRE:   31 10:10:00      300.079210        1.175441
FIRE:   32 10:11:54      300.059798        0.718075
FIRE:   33 10:13:50      300.035050        1.118807
FIRE:   34 10:15:57      300.004292        0.806742
FIRE:   35 10:18:03      299.966242        1.786246
FIRE:   36 10:19:59      299.930703        7.379422
FIRE:   37 10:22:08      299.922152        2.263305
FIRE:   38 10:23:28      299.921317        1.520833
FIRE:   39 10:25:03      299.920120        0.582863
FIRE:   40 10:26:32      299.918819        0.973425
FIRE:   41 10:28:03      299.917170        1.696280
FIRE:   42 10:29:22      299.914887        1.655567
FIRE:   43 10:30:46      299.912064        0.928785
FIRE:   44 10:32:08      299.908988        0.396694
FIRE:   45 10:33:41      299.905269        1.127664
FIRE:   46 10:35:01      299.900545        1.264147
FIRE:   47 10:36:19      299.894575        0.408852
FIRE:   48 10:37:48      299.887457        0.924688
FIRE:   49 10:39:15      299.878702        1.115454
FIRE:   50 10:41:01      299.867969        0.434780
FIRE:   51 10:42:36      299.854967        1.065313
FIRE:   52 10:44:22      299.839173        0.458336
FIRE:   53 10:45:55      299.820137        0.841313
FIRE:   54 10:47:29      299.797572        1.313603
FIRE:   55 10:49:05      299.771013        1.286369
FIRE:   56 10:50:59      299.739919        1.435215
FIRE:   57 10:52:47      299.703906        3.138273
FIRE:   58 10:55:12      299.673318        9.265736
FIRE:   59 10:57:18      299.654230        1.622262
FIRE:   60 10:58:34      299.653549        1.173520
FIRE:   61 10:59:56      299.652521        0.707067
FIRE:   62 11:01:26      299.651379        0.710322
FIRE:   63 11:02:51      299.649997        1.038047
FIRE:   64 11:04:03      299.648113        1.159127
FIRE:   65 11:05:28      299.645711        0.790516
FIRE:   66 11:06:54      299.643024        0.733552
FIRE:   67 11:08:20      299.639850        0.741662
FIRE:   68 11:09:39      299.635855        0.983671
FIRE:   69 11:10:59      299.630644        0.761294
FIRE:   70 11:12:25      299.624260        0.772967
FIRE:   71 11:13:50      299.616294        0.808550
FIRE:   72 11:15:20      299.606039        0.796342
FIRE:   73 11:16:55      299.593160        0.844275
FIRE:   74 11:18:38      299.576457        0.810651
FIRE:   75 11:20:28      299.554814        0.805718
FIRE:   76 11:22:19      299.526581        0.991842
FIRE:   77 11:24:15      299.490367        0.797380
FIRE:   78 11:26:10      299.445498        0.996167
FIRE:   79 11:28:28      299.394682        2.317712
FIRE:   80 11:30:55      299.356451        6.386183
FIRE:   81 11:32:51      299.335799        0.782169
FIRE:   82 11:33:48      299.335561        0.777209
FIRE:   83 11:34:51      299.335107        0.777045
FIRE:   84 11:35:57      299.334502        0.772507
FIRE:   85 11:37:03      299.333743        0.769274
FIRE:   86 11:38:08      299.332792        0.766573
FIRE:   87 11:39:15      299.331634        0.770617
FIRE:   88 11:40:21      299.330309        0.768289
FIRE:   89 11:41:40      299.328699        0.767173
FIRE:   90 11:42:58      299.326729        0.766940
FIRE:   91 11:44:16      299.324282        0.767195
FIRE:   92 11:45:42      299.321349        0.767347
FIRE:   93 11:47:09      299.317867        0.764149
FIRE:   94 11:48:32      299.313664        0.762997
FIRE:   95 11:49:59      299.308744        0.768222
FIRE:   96 11:51:27      299.302894        0.790270
FIRE:   97 11:53:02      299.296111        0.818573
FIRE:   98 11:54:34      299.288276        0.861302
FIRE:   99 11:56:11      299.279219        0.875715
FIRE:  100 11:57:57      299.269118        0.822140
FIRE:  101 11:59:37      299.258091        0.780784
FIRE:  102 12:01:52      299.246726        1.461582
FIRE:  103 12:03:09      299.245400        1.283508
FIRE:  104 12:04:39      299.245911        1.248741
FIRE:  105 12:06:12      299.245033        1.056316
FIRE:  106 12:07:58      299.243834        0.662613
FIRE:  107 12:09:46      299.243489        1.127065
FIRE:  108 12:11:17      299.241891        0.535215
FIRE:  109 12:12:58      299.241093        0.839141
FIRE:  110 12:14:40      299.239400        0.727761
FIRE:  111 12:16:26      299.237840        0.853043
FIRE:  112 12:18:13      299.235224        0.671077
FIRE:  113 12:20:01      299.233205        1.320546
FIRE:  114 12:21:50      299.229777        1.063137
FIRE:  115 12:23:55      299.225607        0.836312
FIRE:  116 12:25:52      299.222213        1.476944
FIRE:  117 12:28:35      299.231640        4.428009
FIRE:  118 12:30:25      299.214034        0.613180
FIRE:  119 12:31:20      299.213884        0.588135
FIRE:  120 12:32:18      299.213680        0.563789
FIRE:  121 12:33:20      299.213547        0.522787
FIRE:  122 12:34:21      299.213438        0.498731
FIRE:  123 12:35:29      299.213228        0.469450
FIRE:  124 12:36:35      299.212889        0.435228
FIRE:  125 12:37:48      299.212502        0.409093
FIRE:  126 12:39:13      299.212123        0.376629
FIRE:  127 12:40:34      299.211619        0.334390
FIRE:  128 12:41:53      299.210881        0.300383
FIRE:  129 12:43:21      299.210056        0.306352
FIRE:  130 12:44:41      299.209050        0.336566
FIRE:  131 12:46:02      299.207712        0.346143
FIRE:  132 12:47:38      299.206204        0.322945
FIRE:  133 12:49:04      299.204240        0.262399
FIRE:  134 12:50:39      299.201906        0.181491
FIRE:  135 12:52:30      299.199044        0.312444
FIRE:  136 12:54:04      299.195584        0.388646
FIRE:  137 12:55:50      299.191446        0.510150
FIRE:  138 12:57:34      299.186942        0.955479
FIRE:  139 12:59:39      299.183685        2.234418
FIRE:  140 13:01:13      299.180358        0.206386
FIRE:  141 13:02:50      299.182412        2.041287
FIRE:  142 13:04:02      299.181270        1.544068
FIRE:  143 13:05:26      299.180004        0.661391
FIRE:  144 13:06:47      299.179681        0.385322
FIRE:  145 13:07:13      299.179662        0.385097
FIRE:  146 13:07:43      299.179620        0.337976
FIRE:  147 13:08:16      299.179566        0.276301
FIRE:  148 13:09:01      299.179498        0.212382
FIRE:  149 13:09:47      299.179434        0.213774
FIRE:  150 13:10:33      299.179369        0.215028
FIRE:  151 13:11:20      299.180161        1.324355
FIRE:  152 13:12:08      299.181992        1.334137
FIRE:  153 13:13:00      299.185119        1.343195
FIRE:  154 13:13:54      299.189887        1.351292
FIRE:  155 13:14:51      299.196749        1.368441
FIRE:  156 13:15:43      299.206314        1.391053
FIRE:  157 13:16:45      299.219385        1.425031
FIRE:  158 13:17:47      299.236980        1.464181
FIRE:  159 13:18:51      299.260305        1.512171
FIRE:  160 13:20:00      299.290740        1.566417
FIRE:  161 13:21:16      299.329815        1.627572
FIRE:  162 13:22:33      299.378970        1.666466
FIRE:  163 13:23:55      299.438866        1.675712
FIRE:  164 13:25:26      299.508891        1.648653
FIRE:  165 13:27:03      299.587140        1.543020
FIRE:  166 13:28:47      299.670915        1.320317
FIRE:  167 13:30:27      299.759148        1.022507
FIRE:  168 13:32:53      299.851992        0.777978
FIRE:  169 13:34:55      299.944266        0.698654
FIRE:  170 13:36:44      300.026035        0.654444
FIRE:  171 13:38:37      300.094521        0.570082
FIRE:  172 13:40:49      300.154515        1.716309
FIRE:  173 13:42:18      300.150665        0.492474
FIRE:  174 13:43:54      300.148821        1.342893
FIRE:  175 13:44:58      300.147993        1.066278
FIRE:  176 13:46:12      300.146789        0.556825
FIRE:  177 13:47:26      300.145699        0.479978
FIRE:  178 13:48:42      300.144808        0.598940
FIRE:  179 13:49:11      300.144732        0.581202
FIRE:  180 13:49:55      300.144569        0.524955
FIRE:  181 13:50:37      300.144347        0.492387
FIRE:  182 13:51:26      300.144073        0.495277
FIRE:  183 13:52:16      300.143763        0.488764
FIRE:  184 13:53:08      300.143430        0.487736
FIRE:  185 13:54:01      300.143076        0.487967
FIRE:  186 13:54:57      300.142663        0.491141
FIRE:  187 13:55:54      300.142177        0.490810
FIRE:  188 13:56:48      300.141604        0.496329
FIRE:  189 13:57:42      300.140938        0.499766
FIRE:  190 13:58:44      300.140198        0.505046
FIRE:  191 13:59:48      300.139451        0.507653
FIRE:  192 14:01:00      300.138794        0.514150
FIRE:  193 14:02:13      300.138318        0.522723
FIRE:  194 14:03:22      300.138096        0.534461
FIRE:  195 14:04:34      300.138284        0.555217
FIRE:  196 14:05:50      300.139155        0.570086
FIRE:  197 14:07:06      300.140867        0.603989
FIRE:  198 14:08:24      300.143402        0.634330
FIRE:  199 14:09:47      300.146827        0.659981
FIRE:  200 14:11:10      300.150839        0.705518
FIRE:  201 14:12:33      300.155018        0.775210
FIRE:  202 14:13:51      300.158975        0.838264
FIRE:  203 14:15:18      300.162531        0.901271
FIRE:  204 14:16:57      300.165905        0.952415
FIRE:  205 14:18:42      300.169783        0.988794
FIRE:  206 14:20:38      300.174547        0.992992
FIRE:  207 14:22:35      300.179893        1.019476
FIRE:  208 14:24:32      300.190302        3.414044
FIRE:  209 14:26:18      300.182096        0.777814
FIRE:  210 14:28:10      300.188159        3.208147
FIRE:  211 14:29:33      300.185130        2.374220
FIRE:  212 14:31:08      300.181910        0.904378
FIRE:  213 14:32:43      300.181455        0.753977
FIRE:  214 14:33:17      300.181394        0.722841
FIRE:  215 14:34:01      300.181286        0.609014
FIRE:  216 14:34:54      300.181151        0.573347
FIRE:  217 14:36:00      300.181014        0.569067
FIRE:  218 14:37:03      300.180894        0.563712
FIRE:  219 14:38:04      300.180801        0.557199
FIRE:  220 14:39:06      300.180725        0.547334
FIRE:  221 14:40:05      300.180639        0.538260
FIRE:  222 14:41:05      300.180517        0.526896
FIRE:  223 14:42:05      300.180332        0.511601
FIRE:  224 14:43:10      300.180078        0.488571
FIRE:  225 14:44:16      300.179800        0.466154
FIRE:  226 14:45:24      300.179557        0.439448
FIRE:  227 14:46:32      300.179346        0.408492
FIRE:  228 14:47:50      300.179107        0.388519
FIRE:  229 14:49:14      300.178872        0.350309
FIRE:  230 14:50:41      300.178802        0.307248
FIRE:  231 14:52:01      300.178830        0.273940
FIRE:  232 14:53:31      300.178923        0.237273
FIRE:  233 14:54:58      300.179214        0.258295
FIRE:  234 14:56:26      300.179468        0.204830
FIRE:  235 14:57:54      300.179790        0.302206
FIRE:  236 14:58:36      300.179751        0.221277
FIRE:  237 14:59:32      300.179705        0.193136
FIRE:  238 15:00:28      300.179686        0.187924
FIRE:  239 15:01:24      300.179681        0.180011
FIRE:  240 15:02:11      300.179656        0.188231
FIRE:  241 15:03:06      300.179616        0.155250
FIRE:  242 15:04:00      300.179590        0.141211
FIRE:  243 15:04:54      300.179606        0.128178
FIRE:  244 15:05:54      300.179642        0.181482
FIRE:  245 15:06:52      300.179668        0.115273
FIRE:  246 15:07:55      300.179751        0.105539
FIRE:  247 15:08:56      300.179895        0.139139
FIRE:  248 15:10:01      300.180030        0.129044
FIRE:  249 15:11:09      300.180240        0.168612
FIRE:  250 15:12:17      300.180397        0.147868
FIRE:  251 15:13:25      300.180591        0.153807
FIRE:  252 15:14:35      300.180703        0.150063
FIRE:  253 15:15:57      300.180830        0.138206
FIRE:  254 15:17:23      300.181018        0.208308
FIRE:  255 15:18:52      300.181477        0.510012
FIRE:  256 15:19:58      300.181106        0.092481
FIRE:  257 15:21:09      300.181304        0.419247
FIRE:  258 15:22:00      300.181218        0.328587
FIRE:  259 15:23:01      300.181119        0.167912
FIRE:  260 15:24:04      300.181090        0.065374
