      Step     Time          Energy          fmax
FIRE:    0 15:41:03      343.346020       73.097138
FIRE:    1 15:41:24      333.196320       30.024663
FIRE:    2 15:41:50      329.616497       10.987311
FIRE:    3 15:42:19      328.997676        4.084443
FIRE:    4 15:42:45      329.521956        7.566307
FIRE:    5 15:43:02      329.144098        6.777771
FIRE:    6 15:43:21      328.529459        4.949876
FIRE:    7 15:43:39      327.958536        2.649237
FIRE:    8 15:43:58      327.762276        3.440723
FIRE:    9 15:44:18      327.879772        7.215974
FIRE:   10 15:44:30      327.814323        6.597475
FIRE:   11 15:44:44      327.704128        5.463887
FIRE:   12 15:44:58      327.581625        3.988280
FIRE:   13 15:45:13      327.478292        2.400713
FIRE:   14 15:45:28      327.413913        1.884822
FIRE:   15 15:45:46      327.390727        1.820267
FIRE:   16 15:46:03      327.393851        1.784295
FIRE:   17 15:46:17      327.404778        2.516188
FIRE:   18 15:46:31      327.403536        2.952506
FIRE:   19 15:46:42      327.373111        3.011363
FIRE:   20 15:46:57      327.306714        2.636604
FIRE:   21 15:47:13      327.216551        1.751730
FIRE:   22 15:47:31      327.139120        1.146073
FIRE:   23 15:47:47      327.107112        1.788067
FIRE:   24 15:48:03      327.076602        2.687184
FIRE:   25 15:48:20      326.980337        2.199773
FIRE:   26 15:48:38      326.863518        1.874789
FIRE:   27 15:48:59      326.820364        2.101348
FIRE:   28 15:49:11      326.811420        2.023086
FIRE:   29 15:49:24      326.796708        1.874441
FIRE:   30 15:49:38      326.781323        1.662238
FIRE:   31 15:49:52      326.769935        1.397188
FIRE:   32 15:50:06      326.763954        1.093614
FIRE:   33 15:50:19      326.760011        1.061963
FIRE:   34 15:50:32      326.752591        1.207076
FIRE:   35 15:50:45      326.737541        1.050592
FIRE:   36 15:50:57      326.717308        0.611697
FIRE:   37 15:51:12      326.699652        0.570018
FIRE:   38 15:51:17      326.699202        0.571687
FIRE:   39 15:51:25      326.698320        0.570210
FIRE:   40 15:51:33      326.697029        0.569059
FIRE:   41 15:51:43      326.695360        0.566958
FIRE:   42 15:51:53      326.693339        0.564918
FIRE:   43 15:52:03      326.690979        0.562400
FIRE:   44 15:52:13      326.688278        0.559400
FIRE:   45 15:52:23      326.684872        0.556232
FIRE:   46 15:52:32      326.680565        0.551236
FIRE:   47 15:52:42      326.675087        0.549876
FIRE:   48 15:52:52      326.668120        0.574068
FIRE:   49 15:53:04      326.659308        0.610342
FIRE:   50 15:53:16      326.648188        0.652770
FIRE:   51 15:53:28      326.634162        0.705542
FIRE:   52 15:53:38      326.616063        0.785925
FIRE:   53 15:53:47      326.592252        0.831631
FIRE:   54 15:53:59      326.561477        0.816588
FIRE:   55 15:54:11      326.523943        0.667659
FIRE:   56 15:54:23      326.483371        0.717714
FIRE:   57 15:54:36      326.440102        0.835692
FIRE:   58 15:54:48      326.389287        0.756161
FIRE:   59 15:55:00      326.330540        0.642843
FIRE:   60 15:55:12      326.266472        0.688996
FIRE:   61 15:55:26      326.183879        0.609599
FIRE:   62 15:55:37      326.092890        1.528415
FIRE:   63 15:55:50      326.188516        7.601434
FIRE:   64 15:56:00      326.030531        2.103866
FIRE:   65 15:56:06      326.021264        1.407665
FIRE:   66 15:56:13      326.012433        0.538945
FIRE:   67 15:56:21      326.011823        1.061120
FIRE:   68 15:56:25      326.011263        0.989766
FIRE:   69 15:56:29      326.010268        0.853030
FIRE:   70 15:56:33      326.009048        0.666294
FIRE:   71 15:56:38      326.007828        0.456941
FIRE:   72 15:56:42      326.006763        0.406632
FIRE:   73 15:56:47      326.005876        0.400297
FIRE:   74 15:56:51      326.005049        0.395647
FIRE:   75 15:56:56      326.003996        0.426813
FIRE:   76 15:57:02      326.002500        0.419096
FIRE:   77 15:57:07      326.000466        0.393487
FIRE:   78 15:57:13      325.998072        0.393808
FIRE:   79 15:57:19      325.995696        0.390033
FIRE:   80 15:57:24      325.993456        0.491841
FIRE:   81 15:57:32      325.990905        0.547769
FIRE:   82 15:57:40      325.987858        0.376293
FIRE:   83 15:57:47      325.985046        0.342904
FIRE:   84 15:57:55      325.982616        0.435290
FIRE:   85 15:58:04      325.979723        0.382258
FIRE:   86 15:58:13      325.977270        0.387487
FIRE:   87 15:58:22      325.975115        0.417781
FIRE:   88 15:58:31      325.973256        0.376794
FIRE:   89 15:58:41      325.972080        0.393404
FIRE:   90 15:58:51      325.971760        0.476276
FIRE:   91 15:59:03      325.971830        0.354984
FIRE:   92 15:59:15      325.972179        0.348287
FIRE:   93 15:59:28      325.971797        0.385943
FIRE:   94 15:59:39      325.969148        0.663315
FIRE:   95 15:59:52      325.974403        2.773338
FIRE:   96 16:00:08      326.202222        9.177337
FIRE:   97 16:00:23      325.971970        3.434294
FIRE:   98 16:00:32      325.954540        2.425887
FIRE:   99 16:00:43      325.939927        0.766578
FIRE:  100 16:00:54      325.943981        1.127580
FIRE:  101 16:00:57      325.943042        1.056180
FIRE:  102 16:01:02      325.941458        0.948324
FIRE:  103 16:01:10      325.939719        0.804281
FIRE:  104 16:01:17      325.938349        0.629865
FIRE:  105 16:01:24      325.937718        0.462023
FIRE:  106 16:01:30      325.937841        0.647673
FIRE:  107 16:01:37      325.938347        0.876938
FIRE:  108 16:01:45      325.938780        1.020610
FIRE:  109 16:01:53      325.938678        1.036724
FIRE:  110 16:02:00      325.937883        0.894855
FIRE:  111 16:02:08      325.936845        0.598323
FIRE:  112 16:02:16      325.936476        0.453970
FIRE:  113 16:02:25      325.937038        0.616534
FIRE:  114 16:02:32      325.937396        0.657187
FIRE:  115 16:02:41      325.936920        0.526265
FIRE:  116 16:02:51      325.937260        0.483096
FIRE:  117 16:03:01      325.939127        0.787151
FIRE:  118 16:03:09      325.940555        0.599048
FIRE:  119 16:03:19      325.943478        0.573391
FIRE:  120 16:03:28      325.947949        0.614228
FIRE:  121 16:03:38      325.953289        0.562922
FIRE:  122 16:03:46      325.960678        0.664628
FIRE:  123 16:03:55      325.968386        0.834429
FIRE:  124 16:04:06      325.969241        0.797483
FIRE:  125 16:04:16      325.962783        0.802308
FIRE:  126 16:04:27      325.967580        1.094190
FIRE:  127 16:04:39      326.011528        2.528228
FIRE:  128 16:04:49      326.123122        4.860812
FIRE:  129 16:05:01      326.381614       11.114823
FIRE:  130 16:05:12      326.077764        3.133117
FIRE:  131 16:05:18      326.058389        2.614771
FIRE:  132 16:05:25      326.041844        1.711899
FIRE:  133 16:05:31      326.046572        2.098326
FIRE:  134 16:05:39      326.061570        3.110381
FIRE:  135 16:05:45      326.065245        3.045919
FIRE:  136 16:05:52      326.058394        1.972382
FIRE:  137 16:06:00      326.060236        1.365668
FIRE:  138 16:06:08      326.076954        1.962305
FIRE:  139 16:06:15      326.086217        1.846707
FIRE:  140 16:06:23      326.086607        1.334182
FIRE:  141 16:06:31      326.103983        2.240589
FIRE:  142 16:06:39      326.110948        2.175806
FIRE:  143 16:06:47      326.112699        1.545702
FIRE:  144 16:06:56      326.132485        1.673433
FIRE:  145 16:07:06      326.156271        2.014366
FIRE:  146 16:07:16      326.159180        1.420538
FIRE:  147 16:07:25      326.166232        1.796119
FIRE:  148 16:07:35      326.218177        2.650917
FIRE:  149 16:07:47      326.243321        2.828146
FIRE:  150 16:07:59      326.284132        4.333176
FIRE:  151 16:08:12      326.319444        3.775826
FIRE:  152 16:08:24      326.315128        3.990130
FIRE:  153 16:08:36      326.326833        3.936171
FIRE:  154 16:08:44      326.299850        3.168272
FIRE:  155 16:08:51      326.277644        1.823048
FIRE:  156 16:09:03      326.265235        0.634122
FIRE:  157 16:09:07      326.264698        0.634487
FIRE:  158 16:09:11      326.263664        0.632458
FIRE:  159 16:09:15      326.262202        0.631330
FIRE:  160 16:09:20      326.260365        0.629603
FIRE:  161 16:09:25      326.258177        0.627466
FIRE:  162 16:09:31      326.255607        0.624715
FIRE:  163 16:09:35      326.252601        0.621315
FIRE:  164 16:09:43      326.248720        0.616605
FIRE:  165 16:09:50      326.243760        0.609929
FIRE:  166 16:09:57      326.237537        0.601099
FIRE:  167 16:10:05      326.229870        0.589136
FIRE:  168 16:10:13      326.220416        0.573068
FIRE:  169 16:10:20      326.208695        0.551211
FIRE:  170 16:10:29      326.194393        0.528802
FIRE:  171 16:10:39      326.177342        0.495451
FIRE:  172 16:10:49      326.157396        0.454366
FIRE:  173 16:10:59      326.134969        0.418537
FIRE:  174 16:11:08      326.111407        0.441882
FIRE:  175 16:11:19      326.088957        0.526551
FIRE:  176 16:11:31      326.070931        0.555547
FIRE:  177 16:11:44      326.060563        0.521368
FIRE:  178 16:11:57      326.060253        0.617302
FIRE:  179 16:12:10      326.070126        0.679469
FIRE:  180 16:12:23      326.086400        0.651593
FIRE:  181 16:12:36      326.104477        0.496078
FIRE:  182 16:12:50      326.117705        1.554148
FIRE:  183 16:13:05      326.212936        5.463024
FIRE:  184 16:13:19      326.120669        1.711608
FIRE:  185 16:13:27      326.116005        1.218783
FIRE:  186 16:13:36      326.111459        0.389110
FIRE:  187 16:13:46      326.110783        0.549464
FIRE:  188 16:13:50      326.110480        0.545498
FIRE:  189 16:13:54      326.109928        0.497700
FIRE:  190 16:14:00      326.109236        0.460426
FIRE:  191 16:14:06      326.108506        0.418641
FIRE:  192 16:14:14      326.107811        0.388229
FIRE:  193 16:14:20      326.107163        0.370676
FIRE:  194 16:14:26      326.106505        0.408590
FIRE:  195 16:14:31      326.105669        0.488852
FIRE:  196 16:14:37      326.104528        0.509366
FIRE:  197 16:14:41      326.103011        0.455451
FIRE:  198 16:14:47      326.101180        0.355000
FIRE:  199 16:14:54      326.099200        0.386987
FIRE:  200 16:14:59      326.097125        0.424996
FIRE:  201 16:15:07      326.094739        0.420759
FIRE:  202 16:15:15      326.091955        0.352185
FIRE:  203 16:15:22      326.089209        0.322918
FIRE:  204 16:15:30      326.086762        0.435507
FIRE:  205 16:15:38      326.084446        0.341560
FIRE:  206 16:15:45      326.083120        0.279712
FIRE:  207 16:15:54      326.083122        0.309307
FIRE:  208 16:16:05      326.085412        0.355804
FIRE:  209 16:16:16      326.090874        0.373890
FIRE:  210 16:16:27      326.100776        0.390625
FIRE:  211 16:16:39      326.113951        0.402226
FIRE:  212 16:16:52      326.127653        0.452705
FIRE:  213 16:17:06      326.130815        0.712562
FIRE:  214 16:17:20      326.114372        1.216953
FIRE:  215 16:17:39      326.116743        3.987246
FIRE:  216 16:17:54      326.066654        0.514608
FIRE:  217 16:17:59      326.065628        0.508603
FIRE:  218 16:18:05      326.063731        0.498458
FIRE:  219 16:18:13      326.061162        0.483532
FIRE:  220 16:18:21      326.058004        0.464083
FIRE:  221 16:18:26      326.054238        0.441341
FIRE:  222 16:18:33      326.049896        0.415056
FIRE:  223 16:18:40      326.045151        0.386286
FIRE:  224 16:18:47      326.039649        0.352732
FIRE:  225 16:18:53      326.033381        0.311089
FIRE:  226 16:19:00      326.026465        0.267655
FIRE:  227 16:19:08      326.019521        0.263718
FIRE:  228 16:19:15      326.013212        0.262231
FIRE:  229 16:19:23      326.008258        0.249263
FIRE:  230 16:19:32      326.005926        0.224236
FIRE:  231 16:19:42      326.006966        0.260574
FIRE:  232 16:19:51      326.011486        0.335400
FIRE:  233 16:20:01      326.018210        0.400655
FIRE:  234 16:20:10      326.025236        0.423922
FIRE:  235 16:20:20      326.030751        0.391440
FIRE:  236 16:20:33      326.034648        0.458347
FIRE:  237 16:20:46      326.037783        1.356247
FIRE:  238 16:21:03      326.041735        4.439148
FIRE:  239 16:21:22      326.036131        0.818439
FIRE:  240 16:21:32      326.035790        0.568475
FIRE:  241 16:21:42      326.035187        0.254122
FIRE:  242 16:21:53      326.034365        0.273725
FIRE:  243 16:22:04      326.033316        0.545578
FIRE:  244 16:22:13      326.032012        0.584982
FIRE:  245 16:22:23      326.030456        0.402171
FIRE:  246 16:22:31      326.028694        0.241388
FIRE:  247 16:22:40      326.026503        0.303528
FIRE:  248 16:22:50      326.023791        0.450179
FIRE:  249 16:23:00      326.020437        0.250251
FIRE:  250 16:23:11      326.016348        0.248289
FIRE:  251 16:23:21      326.011418        0.393105
FIRE:  252 16:23:33      326.005552        0.218641
FIRE:  253 16:23:42      325.998661        0.397817
FIRE:  254 16:23:52      325.990692        0.321888
FIRE:  255 16:24:05      325.981448        0.410152
FIRE:  256 16:24:18      325.970789        0.422339
FIRE:  257 16:24:30      325.958862        0.396707
FIRE:  258 16:24:38      325.946647        0.418226
FIRE:  259 16:24:50      325.938700        0.523411
FIRE:  260 16:25:04      325.944279        1.748344
FIRE:  261 16:25:23      325.982676        6.682240
FIRE:  262 16:25:42      325.953778        1.927377
FIRE:  263 16:25:54      325.952091        1.298990
FIRE:  264 16:26:07      325.950647        0.557172
FIRE:  265 16:26:21      325.950829        0.845804
FIRE:  266 16:26:26      325.950728        0.805982
FIRE:  267 16:26:34      325.950547        0.655602
FIRE:  268 16:26:43      325.950333        0.626122
FIRE:  269 16:26:54      325.950125        0.601525
FIRE:  270 16:27:04      325.949949        0.577088
FIRE:  271 16:27:14      325.949800        0.565087
FIRE:  272 16:27:24      325.949639        0.556354
FIRE:  273 16:27:32      325.949394        0.552588
FIRE:  274 16:27:40      325.948988        0.549618
FIRE:  275 16:27:49      325.948361        0.559428
FIRE:  276 16:27:58      325.947465        0.580210
FIRE:  277 16:28:11      325.946249        0.608048
FIRE:  278 16:28:25      325.944605        0.624647
FIRE:  279 16:28:32      325.942331        0.617576
FIRE:  280 16:28:42      325.939249        0.581737
FIRE:  281 16:28:52      325.935361        0.522078
FIRE:  282 16:29:01      325.930645        0.526574
FIRE:  283 16:29:12      325.925120        0.499444
FIRE:  284 16:29:31      325.919214        0.451987
FIRE:  285 16:29:40      325.913363        0.486410
FIRE:  286 16:29:51      325.908478        0.611495
FIRE:  287 16:30:00      325.906099        0.573108
FIRE:  288 16:30:16      325.906997        0.582573
FIRE:  289 16:30:28      325.909038        0.698214
FIRE:  290 16:30:43      325.907652        0.783004
FIRE:  291 16:30:55      325.915840        0.678152
FIRE:  292 16:31:14      325.946502        1.277717
FIRE:  293 16:31:30      325.981108        4.352198
FIRE:  294 16:31:52      326.113627       10.609059
FIRE:  295 16:32:14      326.015174        3.529207
FIRE:  296 16:32:25      326.008608        2.391160
FIRE:  297 16:32:38      326.005275        1.100691
FIRE:  298 16:32:54      326.012643        1.545685
FIRE:  299 16:33:02      326.012610        1.426145
FIRE:  300 16:33:13      326.012710        1.289569
FIRE:  301 16:33:24      326.013200        1.233718
FIRE:  302 16:33:35      326.014367        1.182092
FIRE:  303 16:33:46      326.016383        1.143986
FIRE:  304 16:33:57      326.019218        1.125807
FIRE:  305 16:34:08      326.022661        1.253171
FIRE:  306 16:34:18      326.026853        1.334440
FIRE:  307 16:34:28      326.031707        1.329261
FIRE:  308 16:34:37      326.037319        1.224917
FIRE:  309 16:34:48      326.044165        1.242535
FIRE:  310 16:34:59      326.052359        1.414129
FIRE:  311 16:35:11      326.061006        1.531510
FIRE:  312 16:35:20      326.069106        1.541201
FIRE:  313 16:35:30      326.075827        1.449545
FIRE:  314 16:35:43      326.081691        1.286873
FIRE:  315 16:35:53      326.087506        1.206106
FIRE:  316 16:36:05      326.094917        1.042844
FIRE:  317 16:36:17      326.108236        1.174355
FIRE:  318 16:36:28      326.128439        1.168063
FIRE:  319 16:36:42      326.145327        1.434149
FIRE:  320 16:36:56      326.151556        1.132059
FIRE:  321 16:37:08      326.195226        1.251026
FIRE:  322 16:37:21      326.205761        1.016832
FIRE:  323 16:37:34      326.182709        1.820459
FIRE:  324 16:37:51      326.189387        2.971199
FIRE:  325 16:38:11      326.158128        3.824008
FIRE:  326 16:38:27      326.155118        0.510027
FIRE:  327 16:38:43      326.150473        3.371187
FIRE:  328 16:38:55      326.149940        2.568439
FIRE:  329 16:39:10      326.148946        1.151722
FIRE:  330 16:39:24      326.147493        0.511355
FIRE:  331 16:39:28      326.147386        0.500312
FIRE:  332 16:39:36      326.147168        0.500039
FIRE:  333 16:39:43      326.146841        0.500058
FIRE:  334 16:39:52      326.146403        0.499964
FIRE:  335 16:39:59      326.145853        0.499249
FIRE:  336 16:40:08      326.145192        0.498635
FIRE:  337 16:40:16      326.144421        0.498379
FIRE:  338 16:40:24      326.143442        0.497165
FIRE:  339 16:40:31      326.142216        0.496995
FIRE:  340 16:40:38      326.140689        0.495905
FIRE:  341 16:40:45      326.138802        0.494913
FIRE:  342 16:40:53      326.136475        0.493423
FIRE:  343 16:41:01      326.133607        0.491644
FIRE:  344 16:41:09      326.130077        0.489253
FIRE:  345 16:41:16      326.125739        0.485609
FIRE:  346 16:41:24      326.120429        0.481511
FIRE:  347 16:41:34      326.113898        0.478504
FIRE:  348 16:41:44      326.105787        0.472828
FIRE:  349 16:41:51      326.095803        0.461554
FIRE:  350 16:42:00      326.083665        0.445871
FIRE:  351 16:42:09      326.068956        0.423297
FIRE:  352 16:42:19      326.051709        0.393625
FIRE:  353 16:42:27      326.032947        0.355587
FIRE:  354 16:42:39      326.015317        0.334531
FIRE:  355 16:42:51      326.002481        0.385376
FIRE:  356 16:43:03      325.995510        0.514674
FIRE:  357 16:43:11      325.994364        0.499808
FIRE:  358 16:43:21      325.992164        0.476791
FIRE:  359 16:43:29      325.989109        0.446328
FIRE:  360 16:43:36      325.985496        0.407518
FIRE:  361 16:43:45      325.981565        0.372659
FIRE:  362 16:43:54      325.977593        0.357562
FIRE:  363 16:44:01      325.973801        0.349112
FIRE:  364 16:44:10      325.969794        0.366542
FIRE:  365 16:44:19      325.965594        0.326153
FIRE:  366 16:44:29      325.961237        0.316095
FIRE:  367 16:44:37      325.956854        0.285948
FIRE:  368 16:44:48      325.952673        0.274575
FIRE:  369 16:44:57      325.949199        0.304027
FIRE:  370 16:45:07      325.947948        0.336630
FIRE:  371 16:45:18      325.951876        0.355266
FIRE:  372 16:45:30      325.963594        0.685295
FIRE:  373 16:45:46      325.980568        1.764847
FIRE:  374 16:46:05      325.989934        5.070202
FIRE:  375 16:46:23      325.987556        0.662482
FIRE:  376 16:46:33      325.987244        0.626653
FIRE:  377 16:46:43      325.986631        0.630623
FIRE:  378 16:46:54      325.985715        0.633303
FIRE:  379 16:47:04      325.984515        0.628983
FIRE:  380 16:47:14      325.983084        0.616261
FIRE:  381 16:47:24      325.981463        0.602101
FIRE:  382 16:47:34      325.979673        0.585627
FIRE:  383 16:47:45      325.977562        0.561621
FIRE:  384 16:47:55      325.975227        0.528528
FIRE:  385 16:48:05      325.972855        0.504485
FIRE:  386 16:48:16      325.970697        0.482239
FIRE:  387 16:48:26      325.969107        0.456206
FIRE:  388 16:48:37      325.968438        0.438181
FIRE:  389 16:48:47      325.969033        0.483568
FIRE:  390 16:48:58      325.971641        0.487002
FIRE:  391 16:49:08      325.977146        0.492531
FIRE:  392 16:49:20      325.984952        0.636378
FIRE:  393 16:49:32      325.989548        0.906248
FIRE:  394 16:49:44      325.989305        0.846198
FIRE:  395 16:49:55      326.013478        0.799384
FIRE:  396 16:50:08      326.088996        1.599520
FIRE:  397 16:50:26      326.179431        5.205947
FIRE:  398 16:50:43      326.144521        1.314301
FIRE:  399 16:50:52      326.144636        1.321496
FIRE:  400 16:51:04      326.145646        1.334819
FIRE:  401 16:51:15      326.148293        1.343298
FIRE:  402 16:51:26      326.152416        1.320986
FIRE:  403 16:51:34      326.157325        1.255559
FIRE:  404 16:51:44      326.162859        1.164272
FIRE:  405 16:51:56      326.169492        1.083611
FIRE:  406 16:52:07      326.178161        1.038183
FIRE:  407 16:52:15      326.187888        1.030661
FIRE:  408 16:52:26      326.197011        1.133054
FIRE:  409 16:52:38      326.202343        1.330905
FIRE:  410 16:52:45      326.194680        1.400769
FIRE:  411 16:52:57      326.172901        1.051495
FIRE:  412 16:53:07      326.145806        0.806838
FIRE:  413 16:53:20      326.115803        0.734971
FIRE:  414 16:53:31      326.064609        0.674395
FIRE:  415 16:53:42      325.984089        0.638336
FIRE:  416 16:53:54      325.968755        1.404496
FIRE:  417 16:54:03      325.960838        0.950889
FIRE:  418 16:54:14      325.953182        0.899426
FIRE:  419 16:54:23      325.945067        0.839802
FIRE:  420 16:54:33      325.933257        0.756927
FIRE:  421 16:54:43      325.923196        0.682499
FIRE:  422 16:54:52      325.915757        0.899520
FIRE:  423 16:55:01      325.907480        0.589002
FIRE:  424 16:55:11      325.902508        0.572277
FIRE:  425 16:55:19      325.899694        0.604655
FIRE:  426 16:55:28      325.897220        0.552491
FIRE:  427 16:55:37      325.895904        0.584318
FIRE:  428 16:55:48      325.897233        0.675990
FIRE:  429 16:55:58      325.899898        0.492574
FIRE:  430 16:56:06      325.904686        0.664829
FIRE:  431 16:56:16      325.911524        0.917241
FIRE:  432 16:56:28      325.935012        1.979518
FIRE:  433 16:56:43      326.048719        5.231674
FIRE:  434 16:56:58      325.964462        0.515952
FIRE:  435 16:57:02      325.964512        0.472851
FIRE:  436 16:57:08      325.964800        0.428945
FIRE:  437 16:57:14      325.965559        0.450065
FIRE:  438 16:57:19      325.966864        0.478187
FIRE:  439 16:57:24      325.968622        0.503406
FIRE:  440 16:57:29      325.970731        0.531058
FIRE:  441 16:57:34      325.973193        0.547092
FIRE:  442 16:57:42      325.976349        0.539506
FIRE:  443 16:57:48      325.980255        0.528431
FIRE:  444 16:57:53      325.984952        0.495002
FIRE:  445 16:58:00      325.990727        0.493743
FIRE:  446 16:58:07      325.996984        0.557777
FIRE:  447 16:58:16      326.002031        0.551274
FIRE:  448 16:58:23      326.005550        0.568416
FIRE:  449 16:58:30      326.005654        0.548419
FIRE:  450 16:58:38      326.003807        0.489614
FIRE:  451 16:58:48      326.004155        0.437770
FIRE:  452 16:58:58      326.012247        0.494708
FIRE:  453 16:59:12      326.029277        0.943784
FIRE:  454 16:59:25      326.047401        1.678223
FIRE:  455 16:59:39      326.075532        3.908154
FIRE:  456 16:59:54      326.029212        0.330684
FIRE:  457 17:00:07      326.061894        3.289918
FIRE:  458 17:00:16      326.046710        2.487000
FIRE:  459 17:00:30      326.029695        1.083861
FIRE:  460 17:00:43      326.025456        0.606663
FIRE:  461 17:00:47      326.025307        0.587570
FIRE:  462 17:00:50      326.025028        0.535764
FIRE:  463 17:00:55      326.024659        0.433398
FIRE:  464 17:01:00      326.024250        0.333462
FIRE:  465 17:01:06      326.023840        0.249383
FIRE:  466 17:01:13      326.023451        0.247468
FIRE:  467 17:01:19      326.023078        0.245054
FIRE:  468 17:01:25      326.022652        0.251500
FIRE:  469 17:01:29      326.022115        0.280818
FIRE:  470 17:01:33      326.021398        0.294234
FIRE:  471 17:01:36      326.020451        0.283497
FIRE:  472 17:01:43      326.019288        0.246140
FIRE:  473 17:01:49      326.017975        0.218492
FIRE:  474 17:01:56      326.016558        0.244437
FIRE:  475 17:02:02      326.014916        0.312537
FIRE:  476 17:02:06      326.012910        0.256539
FIRE:  477 17:02:14      326.010663        0.179677
FIRE:  478 17:02:20      326.008354        0.200933
FIRE:  479 17:02:26      326.005805        0.202592
FIRE:  480 17:02:33      326.003118        0.151720
FIRE:  481 17:02:40      326.000494        0.250871
FIRE:  482 17:02:48      325.997788        0.158352
FIRE:  483 17:02:54      325.995255        0.186518
FIRE:  484 17:03:03      325.992618        0.210630
FIRE:  485 17:03:11      325.989821        0.174014
FIRE:  486 17:03:20      325.986742        0.185977
FIRE:  487 17:03:28      325.983758        0.343408
FIRE:  488 17:03:38      325.982048        0.632402
FIRE:  489 17:03:48      325.980663        0.104846
FIRE:  490 17:03:58      325.981072        0.508373
FIRE:  491 17:04:02      325.980765        0.405894
FIRE:  492 17:04:10      325.980368        0.223371
FIRE:  493 17:04:18      325.980138        0.098266
