      Step     Time          Energy          fmax
FIRE:    0 06:49:34      305.143963       32.535211
FIRE:    1 06:52:18      301.633869       12.235633
FIRE:    2 06:55:00      300.660866        5.906371
FIRE:    3 06:57:29      300.331996        3.136943
FIRE:    4 07:00:00      300.300881        1.996830
FIRE:    5 07:01:49      300.289784        1.898764
FIRE:    6 07:03:54      300.273985        1.776938
FIRE:    7 07:06:09      300.260885        1.708782
FIRE:    8 07:08:14      300.252025        1.612348
FIRE:    9 07:10:13      300.242451        1.509246
FIRE:   10 07:12:06      300.228498        1.404293
FIRE:   11 07:14:06      300.212784        1.309242
FIRE:   12 07:16:07      300.198628        1.358679
FIRE:   13 07:18:15      300.185514        1.537760
FIRE:   14 07:20:14      300.167622        1.431391
FIRE:   15 07:22:28      300.146179        1.189810
FIRE:   16 07:25:00      300.122459        1.241718
FIRE:   17 07:27:13      300.091784        1.099024
FIRE:   18 07:29:26      300.063424        1.162304
FIRE:   19 07:31:38      300.035659        1.078037
FIRE:   20 07:34:03      300.006664        0.977573
FIRE:   21 07:36:18      299.981837        0.821348
FIRE:   22 07:38:24      299.953997        0.819372
FIRE:   23 07:40:32      299.923932        0.907554
FIRE:   24 07:42:36      299.888719        0.938769
FIRE:   25 07:44:51      299.853998        1.153630
FIRE:   26 07:47:04      299.820241        2.807739
FIRE:   27 07:49:25      299.801845        5.561806
FIRE:   28 07:52:16      299.932943       14.569048
FIRE:   29 07:54:46      299.771772        1.447022
FIRE:   30 07:57:08      299.884776       11.971688
FIRE:   31 07:58:57      299.838266        9.271045
FIRE:   32 08:00:40      299.783985        4.672859
FIRE:   33 08:02:40      299.765785        1.285812
FIRE:   34 08:03:25      299.765610        1.265921
FIRE:   35 08:04:30      299.765284        1.189173
FIRE:   36 08:05:38      299.764838        1.081549
FIRE:   37 08:06:44      299.764325        0.943589
FIRE:   38 08:07:50      299.763789        0.800686
FIRE:   39 08:09:03      299.763259        0.799192
FIRE:   40 08:10:23      299.762741        0.797739
FIRE:   41 08:11:43      299.762163        0.796358
FIRE:   42 08:13:04      299.761471        0.795126
FIRE:   43 08:14:24      299.760588        0.791795
FIRE:   44 08:15:44      299.759444        0.781658
FIRE:   45 08:17:13      299.758008        0.776871
FIRE:   46 08:18:31      299.756296        0.761771
FIRE:   47 08:19:43      299.754288        0.748049
FIRE:   48 08:21:10      299.751809        0.734813
FIRE:   49 08:22:39      299.748616        0.706026
FIRE:   50 08:24:13      299.744675        0.676067
FIRE:   51 08:25:43      299.740085        0.627587
FIRE:   52 08:27:11      299.734473        0.565784
FIRE:   53 08:28:47      299.727424        0.482216
FIRE:   54 08:30:23      299.718900        0.385799
FIRE:   55 08:31:59      299.708252        0.296429
FIRE:   56 08:33:36      299.695211        0.469575
FIRE:   57 08:35:09      299.678663        0.325980
FIRE:   58 08:36:51      299.657789        0.378486
FIRE:   59 08:38:39      299.631317        0.502828
FIRE:   60 08:40:32      299.597699        0.416050
FIRE:   61 08:42:23      299.556355        0.729885
FIRE:   62 08:44:29      299.507783        1.698232
FIRE:   63 08:46:40      299.471062        4.807661
FIRE:   64 08:48:50      299.442721        0.586720
FIRE:   65 08:49:57      299.442305        0.560491
FIRE:   66 08:51:08      299.441669        0.554423
FIRE:   67 08:52:19      299.440961        0.545582
FIRE:   68 08:53:30      299.440148        0.534835
FIRE:   69 08:54:40      299.439088        0.525074
FIRE:   70 08:55:50      299.437743        0.507700
FIRE:   71 08:57:01      299.436229        0.491607
FIRE:   72 08:58:09      299.434448        0.472869
FIRE:   73 08:59:24      299.432232        0.447830
FIRE:   74 09:00:45      299.429383        0.436541
FIRE:   75 09:02:05      299.426029        0.402907
FIRE:   76 09:03:24      299.422042        0.385628
FIRE:   77 09:04:51      299.417109        0.354981
FIRE:   78 09:06:26      299.411322        0.313808
FIRE:   79 09:07:57      299.404379        0.288461
FIRE:   80 09:09:31      299.396349        0.289138
FIRE:   81 09:11:00      299.387121        0.307966
FIRE:   82 09:12:32      299.376818        0.427850
FIRE:   83 09:14:07      299.365409        0.576428
FIRE:   84 09:15:49      299.353352        1.377633
FIRE:   85 09:17:41      299.343708        3.371685
FIRE:   86 09:19:28      299.338071        0.477167
FIRE:   87 09:21:18      299.341798        3.161370
FIRE:   88 09:22:36      299.339785        2.388735
FIRE:   89 09:24:09      299.337592        1.016265
FIRE:   90 09:25:52      299.337120        0.625035
FIRE:   91 09:26:25      299.337077        0.605875
FIRE:   92 09:27:03      299.337017        0.530937
FIRE:   93 09:27:54      299.336904        0.454701
FIRE:   94 09:28:46      299.336817        0.453641
FIRE:   95 09:29:37      299.336711        0.452409
FIRE:   96 09:30:28      299.336614        0.451979
FIRE:   97 09:31:20      299.336517        0.452431
FIRE:   98 09:32:12      299.336398        0.447444
FIRE:   99 09:33:03      299.336239        0.445664
FIRE:  100 09:33:56      299.336021        0.445098
FIRE:  101 09:34:53      299.335727        0.440656
FIRE:  102 09:35:53      299.335358        0.441160
FIRE:  103 09:36:57      299.334939        0.433600
FIRE:  104 09:38:08      299.334457        0.428758
FIRE:  105 09:39:20      299.333852        0.425763
FIRE:  106 09:40:31      299.333075        0.426656
FIRE:  107 09:41:52      299.332153        0.422113
FIRE:  108 09:43:11      299.331077        0.418111
FIRE:  109 09:44:30      299.329725        0.414768
FIRE:  110 09:45:52      299.328112        0.411484
FIRE:  111 09:47:15      299.326188        0.406957
FIRE:  112 09:48:45      299.323829        0.431581
FIRE:  113 09:50:14      299.321012        0.451209
FIRE:  114 09:51:42      299.317615        0.477804
FIRE:  115 09:53:17      299.313458        0.548980
FIRE:  116 09:55:06      299.308435        0.570551
FIRE:  117 09:56:54      299.302327        0.651187
FIRE:  118 09:58:42      299.294912        1.876368
FIRE:  119 10:00:50      299.286220        5.715695
FIRE:  120 10:02:33      299.285989        0.607690
FIRE:  121 10:03:28      299.285970        0.591511
FIRE:  122 10:04:27      299.285838        0.564162
FIRE:  123 10:05:31      299.285675        0.532238
FIRE:  124 10:06:40      299.285459        0.477081
FIRE:  125 10:07:44      299.285170        0.427916
FIRE:  126 10:08:49      299.284873        0.365132
FIRE:  127 10:10:00      299.284467        0.342241
FIRE:  128 10:11:12      299.283969        0.342530
FIRE:  129 10:12:19      299.283337        0.343244
FIRE:  130 10:13:29      299.282542        0.345642
FIRE:  131 10:14:41      299.281548        0.347886
FIRE:  132 10:15:54      299.280321        0.347574
FIRE:  133 10:17:15      299.278824        0.351274
FIRE:  134 10:18:36      299.276992        0.362669
FIRE:  135 10:20:02      299.274769        0.390222
FIRE:  136 10:21:34      299.272076        0.431567
FIRE:  137 10:23:12      299.268852        0.442169
FIRE:  138 10:24:48      299.265005        0.441298
FIRE:  139 10:26:31      299.260424        0.443589
FIRE:  140 10:28:22      299.254955        0.419994
FIRE:  141 10:30:07      299.248567        0.361207
FIRE:  142 10:31:57      299.243983        1.453901
FIRE:  143 10:34:12      299.288563        6.011874
FIRE:  144 10:36:25      299.238558        2.255764
FIRE:  145 10:37:53      299.233817        1.478854
FIRE:  146 10:39:21      299.230103        0.490445
FIRE:  147 10:41:02      299.231561        1.089905
FIRE:  148 10:41:47      299.231245        1.023677
FIRE:  149 10:42:57      299.230685        0.821522
FIRE:  150 10:44:15      299.230086        0.577875
FIRE:  151 10:45:30      299.230944        1.335205
FIRE:  152 10:46:46      299.233353        1.339035
FIRE:  153 10:47:59      299.237264        1.349091
FIRE:  154 10:49:09      299.242471        1.360569
FIRE:  155 10:50:11      299.249452        1.370006
FIRE:  156 10:51:11      299.258426        1.388790
FIRE:  157 10:52:13      299.269877        1.406094
FIRE:  158 10:53:16      299.284728        1.447474
FIRE:  159 10:54:27      299.304339        1.482924
FIRE:  160 10:55:42      299.329869        1.523426
FIRE:  161 10:56:52      299.361838        1.563265
FIRE:  162 10:58:08      299.400952        1.601925
FIRE:  163 10:59:30      299.448766        1.632438
FIRE:  164 11:00:59      299.505658        1.601808
FIRE:  165 11:02:47      299.569599        1.546359
FIRE:  166 11:04:34      299.640018        1.400506
FIRE:  167 11:06:20      299.714789        1.181349
FIRE:  168 11:08:12      299.794116        0.926647
FIRE:  169 11:10:31      299.876562        0.737292
FIRE:  170 11:12:20      299.957771        0.671674
FIRE:  171 11:14:11      300.030737        0.858388
FIRE:  172 11:16:18      300.095573        1.567812
FIRE:  173 11:17:41      300.092310        0.549469
FIRE:  174 11:19:19      300.091631        0.820643
FIRE:  175 11:20:14      300.091300        0.687413
FIRE:  176 11:21:30      300.090814        0.491504
FIRE:  177 11:22:58      300.090409        0.480446
FIRE:  178 11:24:09      300.090230        0.465364
FIRE:  179 11:25:23      300.090225        0.465772
FIRE:  180 11:26:22      300.090252        0.569314
FIRE:  181 11:27:22      300.090245        0.537010
FIRE:  182 11:28:38      300.090284        0.394700
FIRE:  183 11:29:58      300.090667        0.379578
FIRE:  184 11:31:14      300.091772        0.371711
FIRE:  185 11:32:32      300.093556        0.424369
FIRE:  186 11:33:49      300.095838        0.380190
FIRE:  187 11:35:09      300.098971        0.403341
FIRE:  188 11:36:30      300.103465        0.420963
FIRE:  189 11:37:53      300.108702        0.434292
FIRE:  190 11:39:20      300.114893        0.429055
FIRE:  191 11:40:37      300.122197        0.383977
FIRE:  192 11:42:05      300.130037        0.332873
FIRE:  193 11:43:31      300.138434        0.279756
FIRE:  194 11:45:02      300.146944        0.424143
FIRE:  195 11:46:31      300.155117        0.323625
FIRE:  196 11:48:24      300.163579        0.432020
FIRE:  197 11:50:11      300.172408        0.972239
FIRE:  198 11:51:35      300.171967        0.166965
FIRE:  199 11:52:48      300.172088        0.804376
FIRE:  200 11:53:43      300.171995        0.631547
FIRE:  201 11:54:43      300.171882        0.312726
FIRE:  202 11:56:00      300.171855        0.136009
FIRE:  203 11:56:24      300.171858        0.136486
FIRE:  204 11:56:48      300.171850        0.135819
FIRE:  205 11:57:15      300.171865        0.138644
FIRE:  206 11:58:02      300.171854        0.135727
FIRE:  207 11:58:29      300.171864        0.135195
FIRE:  208 11:59:17      300.171860        0.135813
FIRE:  209 11:59:50      300.171872        0.133440
FIRE:  210 12:00:28      300.171873        0.135079
FIRE:  211 12:01:00      300.171894        0.132603
FIRE:  212 12:01:48      300.171905        0.135945
FIRE:  213 12:02:30      300.171938        0.133477
FIRE:  214 12:03:10      300.171981        0.134039
FIRE:  215 12:04:06      300.172046        0.137680
FIRE:  216 12:05:02      300.172148        0.136808
FIRE:  217 12:06:02      300.172298        0.137509
FIRE:  218 12:07:04      300.172506        0.136775
FIRE:  219 12:08:08      300.172791        0.135799
FIRE:  220 12:09:10      300.173173        0.133304
FIRE:  221 12:10:19      300.173664        0.132552
FIRE:  222 12:11:27      300.174268        0.127724
FIRE:  223 12:12:38      300.174988        0.120452
FIRE:  224 12:13:52      300.175793        0.111805
FIRE:  225 12:15:03      300.176660        0.101985
FIRE:  226 12:16:15      300.177554        0.093846
FIRE:  227 12:17:25      300.178464        0.084877
FIRE:  228 12:18:40      300.179384        0.078063
