      Step     Time          Energy          fmax
BFGS:    0 20:33:21      647.048809      436.990681
BFGS:    1 20:33:50      365.738383      172.857591
BFGS:    2 20:34:13      323.500861       23.769800
BFGS:    3 20:34:42      339.725344      108.607419
BFGS:    4 20:35:06      322.769401        7.524714
BFGS:    5 20:35:22      322.861342        9.047532
BFGS:    6 20:35:39      322.332365       15.644193
BFGS:    7 20:36:01      320.014354       46.191894
BFGS:    8 20:36:23      318.616509       54.638111
BFGS:    9 20:36:44      317.102693       44.847270
BFGS:   10 20:37:05      316.146527       47.078535
BFGS:   11 20:37:26      314.702753       56.422041
BFGS:   12 20:37:50      312.399293       40.623737
BFGS:   13 20:38:21      307.857948       23.266085
BFGS:   14 20:38:46      304.127819        8.105969
BFGS:   15 20:39:09      303.074742        9.780314
BFGS:   16 20:39:25      302.766396        3.738819
BFGS:   17 20:39:42      302.650641        2.333761
BFGS:   18 20:39:53      302.626415        1.785438
BFGS:   19 20:40:09      302.523599        2.062645
BFGS:   20 20:40:26      302.373053        2.834999
BFGS:   21 20:40:44      302.195086        3.006940
BFGS:   22 20:41:01      302.116441        2.108756
BFGS:   23 20:41:16      302.028443        1.987675
BFGS:   24 20:41:33      301.957851        2.481652
BFGS:   25 20:41:47      301.934868        2.579998
BFGS:   26 20:41:58      301.909112        2.455792
BFGS:   27 20:42:14      301.856244        2.106250
BFGS:   28 20:42:28      301.805948        1.794658
BFGS:   29 20:42:46      301.710252        1.725089
BFGS:   30 20:43:06      301.631074        2.193179
BFGS:   31 20:43:24      301.575368        2.390878
BFGS:   32 20:43:40      301.488274        2.453414
BFGS:   33 20:43:59      301.419718        1.922654
BFGS:   34 20:44:17      301.371591        1.595950
BFGS:   35 20:44:37      301.357567        1.607328
BFGS:   36 20:44:50      301.340440        1.587311
BFGS:   37 20:45:05      301.316652        1.489924
BFGS:   38 20:45:20      301.283657        1.434142
BFGS:   39 20:45:37      301.213034        1.262796
BFGS:   40 20:45:57      301.144490        1.030471
BFGS:   41 20:46:16      301.053926        0.922895
BFGS:   42 20:46:36      300.918781        1.231461
BFGS:   43 20:46:56      300.793883        2.488128
BFGS:   44 20:47:19      300.530778        1.342474
BFGS:   45 20:47:41      300.328951        0.953289
BFGS:   46 20:48:03      300.258394        1.312974
BFGS:   47 20:48:22      300.214632        1.161035
BFGS:   48 20:48:41      300.188006        0.287733
BFGS:   49 20:48:55      300.185337        0.193372
BFGS:   50 20:49:06      300.184276        0.279095
BFGS:   51 20:49:21      300.183353        0.454850
BFGS:   52 20:49:32      300.181866        0.246304
BFGS:   53 20:49:44      300.180836        0.099831
BFGS:   54 20:49:58      300.181183        0.206609
BFGS:   55 20:50:11      300.180261        0.074369
BFGS:   56 20:50:22      300.180207        0.080403
BFGS:   57 20:50:29      300.180099        0.074863
BFGS:   58 20:50:39      300.179391        0.145375
BFGS:   59 20:50:48      300.179110        0.140200
BFGS:   60 20:51:00      300.178855        0.234987
BFGS:   61 20:51:09      300.177691        0.172136
BFGS:   62 20:51:24      300.182184        0.380896
BFGS:   63 20:51:41      300.173984        0.278462
BFGS:   64 20:51:54      300.171443        0.300954
BFGS:   65 20:52:11      300.167888        0.312611
BFGS:   66 20:52:25      300.165792        0.248082
BFGS:   67 20:52:37      300.165276        0.220065
BFGS:   68 20:52:50      300.163849        0.204596
BFGS:   69 20:53:07      300.163016        0.224547
BFGS:   70 20:53:19      300.162042        0.163598
BFGS:   71 20:53:31      300.161095        0.178737
BFGS:   72 20:53:42      300.160278        0.164959
BFGS:   73 20:53:54      300.159269        0.164636
BFGS:   74 20:54:09      300.159193        0.168785
BFGS:   75 20:54:20      300.157838        0.168823
BFGS:   76 20:54:32      300.157006        0.191443
BFGS:   77 20:54:44      300.156229        0.213990
BFGS:   78 20:54:56      300.155362        0.216065
BFGS:   79 20:55:05      300.155205        0.210207
BFGS:   80 20:55:15      300.154973        0.193114
BFGS:   81 20:55:26      300.154826        0.197749
BFGS:   82 20:55:35      300.154563        0.202013
BFGS:   83 20:55:44      300.154305        0.197491
BFGS:   84 20:55:55      300.153821        0.193388
BFGS:   85 20:56:05      300.153481        0.188907
BFGS:   86 20:56:14      300.153215        0.169378
BFGS:   87 20:56:26      300.152962        0.166049
BFGS:   88 20:56:40      300.153594        0.156631
BFGS:   89 20:56:54      300.152661        0.150847
BFGS:   90 20:57:06      300.152540        0.163257
BFGS:   91 20:57:15      300.152373        0.156683
BFGS:   92 20:57:24      300.152128        0.151374
BFGS:   93 20:57:33      300.151991        0.158555
BFGS:   94 20:57:42      300.151805        0.173704
BFGS:   95 20:57:50      300.151618        0.177125
BFGS:   96 20:58:02      300.150285        0.266792
BFGS:   97 20:58:13      300.148946        0.206418
BFGS:   98 20:58:28      300.138739        0.199349
BFGS:   99 20:58:47      300.103216        0.642611
BFGS:  100 20:59:05      300.344209        3.174422
BFGS:  101 20:59:26      300.143884        2.195557
BFGS:  102 20:59:43      300.075782        1.111530
BFGS:  103 20:59:59      300.033060        1.145044
BFGS:  104 21:00:18      299.908971        1.145322
BFGS:  105 21:00:38      299.804130        2.238469
BFGS:  106 21:00:57      299.775868        2.629215
BFGS:  107 21:01:11      299.727288        3.144782
BFGS:  108 21:01:30      299.699959        3.272799
BFGS:  109 21:01:52      299.667754        3.272826
BFGS:  110 21:02:12      299.623669        3.311672
BFGS:  111 21:02:36      299.595145        3.083979
BFGS:  112 21:02:59      299.510837        2.732662
BFGS:  113 21:03:22      299.480591        2.402131
BFGS:  114 21:03:38      299.454692        2.698728
BFGS:  115 21:03:54      299.421519        2.979897
BFGS:  116 21:04:16      299.404432        3.261171
BFGS:  117 21:04:28      299.365907        3.292706
BFGS:  118 21:04:53      299.287895        2.918782
BFGS:  119 21:05:15      299.207572        2.586847
BFGS:  120 21:05:38      299.181530        2.832373
BFGS:  121 21:05:54      299.144722        2.236707
BFGS:  122 21:06:12      299.101701        1.497835
BFGS:  123 21:06:32      299.033156        1.744456
BFGS:  124 21:06:52      298.889977        2.635767
BFGS:  125 21:07:12      298.510279        3.202172
BFGS:  126 21:07:32      298.064133        3.362503
BFGS:  127 21:07:55      297.718405        2.889011
BFGS:  128 21:08:20      297.466690        2.810382
BFGS:  129 21:08:42      297.092955        2.680787
BFGS:  130 21:09:03      296.692595        1.996237
BFGS:  131 21:09:22      296.450929        1.009151
BFGS:  132 21:09:41      296.372319        1.140072
BFGS:  133 21:09:53      296.354486        0.955142
BFGS:  134 21:10:06      296.334176        0.889758
BFGS:  135 21:10:24      296.281596        1.403743
BFGS:  136 21:10:39      296.240621        1.383803
BFGS:  137 21:11:00      296.208267        2.024627
BFGS:  138 21:11:16      296.164561        1.697481
BFGS:  139 21:11:32      296.145752        1.996643
BFGS:  140 21:11:45      296.133563        2.019741
BFGS:  141 21:11:58      296.121227        2.108846
BFGS:  142 21:12:11      296.110011        2.116224
BFGS:  143 21:12:30      296.063224        2.095235
BFGS:  144 21:12:45      296.031607        2.134607
BFGS:  145 21:13:06      296.016253        2.167175
BFGS:  146 21:13:19      295.998569        2.063021
BFGS:  147 21:13:34      295.988348        2.028397
BFGS:  148 21:13:47      295.977493        2.021356
BFGS:  149 21:14:05      295.941674        1.948518
BFGS:  150 21:14:21      295.920402        1.994564
BFGS:  151 21:14:41      295.912876        2.097652
BFGS:  152 21:14:55      295.894807        2.067207
BFGS:  153 21:15:05      295.888456        2.047641
BFGS:  154 21:15:18      295.877170        2.070437
BFGS:  155 21:15:31      295.866588        2.106381
BFGS:  156 21:15:43      295.856778        2.140358
BFGS:  157 21:15:57      295.839258        2.229463
BFGS:  158 21:16:10      295.824262        2.255723
BFGS:  159 21:16:24      295.794635        2.277319
BFGS:  160 21:16:37      295.776362        2.264417
BFGS:  161 21:16:50      295.756279        2.184858
BFGS:  162 21:17:03      295.733870        2.093831
BFGS:  163 21:17:18      295.664501        1.883042
BFGS:  164 21:17:34      295.562664        1.709005
BFGS:  165 21:17:51      295.485556        2.066828
BFGS:  166 21:18:10      295.391482        1.569613
BFGS:  167 21:18:26      295.325679        1.725270
BFGS:  168 21:18:42      295.299251        1.739670
BFGS:  169 21:18:56      295.283644        1.744514
BFGS:  170 21:19:07      295.281039        1.726399
BFGS:  171 21:19:19      295.279303        1.707580
BFGS:  172 21:19:32      295.276713        1.691310
BFGS:  173 21:19:45      295.272747        1.639945
BFGS:  174 21:19:55      295.269221        1.611991
BFGS:  175 21:20:08      295.260221        1.569638
BFGS:  176 21:20:20      295.251463        1.504291
BFGS:  177 21:20:32      295.245705        1.561692
BFGS:  178 21:20:44      295.240777        1.612967
BFGS:  179 21:20:55      295.239010        1.646544
BFGS:  180 21:21:05      295.237643        1.642055
