      Step     Time          Energy          fmax
FIRE:    0 11:06:35      441.280066      262.669073
FIRE:    1 11:06:49      374.810568       97.795466
FIRE:    2 11:07:08      348.915908       45.507098
FIRE:    3 11:07:26      339.777277       31.532786
FIRE:    4 11:07:45      339.380643       29.987398
FIRE:    5 11:08:08      342.108145       45.030781
FIRE:    6 11:08:31      343.175105       49.802550
FIRE:    7 11:08:49      340.396497       42.321161
FIRE:    8 11:09:06      335.584928       27.500671
FIRE:    9 11:09:24      331.965584       16.811851
FIRE:   10 11:09:46      329.669162        7.271319
FIRE:   11 11:10:07      328.387512        5.157941
FIRE:   12 11:10:29      327.965229        4.125477
FIRE:   13 11:10:38      327.946682        3.901241
FIRE:   14 11:10:51      327.914297        3.520042
FIRE:   15 11:11:06      327.875876        3.043638
FIRE:   16 11:11:21      327.839854        2.570611
FIRE:   17 11:11:35      327.812642        2.199276
FIRE:   18 11:11:49      327.796413        1.981818
FIRE:   19 11:12:03      327.788431        1.899489
FIRE:   20 11:12:16      327.782747        1.807094
FIRE:   21 11:12:30      327.773929        1.597238
FIRE:   22 11:12:45      327.759063        1.218809
FIRE:   23 11:13:00      327.740451        0.946933
FIRE:   24 11:13:14      327.723232        1.069553
FIRE:   25 11:13:32      327.708637        1.270226
FIRE:   26 11:13:48      327.693149        1.523252
FIRE:   27 11:14:04      327.671871        1.622530
FIRE:   28 11:14:21      327.641219        1.548080
FIRE:   29 11:14:38      327.605869        1.409460
FIRE:   30 11:14:56      327.585692        1.016318
FIRE:   31 11:15:15      327.575989        0.781776
FIRE:   32 11:15:33      327.537693        0.592085
FIRE:   33 11:15:51      327.509261        0.803018
FIRE:   34 11:16:09      327.473309        0.919802
FIRE:   35 11:16:27      327.472537        2.419968
FIRE:   36 11:16:41      327.463685        0.670519
FIRE:   37 11:16:57      327.459407        2.426349
FIRE:   38 11:17:08      327.457713        1.743724
FIRE:   39 11:17:20      327.455729        0.593857
FIRE:   40 11:17:33      327.454684        0.704295
FIRE:   41 11:17:38      327.454571        0.676195
FIRE:   42 11:17:44      327.454356        0.557396
FIRE:   43 11:17:52      327.454058        0.476971
FIRE:   44 11:18:00      327.453700        0.468591
FIRE:   45 11:18:07      327.453303        0.458046
FIRE:   46 11:18:15      327.452875        0.437466
FIRE:   47 11:18:22      327.452415        0.421633
FIRE:   48 11:18:30      327.451861        0.401592
FIRE:   49 11:18:38      327.451185        0.431920
FIRE:   50 11:18:45      327.450371        0.400690
FIRE:   51 11:18:54      327.449433        0.324787
FIRE:   52 11:19:04      327.448417        0.307143
FIRE:   53 11:19:13      327.447366        0.304153
FIRE:   54 11:19:23      327.446254        0.310332
FIRE:   55 11:19:33      327.445051        0.310452
FIRE:   56 11:19:42      327.443818        0.301384
FIRE:   57 11:19:52      327.442567        0.287624
FIRE:   58 11:20:02      327.441108        0.246661
FIRE:   59 11:20:14      327.439423        0.253324
FIRE:   60 11:20:23      327.437457        0.268758
FIRE:   61 11:20:33      327.435247        0.264840
FIRE:   62 11:20:43      327.433099        0.238297
FIRE:   63 11:20:52      327.431240        0.223095
FIRE:   64 11:21:04      327.429757        0.180777
FIRE:   65 11:21:17      327.428485        0.187191
FIRE:   66 11:21:29      327.427070        0.178038
FIRE:   67 11:21:41      327.425495        0.245310
FIRE:   68 11:21:50      327.424163        0.490475
FIRE:   69 11:22:04      327.426052        1.773303
FIRE:   70 11:22:16      327.421922        0.300088
FIRE:   71 11:22:22      327.421785        0.210937
FIRE:   72 11:22:30      327.421604        0.155492
FIRE:   73 11:22:38      327.421466        0.170557
FIRE:   74 11:22:45      327.421329        0.268352
FIRE:   75 11:22:50      327.421111        0.281760
FIRE:   76 11:22:58      327.420814        0.211579
FIRE:   77 11:23:05      327.420519        0.138989
FIRE:   78 11:23:13      327.420250        0.135768
FIRE:   79 11:23:21      327.419932        0.169302
FIRE:   80 11:23:28      327.419497        0.120130
FIRE:   81 11:23:36      327.419063        0.147312
FIRE:   82 11:23:44      327.418594        0.196450
FIRE:   83 11:23:51      327.417998        0.089543
