      Step     Time          Energy          fmax
BFGS:    0 21:41:41      319.610508       24.833563
BFGS:    1 21:41:59      315.923448        2.953639
BFGS:    2 21:42:12      315.685856        2.436496
BFGS:    3 21:42:27      315.192551        1.341491
BFGS:    4 21:42:38      315.116889        1.318070
BFGS:    5 21:42:54      314.880557        1.123548
BFGS:    6 21:43:05      314.851724        0.941014
BFGS:    7 21:43:18      314.775706        0.439613
BFGS:    8 21:43:30      314.754067        0.447521
BFGS:    9 21:43:42      314.732241        0.448137
BFGS:   10 21:43:52      314.718748        0.481456
BFGS:   11 21:44:06      314.692080        0.499846
BFGS:   12 21:44:17      314.678058        0.439595
BFGS:   13 21:44:30      314.651398        0.635980
BFGS:   14 21:44:40      314.633996        0.647739
BFGS:   15 21:44:53      314.571579        0.888311
BFGS:   16 21:45:06      314.530355        1.348866
BFGS:   17 21:45:17      314.488902        1.142969
BFGS:   18 21:45:34      314.421011        0.891913
BFGS:   19 21:45:49      314.409638        0.526115
BFGS:   20 21:46:01      314.387227        0.524035
BFGS:   21 21:46:13      314.376716        0.522716
BFGS:   22 21:46:23      314.364019        0.358903
BFGS:   23 21:46:34      314.351626        0.251218
BFGS:   24 21:46:44      314.345115        0.327190
BFGS:   25 21:46:56      314.333456        0.459691
BFGS:   26 21:47:06      314.316792        0.472943
BFGS:   27 21:47:19      314.314821        0.465661
BFGS:   28 21:47:30      314.299689        0.259214
BFGS:   29 21:47:40      314.294992        0.193224
BFGS:   30 21:47:50      314.289825        0.148729
BFGS:   31 21:47:59      314.287997        0.187237
BFGS:   32 21:48:09      314.284742        0.203913
BFGS:   33 21:48:23      314.296066        0.359284
BFGS:   34 21:48:35      314.279469        0.224473
BFGS:   35 21:48:44      314.276791        0.197706
BFGS:   36 21:48:56      314.262071        0.219684
BFGS:   37 21:49:08      314.253716        0.282522
BFGS:   38 21:49:20      314.247647        0.154414
BFGS:   39 21:49:31      314.245405        0.082219
BFGS:   40 21:49:42      314.244553        0.076522
BFGS:   41 21:49:55      314.240977        0.180275
BFGS:   42 21:50:11      314.287433        0.808534
BFGS:   43 21:50:28      314.239336        0.176906
BFGS:   44 21:50:39      314.237972        0.094327
BFGS:   45 21:50:46      314.237701        0.038265
