      Step     Time          Energy          fmax
FIRE:    0 16:13:34      306.458175       42.909415
FIRE:    1 16:16:14      302.216887       16.878904
FIRE:    2 16:18:44      301.153615        7.666459
FIRE:    3 16:21:25      300.857212        5.017642
FIRE:    4 16:23:56      300.803642        6.531539
FIRE:    5 16:26:02      300.698930        5.364164
FIRE:    6 16:28:10      300.568079        3.589719
FIRE:    7 16:30:29      300.476530        2.162191
FIRE:    8 16:32:54      300.427618        1.934022
FIRE:    9 16:34:47      300.391641        1.767273
FIRE:   10 16:36:59      300.352789        1.976839
FIRE:   11 16:39:11      300.318843        2.114905
FIRE:   12 16:41:31      300.300827        1.880076
FIRE:   13 16:43:48      300.303429        2.022832
FIRE:   14 16:46:06      300.312157        2.923997
FIRE:   15 16:48:24      300.305857        3.044590
FIRE:   16 16:50:57      300.268976        1.705059
FIRE:   17 16:53:24      300.230634        2.349837
FIRE:   18 16:55:48      300.207135        3.050301
FIRE:   19 16:58:13      300.182197        3.130107
FIRE:   20 17:01:05      300.161084        2.140233
FIRE:   21 17:03:29      300.146424        3.011953
FIRE:   22 17:05:05      300.145213        2.075749
FIRE:   23 17:07:07      300.142947        1.268708
FIRE:   24 17:09:17      300.139639        0.846166
FIRE:   25 17:11:10      300.135181        1.566711
FIRE:   26 17:13:06      300.129648        1.664747
FIRE:   27 17:14:56      300.123173        1.211105
FIRE:   28 17:16:49      300.115772        0.975201
FIRE:   29 17:18:58      300.106310        1.165275
FIRE:   30 17:21:10      300.094318        1.407304
FIRE:   31 17:23:09      300.079210        1.175441
FIRE:   32 17:25:10      300.059798        0.718075
FIRE:   33 17:27:09      300.035050        1.118807
FIRE:   34 17:29:22      300.004292        0.806742
FIRE:   35 17:31:33      299.966242        1.786246
FIRE:   36 17:33:39      299.930703        7.379422
FIRE:   37 17:35:52      299.922152        2.263305
FIRE:   38 17:37:15      299.921317        1.520833
FIRE:   39 17:38:55      299.920120        0.582863
FIRE:   40 17:40:33      299.918819        0.973425
FIRE:   41 17:42:10      299.917170        1.696280
FIRE:   42 17:43:30      299.914887        1.655567
FIRE:   43 17:45:02      299.912064        0.928785
FIRE:   44 17:46:24      299.908988        0.396694
FIRE:   45 17:48:03      299.905269        1.127664
FIRE:   46 17:49:28      299.900545        1.264147
FIRE:   47 17:50:49      299.894575        0.408852
FIRE:   48 17:52:19      299.887457        0.924688
FIRE:   49 17:53:52      299.878702        1.115454
FIRE:   50 17:55:44      299.867969        0.434780
FIRE:   51 17:57:23      299.854967        1.065312
FIRE:   52 17:59:14      299.839173        0.458336
FIRE:   53 18:00:53      299.820137        0.841313
FIRE:   54 18:02:32      299.797572        1.313603
FIRE:   55 18:04:10      299.771013        1.286369
FIRE:   56 18:06:11      299.739919        1.435215
FIRE:   57 18:08:06      299.703906        3.138273
FIRE:   58 18:10:37      299.673318        9.265736
FIRE:   59 18:12:51      299.654230        1.622262
FIRE:   60 18:14:11      299.653549        1.173520
FIRE:   61 18:15:37      299.652521        0.707067
FIRE:   62 18:17:17      299.651379        0.710322
FIRE:   63 18:18:43      299.649997        1.038047
FIRE:   64 18:19:58      299.648113        1.159127
FIRE:   65 18:21:29      299.645711        0.790516
FIRE:   66 18:23:01      299.643024        0.733552
FIRE:   67 18:24:33      299.639850        0.741662
FIRE:   68 18:25:56      299.635855        0.983671
FIRE:   69 18:27:22      299.630644        0.761294
FIRE:   70 18:28:53      299.624260        0.772967
FIRE:   71 18:30:25      299.616294        0.808550
FIRE:   72 18:31:55      299.606039        0.796342
FIRE:   73 18:33:31      299.593160        0.844275
FIRE:   74 18:35:15      299.576457        0.810651
FIRE:   75 18:37:12      299.554814        0.805718
FIRE:   76 18:39:04      299.526581        0.991842
FIRE:   77 18:41:06      299.490367        0.797380
FIRE:   78 18:43:07      299.445498        0.996167
FIRE:   79 18:45:32      299.394682        2.317711
FIRE:   80 18:48:04      299.356451        6.386183
FIRE:   81 18:50:11      299.335799        0.782169
FIRE:   82 18:51:11      299.335561        0.777209
FIRE:   83 18:52:18      299.335107        0.777045
FIRE:   84 18:53:22      299.334502        0.772507
FIRE:   85 18:54:29      299.333743        0.769274
FIRE:   86 18:55:35      299.332792        0.766573
FIRE:   87 18:56:41      299.331634        0.770617
FIRE:   88 18:57:50      299.330309        0.768289
FIRE:   89 18:59:13      299.328699        0.767173
FIRE:   90 19:00:35      299.326729        0.766940
FIRE:   91 19:01:54      299.324282        0.767195
FIRE:   92 19:03:25      299.321349        0.767347
FIRE:   93 19:04:53      299.317867        0.764149
FIRE:   94 19:06:24      299.313664        0.762997
FIRE:   95 19:07:53      299.308744        0.768222
FIRE:   96 19:09:22      299.302894        0.790270
FIRE:   97 19:11:03      299.296111        0.818573
FIRE:   98 19:12:42      299.288276        0.861302
FIRE:   99 19:14:18      299.279219        0.875715
FIRE:  100 19:16:06      299.269118        0.822140
FIRE:  101 19:17:45      299.258091        0.780784
FIRE:  102 19:19:57      299.246726        1.461580
FIRE:  103 19:21:17      299.245400        1.283508
FIRE:  104 19:22:35      299.245911        1.248740
FIRE:  105 19:24:07      299.245033        1.056315
FIRE:  106 19:25:53      299.243834        0.662613
FIRE:  107 19:27:39      299.243489        1.127064
FIRE:  108 19:29:17      299.241891        0.535215
FIRE:  109 19:31:03      299.241093        0.839140
FIRE:  110 19:32:46      299.239400        0.727760
FIRE:  111 19:34:30      299.237840        0.853042
FIRE:  112 19:36:20      299.235224        0.671077
FIRE:  113 19:38:14      299.233205        1.320545
FIRE:  114 19:40:08      299.229777        1.063136
FIRE:  115 19:42:11      299.225607        0.836312
FIRE:  116 19:44:14      299.222213        1.476943
FIRE:  117 19:47:03      299.231640        4.428010
FIRE:  118 19:49:04      299.214034        0.613180
FIRE:  119 19:49:56      299.213884        0.588134
FIRE:  120 19:50:56      299.213680        0.563789
FIRE:  121 19:51:57      299.213547        0.522787
FIRE:  122 19:52:59      299.213438        0.498731
FIRE:  123 19:54:04      299.213228        0.469450
FIRE:  124 19:55:12      299.212889        0.435228
FIRE:  125 19:56:26      299.212502        0.409093
FIRE:  126 19:57:53      299.212123        0.376629
FIRE:  127 19:59:11      299.211619        0.334390
FIRE:  128 20:00:37      299.210881        0.300383
FIRE:  129 20:02:07      299.210056        0.306352
FIRE:  130 20:03:30      299.209050        0.336566
FIRE:  131 20:04:52      299.207712        0.346143
FIRE:  132 20:06:31      299.206204        0.322945
FIRE:  133 20:08:04      299.204240        0.262399
FIRE:  134 20:09:37      299.201906        0.181491
FIRE:  135 20:11:31      299.199044        0.312446
FIRE:  136 20:13:12      299.195584        0.388647
FIRE:  137 20:14:54      299.191446        0.510148
FIRE:  138 20:16:43      299.186942        0.955477
FIRE:  139 20:18:48      299.183685        2.234417
FIRE:  140 20:20:30      299.180358        0.206386
FIRE:  141 20:22:07      299.182412        2.041286
FIRE:  142 20:23:25      299.181270        1.544067
FIRE:  143 20:24:48      299.180004        0.661390
FIRE:  144 20:26:11      299.179681        0.385322
FIRE:  145 20:26:36      299.179662        0.385096
FIRE:  146 20:27:06      299.179620        0.337976
FIRE:  147 20:27:40      299.179566        0.276300
FIRE:  148 20:28:28      299.179498        0.212382
FIRE:  149 20:29:12      299.179434        0.213774
FIRE:  150 20:30:01      299.179369        0.215028
FIRE:  151 20:30:45      299.179292        0.216432
FIRE:  152 20:31:25      299.179208        0.218813
FIRE:  153 20:32:14      299.179098        0.221432
FIRE:  154 20:32:58      299.178945        0.218273
FIRE:  155 20:33:53      299.178738        0.215578
FIRE:  156 20:34:53      299.178484        0.210519
FIRE:  157 20:35:55      299.178186        0.211323
FIRE:  158 20:36:56      299.177845        0.217320
FIRE:  159 20:37:57      299.177414        0.222052
FIRE:  160 20:38:54      299.176859        0.226070
FIRE:  161 20:39:55      299.176180        0.223320
FIRE:  162 20:40:55      299.175394        0.228300
FIRE:  163 20:41:59      299.174395        0.227683
FIRE:  164 20:43:09      299.173173        0.241823
FIRE:  165 20:44:24      299.171718        0.244719
FIRE:  166 20:45:46      299.169894        0.261577
FIRE:  167 20:47:18      299.167732        0.259924
FIRE:  168 20:48:48      299.165043        0.296523
FIRE:  169 20:50:28      299.161804        0.329426
FIRE:  170 20:52:05      299.157944        0.356024
FIRE:  171 20:53:44      299.153446        0.406818
FIRE:  172 20:55:31      299.149154        0.771364
FIRE:  173 20:57:31      299.151426        1.960281
FIRE:  174 20:59:03      299.140554        0.582094
FIRE:  175 21:00:40      299.148839        1.786513
FIRE:  176 21:01:48      299.144825        1.327409
FIRE:  177 21:03:18      299.140597        0.592349
FIRE:  178 21:04:48      299.140027        0.590873
FIRE:  179 21:05:19      299.139962        0.606054
FIRE:  180 21:05:52      299.139849        0.605305
FIRE:  181 21:06:38      299.139702        0.609909
FIRE:  182 21:07:32      299.139564        0.603262
FIRE:  183 21:08:16      299.139451        0.601479
FIRE:  184 21:09:03      299.139373        0.602562
FIRE:  185 21:09:47      299.139321        0.606312
FIRE:  186 21:10:39      299.139269        0.609459
FIRE:  187 21:11:29      299.139169        0.612598
FIRE:  188 21:12:21      299.139009        0.617695
FIRE:  189 21:12:51      299.138745        0.623723
FIRE:  190 21:13:23      299.138439        0.627754
FIRE:  191 21:13:57      299.138129        0.636447
FIRE:  192 21:14:31      299.137820        0.646899
FIRE:  193 21:15:07      299.137368        0.665118
FIRE:  194 21:15:45      299.136712        0.680954
FIRE:  195 21:16:26      299.135997        0.713555
FIRE:  196 21:17:07      299.135219        0.741027
FIRE:  197 21:17:52      299.134117        0.767016
FIRE:  198 21:18:39      299.132848        0.798079
FIRE:  199 21:19:24      299.131349        0.845026
FIRE:  200 21:20:09      299.129459        0.896783
FIRE:  201 21:21:01      299.127264        0.932235
FIRE:  202 21:21:55      299.124573        0.966675
FIRE:  203 21:22:53      299.121276        0.990198
FIRE:  204 21:23:52      299.117391        0.982560
FIRE:  205 21:24:56      299.112814        0.806938
FIRE:  206 21:26:05      299.109226        1.526825
FIRE:  207 21:26:54      299.106734        0.693326
FIRE:  208 21:27:48      299.107777        1.229180
FIRE:  209 21:28:23      299.107168        0.967697
FIRE:  210 21:29:01      299.106435        0.580505
FIRE:  211 21:29:44      299.106115        0.555157
FIRE:  212 21:30:27      299.106270        0.576327
FIRE:  213 21:31:05      299.106408        0.831425
FIRE:  214 21:31:40      299.106131        0.817117
FIRE:  215 21:32:20      299.105494        0.533096
FIRE:  216 21:33:05      299.104878        0.455941
FIRE:  217 21:33:52      299.104643        0.478847
FIRE:  218 21:34:36      299.104299        0.675684
FIRE:  219 21:35:22      299.103336        0.388647
FIRE:  220 21:36:11      299.102433        0.319729
FIRE:  221 21:36:59      299.101618        0.589476
FIRE:  222 21:37:48      299.100045        0.256178
FIRE:  223 21:38:39      299.098693        0.582846
FIRE:  224 21:39:04      299.098530        0.435591
FIRE:  225 21:39:37      299.098314        0.216891
FIRE:  226 21:40:11      299.098162        0.212395
FIRE:  227 21:40:45      299.098053        0.335220
FIRE:  228 21:40:58      299.098031        0.324735
FIRE:  229 21:41:18      299.097989        0.286313
FIRE:  230 21:41:35      299.097930        0.230170
FIRE:  231 21:42:01      299.097864        0.201875
FIRE:  232 21:42:24      299.097792        0.201055
FIRE:  233 21:42:50      299.097724        0.192310
FIRE:  234 21:43:16      299.097648        0.184667
FIRE:  235 21:43:45      299.097555        0.183986
FIRE:  236 21:44:16      299.097433        0.178989
FIRE:  237 21:44:43      299.097274        0.193669
FIRE:  238 21:45:12      299.097057        0.168708
FIRE:  239 21:45:41      299.096807        0.158698
FIRE:  240 21:46:12      299.096499        0.150922
FIRE:  241 21:46:43      299.096143        0.143125
FIRE:  242 21:47:16      299.095689        0.151904
FIRE:  243 21:48:15      299.095120        0.125839
FIRE:  244 21:49:21      299.094427        0.125778
FIRE:  245 21:50:28      299.093611        0.128932
FIRE:  246 21:51:33      299.092606        0.131466
FIRE:  247 21:52:44      299.091390        0.134041
FIRE:  248 21:53:51      299.089947        0.136017
FIRE:  249 21:55:07      299.088170        0.144621
FIRE:  250 21:56:17      299.086068        0.128727
FIRE:  251 21:57:30      299.102771        1.334010
FIRE:  252 21:58:54      299.146114        1.489006
FIRE:  253 22:00:38      299.229058        1.682104
FIRE:  254 22:02:30      299.362288        1.883093
FIRE:  255 22:04:47      299.535692        1.770666
FIRE:  256 22:07:06      299.716393        1.159063
FIRE:  257 22:09:33      299.903517        2.819819
FIRE:  258 22:11:15      299.899044        0.744599
FIRE:  259 22:12:18      299.898938        0.739921
FIRE:  260 22:13:29      299.899060        0.732488
FIRE:  261 22:14:38      299.899869        0.722860
FIRE:  262 22:15:49      299.901688        0.715481
FIRE:  263 22:17:01      299.904699        0.719807
FIRE:  264 22:18:12      299.909135        0.728085
FIRE:  265 22:19:26      299.915226        0.750087
FIRE:  266 22:20:43      299.923709        0.777296
FIRE:  267 22:22:04      299.934324        0.809118
FIRE:  268 22:23:27      299.946775        0.844413
FIRE:  269 22:24:55      299.960903        0.832334
FIRE:  270 22:26:18      299.976362        0.788630
FIRE:  271 22:27:59      299.993852        0.688374
FIRE:  272 22:29:32      300.014469        0.584505
FIRE:  273 22:31:08      300.038396        0.507800
FIRE:  274 22:32:51      300.064228        0.454748
FIRE:  275 22:34:17      300.090720        0.384181
FIRE:  276 22:35:42      300.116617        0.384829
FIRE:  277 22:37:27      300.141883        1.324528
FIRE:  278 22:39:27      300.164136        3.445407
FIRE:  279 22:41:18      300.163380        0.292156
FIRE:  280 22:43:07      300.163080        3.082727
FIRE:  281 22:44:26      300.162955        2.370354
FIRE:  282 22:46:07      300.162808        1.093556
FIRE:  283 22:47:49      300.162766        0.439409
FIRE:  284 22:48:22      300.162769        0.441029
FIRE:  285 22:48:52      300.162759        0.389793
FIRE:  286 22:49:40      300.162764        0.302212
FIRE:  287 22:50:37      300.162764        0.208031
FIRE:  288 22:51:32      300.162765        0.183409
FIRE:  289 22:52:28      300.162775        0.184968
FIRE:  290 22:53:21      300.162781        0.184179
FIRE:  291 22:54:20      300.162801        0.183843
FIRE:  292 22:55:01      300.162831        0.212269
FIRE:  293 22:55:40      300.162877        0.240441
FIRE:  294 22:56:22      300.162944        0.221273
FIRE:  295 22:57:28      300.163049        0.188594
FIRE:  296 22:58:26      300.163205        0.188143
FIRE:  297 22:59:21      300.163435        0.187636
FIRE:  298 23:00:24      300.163755        0.186398
FIRE:  299 23:01:32      300.164180        0.186972
FIRE:  300 23:02:43      300.164736        0.184816
FIRE:  301 23:03:51      300.165462        0.181979
FIRE:  302 23:05:00      300.166365        0.178201
FIRE:  303 23:06:12      300.167448        0.172718
FIRE:  304 23:07:17      300.168735        0.164501
FIRE:  305 23:08:23      300.170178        0.153394
FIRE:  306 23:09:36      300.171763        0.177601
FIRE:  307 23:10:49      300.173432        0.127946
FIRE:  308 23:12:07      300.175196        0.180627
FIRE:  309 23:13:30      300.177014        0.264537
FIRE:  310 23:14:56      300.178802        0.297406
FIRE:  311 23:16:27      300.180335        0.462867
FIRE:  312 23:18:15      300.181356        1.011542
FIRE:  313 23:20:00      300.181197        0.081814
FIRE:  314 23:21:38      300.181166        0.901329
FIRE:  315 23:22:34      300.181126        0.688454
FIRE:  316 23:23:41      300.181074        0.301918
FIRE:  317 23:24:51      300.181049        0.156351
FIRE:  318 23:25:25      300.181047        0.155024
FIRE:  319 23:25:53      300.181041        0.137497
FIRE:  320 23:26:40      300.181038        0.112328
FIRE:  321 23:27:08      300.181031        0.079667
