      Step     Time          Energy          fmax
BFGS:    0 22:36:32      303.331127        1.787244
BFGS:    1 22:36:48      303.355630        3.778989
BFGS:    2 22:37:04      303.293827        0.766810
BFGS:    3 22:37:15      303.274110        0.743290
BFGS:    4 22:37:27      303.200704        1.521642
BFGS:    5 22:37:40      303.158288        1.921684
BFGS:    6 22:37:51      303.120532        1.137988
BFGS:    7 22:38:08      303.092561        1.396790
BFGS:    8 22:38:22      303.081184        0.339809
BFGS:    9 22:38:29      303.077014        0.327274
BFGS:   10 22:38:44      303.040348        1.840349
BFGS:   11 22:38:58      303.011144        0.576161
BFGS:   12 22:39:11      303.006118        0.646737
BFGS:   13 22:39:22      303.003411        0.344783
BFGS:   14 22:39:31      303.000193        0.229677
BFGS:   15 22:39:42      302.993713        0.415088
BFGS:   16 22:39:50      302.992048        0.220885
BFGS:   17 22:39:59      302.989212        0.220502
BFGS:   18 22:40:09      302.985364        0.298227
BFGS:   19 22:40:20      302.979989        0.163051
BFGS:   20 22:40:35      302.973284        0.553825
BFGS:   21 22:40:45      302.971504        0.224328
BFGS:   22 22:40:54      302.969300        0.137738
BFGS:   23 22:41:02      302.968270        0.120959
BFGS:   24 22:41:10      302.967360        0.088932
BFGS:   25 22:41:19      302.966589        0.079186
BFGS:   26 22:41:27      302.966022        0.074873
BFGS:   27 22:41:36      302.965280        0.059350
BFGS:   28 22:41:43      302.965081        0.058855
BFGS:   29 22:41:51      302.964840        0.061008
BFGS:   30 22:42:01      302.964419        0.085836
BFGS:   31 22:42:08      302.964195        0.067938
BFGS:   32 22:42:17      302.963695        0.114845
BFGS:   33 22:42:25      302.963309        0.162691
BFGS:   34 22:42:33      302.962718        0.168695
BFGS:   35 22:42:46      302.977267        0.766673
BFGS:   36 22:43:01      302.960751        0.163090
BFGS:   37 22:43:10      302.960115        0.149280
BFGS:   38 22:43:20      302.958936        0.199363
BFGS:   39 22:43:30      302.958041        0.107088
BFGS:   40 22:43:37      302.957890        0.054045
BFGS:   41 22:43:47      302.957737        0.085720
BFGS:   42 22:43:53      302.957658        0.053785
BFGS:   43 22:44:01      302.957335        0.140110
BFGS:   44 22:44:09      302.957058        0.160298
BFGS:   45 22:44:20      302.956568        0.077228
BFGS:   46 22:44:29      302.956067        0.057598
BFGS:   47 22:44:38      302.955596        0.044643
