      Step     Time          Energy          fmax
BFGS:    0 19:07:54      669.133929      435.990684
BFGS:    1 19:08:21      387.816485      171.547349
BFGS:    2 19:08:42      345.523777       13.902878
BFGS:    3 19:08:54      345.128322        7.474219
BFGS:    4 19:09:10      345.757106       32.606576
BFGS:    5 19:09:28      341.263748       34.439653
BFGS:    6 19:09:46      330.594026       17.548710
BFGS:    7 19:10:08      326.056303       13.059096
BFGS:    8 19:10:29      323.810896        3.503526
BFGS:    9 19:10:42      323.619539        1.731450
BFGS:   10 19:10:54      323.593911        1.317844
BFGS:   11 19:11:04      323.573353        1.238572
BFGS:   12 19:11:16      323.533796        1.329564
BFGS:   13 19:11:31      323.458149        1.555565
BFGS:   14 19:11:44      323.411459        1.343318
BFGS:   15 19:12:02      323.338001        1.244563
BFGS:   16 19:12:13      323.327657        0.951520
BFGS:   17 19:12:24      323.321180        0.756757
BFGS:   18 19:12:36      323.310371        0.448943
BFGS:   19 19:12:46      323.298793        0.494689
BFGS:   20 19:13:02      323.227357        0.794978
BFGS:   21 19:13:23      323.175763        1.068230
BFGS:   22 19:13:44      323.146308        0.862872
BFGS:   23 19:14:03      323.130186        0.488369
BFGS:   24 19:14:16      323.127621        0.265973
BFGS:   25 19:14:30      323.126957        0.126564
BFGS:   26 19:14:37      323.126665        0.073702
BFGS:   27 19:14:57      323.126191        0.148549
BFGS:   28 19:15:14      323.130361        0.453573
BFGS:   29 19:15:28      323.125842        0.104809
BFGS:   30 19:15:36      323.125819        0.083684
BFGS:   31 19:15:45      323.125550        0.075827
BFGS:   32 19:15:55      323.125338        0.089535
BFGS:   33 19:16:07      323.125282        0.109856
BFGS:   34 19:16:13      323.125213        0.101813
BFGS:   35 19:16:23      323.125164        0.082723
BFGS:   36 19:16:30      323.125144        0.087609
BFGS:   37 19:16:36      323.125107        0.095240
BFGS:   38 19:16:44      323.124879        0.120190
BFGS:   39 19:16:54      323.124416        0.200958
BFGS:   40 19:17:01      323.123998        0.213714
BFGS:   41 19:17:11      323.123059        0.150139
BFGS:   42 19:17:23      323.123199        0.095455
BFGS:   43 19:17:46      323.134369        0.485401
BFGS:   44 19:18:00      323.123010        0.169564
BFGS:   45 19:18:16      323.122326        0.064121
BFGS:   46 19:18:25      323.122188        0.068341
BFGS:   47 19:18:41      323.131510        0.232609
BFGS:   48 19:18:56      323.122406        0.064791
BFGS:   49 19:19:14      323.124231        0.225145
BFGS:   50 19:19:31      323.121944        0.101238
BFGS:   51 19:19:40      323.121662        0.098802
BFGS:   52 19:19:58      323.125045        0.119787
BFGS:   53 19:20:13      323.121507        0.095878
BFGS:   54 19:20:23      323.121245        0.116896
BFGS:   55 19:20:41      323.125586        0.282693
BFGS:   56 19:20:56      323.120412        0.138351
BFGS:   57 19:21:02      323.120080        0.129040
BFGS:   58 19:21:11      323.116281        0.152043
BFGS:   59 19:21:32      323.102592        0.639927
BFGS:   60 19:21:49      323.087587        0.887903
BFGS:   61 19:22:03      323.077699        1.098779
BFGS:   62 19:22:19      323.071556        1.553086
BFGS:   63 19:22:33      323.044642        1.420997
BFGS:   64 19:22:48      322.985705        1.603245
BFGS:   65 19:23:05      322.925246        1.816407
BFGS:   66 19:23:25      322.838035        2.002409
BFGS:   67 19:23:43      322.732055        2.172465
BFGS:   68 19:23:56      322.639063        2.247284
BFGS:   69 19:24:12      322.485888        2.266921
BFGS:   70 19:24:28      322.324058        2.215977
BFGS:   71 19:24:45      322.156655        2.136873
BFGS:   72 19:25:03      321.929733        2.287355
BFGS:   73 19:25:20      321.733771        2.279777
BFGS:   74 19:25:38      321.563404        2.183714
BFGS:   75 19:25:54      321.418104        2.002715
BFGS:   76 19:26:11      321.277625        2.042396
BFGS:   77 19:26:26      321.137609        2.165362
BFGS:   78 19:26:43      320.997180        2.517698
BFGS:   79 19:26:57      320.846908        2.686664
BFGS:   80 19:27:12      320.710442        4.422289
BFGS:   81 19:27:26      320.489291        3.344071
BFGS:   82 19:27:41      320.317619        3.464824
BFGS:   83 19:27:54      320.133916        3.413424
BFGS:   84 19:28:08      320.003739        3.250801
BFGS:   85 19:28:22      319.845301        3.012323
BFGS:   86 19:28:35      319.718563        2.645596
BFGS:   87 19:28:49      319.598145        2.291248
BFGS:   88 19:29:04      319.488831        1.787092
BFGS:   89 19:29:20      319.415718        1.429564
BFGS:   90 19:29:33      319.346584        1.179809
BFGS:   91 19:29:46      319.256230        1.324964
BFGS:   92 19:30:01      319.144166        1.591032
BFGS:   93 19:30:17      319.033586        1.746174
BFGS:   94 19:30:34      318.880771        2.075822
BFGS:   95 19:30:51      318.709230        2.167079
BFGS:   96 19:31:06      318.563302        2.169556
BFGS:   97 19:31:21      318.444305        2.264249
BFGS:   98 19:31:37      318.339091        2.489170
BFGS:   99 19:31:53      318.261377        2.769028
BFGS:  100 19:32:07      318.153689        3.179413
BFGS:  101 19:32:22      318.075712        2.824747
BFGS:  102 19:32:33      318.001206        2.107669
BFGS:  103 19:32:46      317.947989        1.582307
BFGS:  104 19:32:58      317.878419        1.151043
BFGS:  105 19:33:13      317.791298        0.863317
BFGS:  106 19:33:27      317.736635        0.680956
BFGS:  107 19:33:41      317.703148        0.526625
BFGS:  108 19:33:51      317.695441        0.388705
BFGS:  109 19:34:01      317.692364        0.352405
BFGS:  110 19:34:12      317.687313        0.390446
BFGS:  111 19:34:20      317.685009        0.362974
BFGS:  112 19:34:29      317.683401        0.315277
BFGS:  113 19:34:38      317.681819        0.240790
BFGS:  114 19:34:49      317.679605        0.244746
BFGS:  115 19:35:00      317.676082        0.232132
BFGS:  116 19:35:10      317.674178        0.205573
BFGS:  117 19:35:20      317.672582        0.208097
BFGS:  118 19:35:30      317.671563        0.194457
BFGS:  119 19:35:40      317.670617        0.176510
BFGS:  120 19:35:54      317.691139        0.348220
BFGS:  121 19:36:13      317.669817        0.125964
BFGS:  122 19:36:21      317.669549        0.088887
BFGS:  123 19:36:32      317.669510        0.054222
BFGS:  124 19:36:42      317.669383        0.046671
