      Step     Time          Energy          fmax
FIRE:    0 15:06:17      496.301082      522.988098
FIRE:    1 15:06:39      400.137466      253.264104
FIRE:    2 15:07:03      359.014254       96.772926
FIRE:    3 15:07:31      347.630912       59.222302
FIRE:    4 15:07:55      347.723433       33.096176
FIRE:    5 15:08:18      351.370643       44.515001
FIRE:    6 15:08:43      345.742050       21.913442
FIRE:    7 15:09:03      343.358018       26.242345
FIRE:    8 15:09:28      340.937532       40.142105
FIRE:    9 15:09:52      335.206903       28.247211
FIRE:   10 15:10:10      331.065816       13.727995
FIRE:   11 15:10:24      329.428730        7.677980
FIRE:   12 15:10:40      329.432827        9.820597
FIRE:   13 15:10:52      329.326724        9.519363
FIRE:   14 15:11:06      329.125662        8.910638
FIRE:   15 15:11:21      328.852455        7.957342
FIRE:   16 15:11:38      328.541638        6.703904
FIRE:   17 15:11:56      328.236097        5.420797
FIRE:   18 15:12:14      327.977834        4.743520
FIRE:   19 15:12:31      327.794278        5.134407
FIRE:   20 15:12:49      327.678524        6.000466
FIRE:   21 15:13:06      327.607408        6.462521
FIRE:   22 15:13:21      327.486350        6.228010
FIRE:   23 15:13:35      327.215273        5.557888
FIRE:   24 15:13:52      326.852698        4.199267
FIRE:   25 15:14:10      326.615170        1.704220
FIRE:   26 15:14:29      326.595579        2.932981
FIRE:   27 15:14:37      326.585533        2.814186
FIRE:   28 15:14:47      326.566884        2.588531
FIRE:   29 15:14:59      326.542305        2.261375
FIRE:   30 15:15:11      326.515273        1.866206
FIRE:   31 15:15:22      326.489426        1.450487
FIRE:   32 15:15:34      326.467793        1.157352
FIRE:   33 15:15:46      326.451985        1.137300
FIRE:   34 15:15:58      326.440707        1.110274
FIRE:   35 15:16:09      326.432091        1.535187
FIRE:   36 15:16:21      326.420424        2.048538
FIRE:   37 15:16:34      326.397519        2.241069
FIRE:   38 15:16:46      326.357747        1.928219
FIRE:   39 15:16:59      326.305549        1.101226
FIRE:   40 15:17:13      326.253153        0.980239
FIRE:   41 15:17:28      326.203567        1.224805
FIRE:   42 15:17:43      326.145315        1.489374
FIRE:   43 15:17:58      326.064004        1.280067
FIRE:   44 15:18:14      325.966509        0.778447
FIRE:   45 15:18:31      325.871729        1.053946
FIRE:   46 15:18:47      325.763280        1.192040
FIRE:   47 15:19:03      325.659060        1.130611
FIRE:   48 15:19:21      325.591438        1.403606
FIRE:   49 15:19:38      325.557924        0.846872
FIRE:   50 15:19:48      325.553179        0.836587
FIRE:   51 15:19:57      325.544698        0.801860
FIRE:   52 15:20:09      325.532790        0.749791
FIRE:   53 15:20:21      325.518066        0.674951
FIRE:   54 15:20:33      325.501944        0.579355
FIRE:   55 15:20:43      325.484985        0.539870
FIRE:   56 15:20:52      325.468041        0.469966
FIRE:   57 15:21:04      325.449707        0.492276
FIRE:   58 15:21:17      325.429048        0.522905
FIRE:   59 15:21:30      325.405349        0.588981
FIRE:   60 15:21:40      325.377313        0.549204
FIRE:   61 15:21:51      325.344049        0.604928
FIRE:   62 15:22:03      325.308089        0.515699
FIRE:   63 15:22:14      325.273796        0.386560
FIRE:   64 15:22:28      325.250542        0.864475
FIRE:   65 15:22:42      325.265174        3.395227
FIRE:   66 15:22:53      325.226987        0.487128
FIRE:   67 15:23:06      325.253941        3.153216
FIRE:   68 15:23:14      325.239708        2.330256
FIRE:   69 15:23:23      325.224979        0.883882
FIRE:   70 15:23:33      325.223626        0.768443
FIRE:   71 15:23:36      325.223351        0.737937
FIRE:   72 15:23:40      325.222856        0.622415
FIRE:   73 15:23:44      325.222253        0.492986
FIRE:   74 15:23:49      325.221663        0.322979
FIRE:   75 15:23:53      325.221191        0.317520
FIRE:   76 15:23:58      325.220881        0.306011
FIRE:   77 15:24:02      325.220703        0.298870
FIRE:   78 15:24:08      325.220553        0.321475
FIRE:   79 15:24:14      325.220303        0.388161
FIRE:   80 15:24:19      325.219833        0.385593
FIRE:   81 15:24:27      325.219131        0.322951
FIRE:   82 15:24:34      325.218364        0.302475
FIRE:   83 15:24:42      325.217809        0.319748
FIRE:   84 15:24:50      325.217492        0.361007
FIRE:   85 15:24:57      325.217068        0.377109
FIRE:   86 15:25:05      325.216447        0.375480
FIRE:   87 15:25:12      325.216111        0.416850
FIRE:   88 15:25:20      325.216018        0.484920
FIRE:   89 15:25:28      325.215425        0.501988
FIRE:   90 15:25:38      325.214811        0.503245
FIRE:   91 15:25:48      325.213918        0.510403
FIRE:   92 15:25:58      325.212334        0.538313
FIRE:   93 15:26:08      325.210719        0.495139
FIRE:   94 15:26:20      325.209269        0.428134
FIRE:   95 15:26:32      325.207683        0.427235
FIRE:   96 15:26:43      325.205949        0.393734
FIRE:   97 15:26:55      325.203554        0.517401
FIRE:   98 15:27:07      325.201314        1.322938
FIRE:   99 15:27:18      325.232800        3.999221
FIRE:  100 15:27:27      325.182834        0.494007
FIRE:  101 15:27:31      325.182403        0.377459
FIRE:  102 15:27:34      325.181816        0.335037
FIRE:  103 15:27:39      325.181320        0.349725
FIRE:  104 15:27:43      325.180840        0.362806
FIRE:  105 15:27:49      325.180118        0.343984
FIRE:  106 15:27:54      325.179090        0.291808
FIRE:  107 15:28:01      325.177957        0.235169
FIRE:  108 15:28:08      325.176778        0.219921
FIRE:  109 15:28:16      325.175362        0.253045
FIRE:  110 15:28:24      325.173423        0.183562
FIRE:  111 15:28:31      325.171200        0.163288
FIRE:  112 15:28:39      325.168655        0.208597
FIRE:  113 15:28:48      325.165409        0.142432
FIRE:  114 15:28:56      325.161786        0.185556
FIRE:  115 15:29:06      325.157337        0.142543
FIRE:  116 15:29:16      325.152356        0.157941
FIRE:  117 15:29:27      325.146919        0.224612
FIRE:  118 15:29:36      325.141170        0.263344
FIRE:  119 15:29:47      325.135665        0.399854
FIRE:  120 15:29:57      325.131898        0.724039
FIRE:  121 15:30:08      325.134903        1.670781
FIRE:  122 15:30:16      325.126533        0.308066
FIRE:  123 15:30:24      325.133116        1.403103
FIRE:  124 15:30:29      325.130288        1.045494
FIRE:  125 15:30:34      325.127235        0.439184
FIRE:  126 15:30:40      325.126717        0.318278
FIRE:  127 15:30:45      325.126695        0.319032
FIRE:  128 15:30:49      325.126657        0.315590
FIRE:  129 15:30:52      325.126612        0.313226
FIRE:  130 15:30:56      325.126573        0.311479
FIRE:  131 15:30:59      325.126550        0.307717
FIRE:  132 15:31:03      325.126549        0.312264
FIRE:  133 15:31:06      325.126569        0.318011
FIRE:  134 15:31:10      325.126604        0.323740
FIRE:  135 15:31:14      325.126644        0.331369
FIRE:  136 15:31:17      325.126677        0.335533
FIRE:  137 15:31:21      325.126699        0.337168
FIRE:  138 15:31:25      325.126731        0.337894
FIRE:  139 15:31:30      325.126811        0.343345
FIRE:  140 15:31:35      325.126965        0.355580
FIRE:  141 15:31:41      325.127188        0.372981
FIRE:  142 15:31:46      325.127488        0.393865
FIRE:  143 15:31:52      325.127958        0.424513
FIRE:  144 15:31:58      325.128720        0.468536
FIRE:  145 15:32:05      325.129851        0.520749
FIRE:  146 15:32:13      325.131507        0.583586
FIRE:  147 15:32:21      325.134084        0.662991
FIRE:  148 15:32:30      325.138244        0.775478
FIRE:  149 15:32:40      325.144528        0.944168
FIRE:  150 15:32:50      325.152804        1.147613
FIRE:  151 15:32:59      325.160602        1.452406
FIRE:  152 15:33:09      325.162298        1.559831
FIRE:  153 15:33:21      325.167495        1.428717
FIRE:  154 15:33:33      325.206414        1.624110
FIRE:  155 15:33:47      325.268314        2.622594
FIRE:  156 15:34:00      325.370915        2.780291
FIRE:  157 15:34:13      325.516280        3.744658
FIRE:  158 15:34:22      325.681094        3.736702
FIRE:  159 15:34:32      325.920421        4.311458
FIRE:  160 15:34:42      326.142225        4.319934
FIRE:  161 15:34:50      326.396377        6.853265
FIRE:  162 15:35:03      325.700886        0.868195
FIRE:  163 15:35:15      325.700871        0.994616
FIRE:  164 15:35:27      325.705036        1.216796
FIRE:  165 15:35:39      325.714675        1.405734
FIRE:  166 15:35:50      325.731732        1.575496
FIRE:  167 15:36:02      325.760217        1.816168
FIRE:  168 15:36:14      325.801061        2.839307
FIRE:  169 15:36:24      325.787901        2.689572
FIRE:  170 15:36:33      325.764824        2.396940
FIRE:  171 15:36:44      325.737688        1.971099
FIRE:  172 15:36:56      325.713770        1.021557
FIRE:  173 15:36:59      325.713985        1.029278
FIRE:  174 15:37:03      325.714421        1.029543
FIRE:  175 15:37:07      325.715087        1.034076
FIRE:  176 15:37:12      325.715997        1.040361
FIRE:  177 15:37:16      325.717168        1.048660
FIRE:  178 15:37:21      325.718621        1.059412
FIRE:  179 15:37:26      325.720379        1.072382
FIRE:  180 15:37:33      325.722710        1.569821
FIRE:  181 15:37:36      325.722473        1.086665
FIRE:  182 15:37:40      325.722495        1.563264
FIRE:  183 15:37:44      325.722480        1.085659
FIRE:  184 15:37:47      325.722482        1.085323
FIRE:  185 15:37:50      325.722484        1.085521
FIRE:  186 15:37:54      325.722489        1.564071
FIRE:  187 15:37:58      325.722488        1.564191
FIRE:  188 15:38:01      325.722486        1.564086
FIRE:  189 15:38:05      325.722483        1.085409
FIRE:  190 15:38:08      325.722483        1.085399
FIRE:  191 15:38:12      325.722483        1.085409
FIRE:  192 15:38:15      325.722484        1.085407
FIRE:  193 15:38:19      325.722484        1.564045
FIRE:  194 15:38:22      325.722484        1.564045
FIRE:  195 15:38:26      325.722484        1.085408
FIRE:  196 15:38:29      325.722484        1.085408
FIRE:  197 15:38:33      325.722484        1.085408
FIRE:  198 15:38:36      325.722484        1.085408
FIRE:  199 15:38:40      325.722484        1.564042
FIRE:  200 15:38:43      325.722484        1.564042
FIRE:  201 15:38:47      325.722484        1.564041
FIRE:  202 15:38:50      325.722484        1.564041
FIRE:  203 15:38:54      325.722484        1.085408
FIRE:  204 15:38:58      325.722484        1.085408
FIRE:  205 15:39:01      325.722484        1.085408
FIRE:  206 15:39:05      325.722484        1.085408
FIRE:  207 15:39:08      325.722484        1.085408
FIRE:  208 15:39:12      325.722484        1.564041
FIRE:  209 15:39:15      325.722484        1.564041
FIRE:  210 15:39:19      325.722484        1.564041
FIRE:  211 15:39:22      325.722484        1.564041
FIRE:  212 15:39:26      325.722484        1.085408
FIRE:  213 15:39:29      325.722484        1.085408
FIRE:  214 15:39:33      325.722484        1.085408
FIRE:  215 15:39:36      325.722484        1.085408
FIRE:  216 15:39:40      325.722484        1.564041
FIRE:  217 15:39:43      325.722484        1.564041
FIRE:  218 15:39:47      325.722484        1.564041
FIRE:  219 15:39:50      325.722484        1.564041
FIRE:  220 15:39:54      325.722484        1.085408
FIRE:  221 15:39:55      325.722484        1.085408
FIRE:  222 15:39:56      325.722484        1.085408
FIRE:  223 15:39:58      325.722484        1.085408
FIRE:  224 15:40:01      325.722484        1.085408
FIRE:  225 15:40:03      325.722484        1.085408
FIRE:  226 15:40:06      325.722484        1.564041
FIRE:  227 15:40:06      325.722484        1.564041
FIRE:  228 15:40:06      325.722484        1.564041
FIRE:  229 15:40:08      325.722484        1.564041
FIRE:  230 15:40:09      325.722484        1.564041
FIRE:  231 15:40:12      325.722484        1.085408
FIRE:  232 15:40:12      325.722484        1.085408
FIRE:  233 15:40:12      325.722484        1.085408
FIRE:  234 15:40:12      325.722484        1.085408
FIRE:  235 15:40:12      325.722484        1.085408
FIRE:  236 15:40:12      325.722484        1.085408
FIRE:  237 15:40:12      325.722484        1.085408
FIRE:  238 15:40:14      325.722484        1.085408
FIRE:  239 15:40:14      325.722484        1.564041
FIRE:  240 15:40:14      325.722484        1.564041
FIRE:  241 15:40:14      325.722484        1.564041
FIRE:  242 15:40:14      325.722484        1.564041
FIRE:  243 15:40:14      325.722484        1.564041
FIRE:  244 15:40:14      325.722484        1.085408
FIRE:  245 15:40:14      325.722484        1.085408
FIRE:  246 15:40:14      325.722484        1.085408
FIRE:  247 15:40:14      325.722484        1.085408
FIRE:  248 15:40:14      325.722484        1.085408
FIRE:  249 15:40:14      325.722484        1.085408
FIRE:  250 15:40:14      325.722484        1.085408
FIRE:  251 15:40:14      325.722484        1.564041
FIRE:  252 15:40:14      325.722484        1.564041
FIRE:  253 15:40:14      325.722484        1.564041
FIRE:  254 15:40:14      325.722484        1.564041
FIRE:  255 15:40:14      325.722484        1.085408
FIRE:  256 15:40:14      325.722484        1.085408
FIRE:  257 15:40:14      325.722484        1.085408
FIRE:  258 15:40:14      325.722484        1.085408
FIRE:  259 15:40:14      325.722484        1.564041
FIRE:  260 15:40:14      325.722484        1.564041
FIRE:  261 15:40:14      325.722484        1.085408
FIRE:  262 15:40:14      325.722484        1.085408
FIRE:  263 15:40:14      325.722484        1.085408
FIRE:  264 15:40:14      325.722484        1.085408
FIRE:  265 15:40:14      325.722484        1.085408
FIRE:  266 15:40:14      325.722484        1.085408
FIRE:  267 15:40:14      325.722484        1.564041
FIRE:  268 15:40:14      325.722484        1.564041
FIRE:  269 15:40:14      325.722484        1.564041
FIRE:  270 15:40:14      325.722484        1.564041
FIRE:  271 15:40:14      325.722484        1.564041
FIRE:  272 15:40:14      325.722484        1.085408
FIRE:  273 15:40:14      325.722484        1.085408
FIRE:  274 15:40:14      325.722484        1.085408
FIRE:  275 15:40:14      325.722484        1.085408
FIRE:  276 15:40:14      325.722484        1.085408
FIRE:  277 15:40:14      325.722484        1.085408
FIRE:  278 15:40:14      325.722484        1.085408
FIRE:  279 15:40:14      325.722484        1.085408
FIRE:  280 15:40:14      325.722484        1.085408
FIRE:  281 15:40:14      325.722484        1.085408
FIRE:  282 15:40:14      325.722484        1.085408
FIRE:  283 15:40:14      325.722484        1.085408
FIRE:  284 15:40:14      325.722484        1.085408
FIRE:  285 15:40:14      325.722484        1.085408
FIRE:  286 15:40:14      325.722484        1.085408
FIRE:  287 15:40:14      325.722484        1.564041
FIRE:  288 15:40:14      325.722484        1.564041
FIRE:  289 15:40:14      325.722484        1.564041
FIRE:  290 15:40:14      325.722484        1.564041
FIRE:  291 15:40:14      325.722484        1.564041
FIRE:  292 15:40:14      325.722484        1.564041
FIRE:  293 15:40:14      325.722484        1.564041
FIRE:  294 15:40:14      325.722484        1.564041
FIRE:  295 15:40:14      325.722484        1.564041
FIRE:  296 15:40:14      325.722484        1.564041
FIRE:  297 15:40:14      325.722484        1.564041
FIRE:  298 15:40:14      325.722484        1.085408
FIRE:  299 15:40:14      325.722484        1.085408
FIRE:  300 15:40:14      325.722484        1.085408
FIRE:  301 15:40:14      325.722484        1.085408
FIRE:  302 15:40:15      325.722484        1.085408
FIRE:  303 15:40:15      325.722484        1.085408
FIRE:  304 15:40:15      325.722484        1.085408
FIRE:  305 15:40:15      325.722484        1.085408
FIRE:  306 15:40:15      325.722484        1.085408
FIRE:  307 15:40:15      325.722484        1.085408
FIRE:  308 15:40:15      325.722484        1.085408
FIRE:  309 15:40:15      325.722484        1.085408
FIRE:  310 15:40:15      325.722484        1.085408
FIRE:  311 15:40:15      325.722484        1.085408
FIRE:  312 15:40:15      325.722484        1.085408
FIRE:  313 15:40:15      325.722484        1.085408
FIRE:  314 15:40:15      325.722484        1.085408
FIRE:  315 15:40:15      325.722484        1.564041
FIRE:  316 15:40:15      325.722484        1.564041
FIRE:  317 15:40:15      325.722484        1.564041
FIRE:  318 15:40:15      325.722484        1.564041
FIRE:  319 15:40:15      325.722484        1.564041
FIRE:  320 15:40:15      325.722484        1.564041
FIRE:  321 15:40:15      325.722484        1.564041
FIRE:  322 15:40:15      325.722484        1.564041
FIRE:  323 15:40:15      325.722484        1.564041
FIRE:  324 15:40:15      325.722484        1.564041
FIRE:  325 15:40:15      325.722484        1.564041
FIRE:  326 15:40:15      325.722484        1.085408
FIRE:  327 15:40:15      325.722484        1.085408
FIRE:  328 15:40:15      325.722484        1.085408
FIRE:  329 15:40:15      325.722484        1.085408
FIRE:  330 15:40:15      325.722484        1.085408
FIRE:  331 15:40:15      325.722484        1.085408
FIRE:  332 15:40:15      325.722484        1.085408
FIRE:  333 15:40:15      325.722484        1.085408
FIRE:  334 15:40:15      325.722484        1.085408
FIRE:  335 15:40:15      325.722484        1.085408
FIRE:  336 15:40:15      325.722484        1.085408
FIRE:  337 15:40:15      325.722484        1.085408
FIRE:  338 15:40:15      325.722484        1.085408
FIRE:  339 15:40:15      325.722484        1.085408
FIRE:  340 15:40:15      325.722484        1.085408
FIRE:  341 15:40:15      325.722484        1.085408
FIRE:  342 15:40:15      325.722484        1.085408
FIRE:  343 15:40:15      325.722484        1.085408
FIRE:  344 15:40:15      325.722484        1.564041
FIRE:  345 15:40:15      325.722484        1.564041
FIRE:  346 15:40:15      325.722484        1.564041
FIRE:  347 15:40:15      325.722484        1.564041
FIRE:  348 15:40:15      325.722484        1.564041
FIRE:  349 15:40:15      325.722484        1.564041
FIRE:  350 15:40:15      325.722484        1.564041
FIRE:  351 15:40:15      325.722484        1.564041
FIRE:  352 15:40:15      325.722484        1.564041
FIRE:  353 15:40:15      325.722484        1.564041
FIRE:  354 15:40:15      325.722484        1.564041
FIRE:  355 15:40:15      325.722484        1.085408
FIRE:  356 15:40:15      325.722484        1.085408
FIRE:  357 15:40:15      325.722484        1.085408
FIRE:  358 15:40:15      325.722484        1.085408
FIRE:  359 15:40:15      325.722484        1.085408
FIRE:  360 15:40:15      325.722484        1.085408
FIRE:  361 15:40:15      325.722484        1.085408
FIRE:  362 15:40:15      325.722484        1.085408
FIRE:  363 15:40:15      325.722484        1.085408
FIRE:  364 15:40:15      325.722484        1.085408
FIRE:  365 15:40:15      325.722484        1.085408
FIRE:  366 15:40:15      325.722484        1.085408
FIRE:  367 15:40:15      325.722484        1.085408
FIRE:  368 15:40:15      325.722484        1.085408
FIRE:  369 15:40:15      325.722484        1.085408
FIRE:  370 15:40:15      325.722484        1.085408
FIRE:  371 15:40:15      325.722484        1.085408
FIRE:  372 15:40:15      325.722484        1.564041
FIRE:  373 15:40:15      325.722484        1.564041
FIRE:  374 15:40:15      325.722484        1.564041
FIRE:  375 15:40:15      325.722484        1.564041
FIRE:  376 15:40:15      325.722484        1.564041
FIRE:  377 15:40:15      325.722484        1.564041
FIRE:  378 15:40:15      325.722484        1.564041
FIRE:  379 15:40:15      325.722484        1.564041
FIRE:  380 15:40:15      325.722484        1.564041
FIRE:  381 15:40:15      325.722484        1.564041
FIRE:  382 15:40:15      325.722484        1.564041
FIRE:  383 15:40:15      325.722484        1.564041
FIRE:  384 15:40:15      325.722484        1.085408
FIRE:  385 15:40:15      325.722484        1.085408
FIRE:  386 15:40:15      325.722484        1.085408
FIRE:  387 15:40:15      325.722484        1.085408
FIRE:  388 15:40:15      325.722484        1.085408
FIRE:  389 15:40:15      325.722484        1.085408
FIRE:  390 15:40:15      325.722484        1.085408
FIRE:  391 15:40:15      325.722484        1.085408
FIRE:  392 15:40:15      325.722484        1.085408
FIRE:  393 15:40:15      325.722484        1.085408
FIRE:  394 15:40:16      325.722484        1.085408
FIRE:  395 15:40:16      325.722484        1.085408
FIRE:  396 15:40:16      325.722484        1.085408
FIRE:  397 15:40:16      325.722484        1.085408
FIRE:  398 15:40:16      325.722484        1.085408
FIRE:  399 15:40:16      325.722484        1.085408
FIRE:  400 15:40:16      325.722484        1.085408
FIRE:  401 15:40:16      325.722484        1.564041
FIRE:  402 15:40:16      325.722484        1.564041
FIRE:  403 15:40:16      325.722484        1.564041
FIRE:  404 15:40:16      325.722484        1.564041
FIRE:  405 15:40:16      325.722484        1.564041
FIRE:  406 15:40:16      325.722484        1.564041
FIRE:  407 15:40:16      325.722484        1.564041
FIRE:  408 15:40:16      325.722484        1.564041
FIRE:  409 15:40:16      325.722484        1.564041
FIRE:  410 15:40:16      325.722484        1.564041
FIRE:  411 15:40:16      325.722484        1.564041
FIRE:  412 15:40:16      325.722484        1.085408
FIRE:  413 15:40:16      325.722484        1.085408
FIRE:  414 15:40:16      325.722484        1.085408
FIRE:  415 15:40:16      325.722484        1.085408
FIRE:  416 15:40:16      325.722484        1.085408
FIRE:  417 15:40:16      325.722484        1.085408
FIRE:  418 15:40:16      325.722484        1.085408
FIRE:  419 15:40:16      325.722484        1.085408
FIRE:  420 15:40:16      325.722484        1.085408
FIRE:  421 15:40:16      325.722484        1.085408
FIRE:  422 15:40:16      325.722484        1.085408
FIRE:  423 15:40:16      325.722484        1.085408
FIRE:  424 15:40:16      325.722484        1.085408
FIRE:  425 15:40:16      325.722484        1.085408
FIRE:  426 15:40:16      325.722484        1.085408
FIRE:  427 15:40:16      325.722484        1.085408
FIRE:  428 15:40:16      325.722484        1.085408
FIRE:  429 15:40:16      325.722484        1.564041
FIRE:  430 15:40:16      325.722484        1.564041
FIRE:  431 15:40:16      325.722484        1.564041
FIRE:  432 15:40:16      325.722484        1.564041
FIRE:  433 15:40:16      325.722484        1.564041
FIRE:  434 15:40:16      325.722484        1.564041
FIRE:  435 15:40:16      325.722484        1.564041
FIRE:  436 15:40:16      325.722484        1.564041
FIRE:  437 15:40:16      325.722484        1.564041
FIRE:  438 15:40:16      325.722484        1.564041
FIRE:  439 15:40:16      325.722484        1.564041
FIRE:  440 15:40:16      325.722484        1.564041
FIRE:  441 15:40:16      325.722484        1.085408
FIRE:  442 15:40:16      325.722484        1.085408
FIRE:  443 15:40:16      325.722484        1.085408
FIRE:  444 15:40:16      325.722484        1.085408
FIRE:  445 15:40:16      325.722484        1.085408
FIRE:  446 15:40:16      325.722484        1.085408
FIRE:  447 15:40:16      325.722484        1.085408
FIRE:  448 15:40:16      325.722484        1.085408
FIRE:  449 15:40:16      325.722484        1.085408
FIRE:  450 15:40:16      325.722484        1.085408
FIRE:  451 15:40:16      325.722484        1.085408
FIRE:  452 15:40:16      325.722484        1.085408
FIRE:  453 15:40:16      325.722484        1.085408
FIRE:  454 15:40:16      325.722484        1.085408
FIRE:  455 15:40:16      325.722484        1.085408
FIRE:  456 15:40:16      325.722484        1.085408
FIRE:  457 15:40:16      325.722484        1.085408
FIRE:  458 15:40:16      325.722484        1.564041
FIRE:  459 15:40:16      325.722484        1.564041
FIRE:  460 15:40:16      325.722484        1.564041
FIRE:  461 15:40:16      325.722484        1.564041
FIRE:  462 15:40:16      325.722484        1.564041
FIRE:  463 15:40:16      325.722484        1.564041
FIRE:  464 15:40:16      325.722484        1.564041
FIRE:  465 15:40:16      325.722484        1.564041
FIRE:  466 15:40:16      325.722484        1.564041
FIRE:  467 15:40:16      325.722484        1.564041
FIRE:  468 15:40:16      325.722484        1.564041
FIRE:  469 15:40:16      325.722484        1.085408
FIRE:  470 15:40:16      325.722484        1.085408
FIRE:  471 15:40:16      325.722484        1.085408
FIRE:  472 15:40:16      325.722484        1.085408
FIRE:  473 15:40:16      325.722484        1.085408
FIRE:  474 15:40:16      325.722484        1.085408
FIRE:  475 15:40:16      325.722484        1.085408
FIRE:  476 15:40:16      325.722484        1.085408
FIRE:  477 15:40:16      325.722484        1.085408
FIRE:  478 15:40:16      325.722484        1.085408
FIRE:  479 15:40:16      325.722484        1.085408
FIRE:  480 15:40:16      325.722484        1.085408
FIRE:  481 15:40:16      325.722484        1.085408
FIRE:  482 15:40:16      325.722484        1.085408
FIRE:  483 15:40:16      325.722484        1.085408
FIRE:  484 15:40:16      325.722484        1.085408
FIRE:  485 15:40:17      325.722484        1.085408
FIRE:  486 15:40:17      325.722484        1.564041
FIRE:  487 15:40:17      325.722484        1.564041
FIRE:  488 15:40:17      325.722484        1.564041
FIRE:  489 15:40:17      325.722484        1.564041
FIRE:  490 15:40:17      325.722484        1.564041
FIRE:  491 15:40:17      325.722484        1.564041
FIRE:  492 15:40:17      325.722484        1.564041
FIRE:  493 15:40:17      325.722484        1.564041
FIRE:  494 15:40:17      325.722484        1.564041
FIRE:  495 15:40:17      325.722484        1.564041
FIRE:  496 15:40:17      325.722484        1.564041
FIRE:  497 15:40:17      325.722484        1.564041
FIRE:  498 15:40:17      325.722484        1.085408
FIRE:  499 15:40:17      325.722484        1.085408
FIRE:  500 15:40:17      325.722484        1.085408
FIRE:  501 15:40:17      325.722484        1.085408
FIRE:  502 15:40:17      325.722484        1.085408
FIRE:  503 15:40:17      325.722484        1.085408
FIRE:  504 15:40:17      325.722484        1.085408
FIRE:  505 15:40:17      325.722484        1.085408
FIRE:  506 15:40:17      325.722484        1.085408
FIRE:  507 15:40:17      325.722484        1.085408
FIRE:  508 15:40:17      325.722484        1.085408
FIRE:  509 15:40:17      325.722484        1.085408
FIRE:  510 15:40:17      325.722484        1.085408
FIRE:  511 15:40:17      325.722484        1.085408
FIRE:  512 15:40:17      325.722484        1.085408
FIRE:  513 15:40:17      325.722484        1.085408
FIRE:  514 15:40:17      325.722484        1.085408
FIRE:  515 15:40:17      325.722484        1.564041
FIRE:  516 15:40:17      325.722484        1.564041
FIRE:  517 15:40:17      325.722484        1.564041
FIRE:  518 15:40:17      325.722484        1.564041
FIRE:  519 15:40:17      325.722484        1.564041
FIRE:  520 15:40:17      325.722484        1.564041
FIRE:  521 15:40:17      325.722484        1.564041
FIRE:  522 15:40:17      325.722484        1.564041
FIRE:  523 15:40:17      325.722484        1.564041
FIRE:  524 15:40:17      325.722484        1.564041
FIRE:  525 15:40:17      325.722484        1.564041
FIRE:  526 15:40:17      325.722484        1.085408
FIRE:  527 15:40:17      325.722484        1.085408
FIRE:  528 15:40:17      325.722484        1.085408
FIRE:  529 15:40:17      325.722484        1.085408
FIRE:  530 15:40:17      325.722484        1.085408
FIRE:  531 15:40:17      325.722484        1.085408
FIRE:  532 15:40:17      325.722484        1.085408
FIRE:  533 15:40:17      325.722484        1.085408
FIRE:  534 15:40:17      325.722484        1.085408
FIRE:  535 15:40:17      325.722484        1.085408
FIRE:  536 15:40:17      325.722484        1.085408
FIRE:  537 15:40:17      325.722484        1.085408
FIRE:  538 15:40:17      325.722484        1.085408
FIRE:  539 15:40:17      325.722484        1.085408
FIRE:  540 15:40:17      325.722484        1.085408
FIRE:  541 15:40:17      325.722484        1.085408
FIRE:  542 15:40:17      325.722484        1.085408
FIRE:  543 15:40:17      325.722484        1.564041
FIRE:  544 15:40:17      325.722484        1.564041
FIRE:  545 15:40:17      325.722484        1.564041
FIRE:  546 15:40:17      325.722484        1.564041
FIRE:  547 15:40:17      325.722484        1.564041
FIRE:  548 15:40:17      325.722484        1.564041
FIRE:  549 15:40:17      325.722484        1.564041
FIRE:  550 15:40:17      325.722484        1.564041
FIRE:  551 15:40:17      325.722484        1.564041
FIRE:  552 15:40:17      325.722484        1.564041
FIRE:  553 15:40:17      325.722484        1.564041
FIRE:  554 15:40:17      325.722484        1.564041
FIRE:  555 15:40:17      325.722484        1.085408
FIRE:  556 15:40:17      325.722484        1.085408
FIRE:  557 15:40:17      325.722484        1.085408
FIRE:  558 15:40:17      325.722484        1.085408
FIRE:  559 15:40:17      325.722484        1.085408
FIRE:  560 15:40:17      325.722484        1.085408
FIRE:  561 15:40:17      325.722484        1.085408
FIRE:  562 15:40:17      325.722484        1.085408
FIRE:  563 15:40:17      325.722484        1.085408
FIRE:  564 15:40:17      325.722484        1.085408
FIRE:  565 15:40:17      325.722484        1.085408
FIRE:  566 15:40:17      325.722484        1.085408
FIRE:  567 15:40:17      325.722484        1.085408
FIRE:  568 15:40:17      325.722484        1.085408
FIRE:  569 15:40:17      325.722484        1.085408
FIRE:  570 15:40:17      325.722484        1.085408
FIRE:  571 15:40:17      325.722484        1.085408
FIRE:  572 15:40:17      325.722484        1.564041
FIRE:  573 15:40:17      325.722484        1.564041
FIRE:  574 15:40:17      325.722484        1.564041
FIRE:  575 15:40:17      325.722484        1.564041
FIRE:  576 15:40:18      325.722484        1.564041
FIRE:  577 15:40:18      325.722484        1.564041
FIRE:  578 15:40:18      325.722484        1.564041
FIRE:  579 15:40:18      325.722484        1.564041
FIRE:  580 15:40:18      325.722484        1.564041
FIRE:  581 15:40:18      325.722484        1.564041
FIRE:  582 15:40:18      325.722484        1.564041
FIRE:  583 15:40:18      325.722484        1.085408
FIRE:  584 15:40:18      325.722484        1.085408
FIRE:  585 15:40:18      325.722484        1.085408
FIRE:  586 15:40:18      325.722484        1.085408
FIRE:  587 15:40:18      325.722484        1.085408
FIRE:  588 15:40:18      325.722484        1.085408
FIRE:  589 15:40:18      325.722484        1.085408
FIRE:  590 15:40:18      325.722484        1.085408
FIRE:  591 15:40:18      325.722484        1.085408
FIRE:  592 15:40:18      325.722484        1.085408
FIRE:  593 15:40:18      325.722484        1.085408
FIRE:  594 15:40:18      325.722484        1.085408
FIRE:  595 15:40:18      325.722484        1.085408
FIRE:  596 15:40:18      325.722484        1.085408
FIRE:  597 15:40:18      325.722484        1.085408
FIRE:  598 15:40:18      325.722484        1.085408
FIRE:  599 15:40:18      325.722484        1.085408
FIRE:  600 15:40:18      325.722484        1.085408
FIRE:  601 15:40:18      325.722484        1.564041
FIRE:  602 15:40:18      325.722484        1.564041
FIRE:  603 15:40:18      325.722484        1.564041
FIRE:  604 15:40:18      325.722484        1.564041
FIRE:  605 15:40:18      325.722484        1.564041
FIRE:  606 15:40:18      325.722484        1.564041
FIRE:  607 15:40:18      325.722484        1.564041
FIRE:  608 15:40:18      325.722484        1.564041
FIRE:  609 15:40:18      325.722484        1.564041
FIRE:  610 15:40:18      325.722484        1.564041
FIRE:  611 15:40:18      325.722484        1.564041
FIRE:  612 15:40:18      325.722484        1.085408
FIRE:  613 15:40:18      325.722484        1.085408
FIRE:  614 15:40:18      325.722484        1.085408
FIRE:  615 15:40:18      325.722484        1.085408
FIRE:  616 15:40:18      325.722484        1.085408
FIRE:  617 15:40:18      325.722484        1.085408
FIRE:  618 15:40:18      325.722484        1.085408
FIRE:  619 15:40:18      325.722484        1.085408
FIRE:  620 15:40:18      325.722484        1.085408
FIRE:  621 15:40:18      325.722484        1.085408
FIRE:  622 15:40:18      325.722484        1.085408
FIRE:  623 15:40:18      325.722484        1.085408
FIRE:  624 15:40:18      325.722484        1.085408
FIRE:  625 15:40:18      325.722484        1.085408
FIRE:  626 15:40:18      325.722484        1.085408
FIRE:  627 15:40:18      325.722484        1.085408
FIRE:  628 15:40:18      325.722484        1.085408
FIRE:  629 15:40:18      325.722484        1.564041
FIRE:  630 15:40:18      325.722484        1.564041
FIRE:  631 15:40:18      325.722484        1.564041
FIRE:  632 15:40:18      325.722484        1.564041
FIRE:  633 15:40:18      325.722484        1.564041
FIRE:  634 15:40:18      325.722484        1.564041
FIRE:  635 15:40:18      325.722484        1.564041
FIRE:  636 15:40:18      325.722484        1.564041
FIRE:  637 15:40:18      325.722484        1.564041
FIRE:  638 15:40:18      325.722484        1.564041
FIRE:  639 15:40:18      325.722484        1.564041
FIRE:  640 15:40:18      325.722484        1.085408
FIRE:  641 15:40:18      325.722484        1.085408
FIRE:  642 15:40:18      325.722484        1.085408
FIRE:  643 15:40:18      325.722484        1.085408
FIRE:  644 15:40:18      325.722484        1.085408
FIRE:  645 15:40:18      325.722484        1.085408
FIRE:  646 15:40:18      325.722484        1.085408
FIRE:  647 15:40:18      325.722484        1.085408
FIRE:  648 15:40:18      325.722484        1.085408
FIRE:  649 15:40:18      325.722484        1.085408
FIRE:  650 15:40:18      325.722484        1.085408
FIRE:  651 15:40:18      325.722484        1.085408
FIRE:  652 15:40:18      325.722484        1.085408
FIRE:  653 15:40:18      325.722484        1.085408
FIRE:  654 15:40:18      325.722484        1.085408
FIRE:  655 15:40:18      325.722484        1.085408
FIRE:  656 15:40:18      325.722484        1.085408
FIRE:  657 15:40:18      325.722484        1.085408
FIRE:  658 15:40:18      325.722484        1.564041
FIRE:  659 15:40:18      325.722484        1.564041
FIRE:  660 15:40:18      325.722484        1.564041
FIRE:  661 15:40:18      325.722484        1.564041
FIRE:  662 15:40:18      325.722484        1.564041
FIRE:  663 15:40:19      325.722484        1.564041
FIRE:  664 15:40:19      325.722484        1.564041
FIRE:  665 15:40:19      325.722484        1.564041
FIRE:  666 15:40:19      325.722484        1.564041
FIRE:  667 15:40:19      325.722484        1.564041
FIRE:  668 15:40:19      325.722484        1.564041
FIRE:  669 15:40:19      325.722484        1.085408
FIRE:  670 15:40:19      325.722484        1.085408
FIRE:  671 15:40:19      325.722484        1.085408
FIRE:  672 15:40:19      325.722484        1.085408
FIRE:  673 15:40:19      325.722484        1.085408
FIRE:  674 15:40:19      325.722484        1.085408
FIRE:  675 15:40:19      325.722484        1.085408
FIRE:  676 15:40:19      325.722484        1.085408
FIRE:  677 15:40:19      325.722484        1.085408
FIRE:  678 15:40:19      325.722484        1.085408
FIRE:  679 15:40:19      325.722484        1.085408
FIRE:  680 15:40:19      325.722484        1.085408
FIRE:  681 15:40:19      325.722484        1.085408
FIRE:  682 15:40:19      325.722484        1.085408
FIRE:  683 15:40:19      325.722484        1.085408
FIRE:  684 15:40:19      325.722484        1.085408
FIRE:  685 15:40:19      325.722484        1.085408
FIRE:  686 15:40:19      325.722484        1.564041
FIRE:  687 15:40:19      325.722484        1.564041
FIRE:  688 15:40:19      325.722484        1.564041
FIRE:  689 15:40:19      325.722484        1.564041
FIRE:  690 15:40:19      325.722484        1.564041
FIRE:  691 15:40:19      325.722484        1.564041
FIRE:  692 15:40:19      325.722484        1.564041
FIRE:  693 15:40:19      325.722484        1.564041
FIRE:  694 15:40:19      325.722484        1.564041
FIRE:  695 15:40:19      325.722484        1.564041
FIRE:  696 15:40:19      325.722484        1.564041
FIRE:  697 15:40:19      325.722484        1.564041
FIRE:  698 15:40:19      325.722484        1.085408
FIRE:  699 15:40:19      325.722484        1.085408
FIRE:  700 15:40:19      325.722484        1.085408
FIRE:  701 15:40:19      325.722484        1.085408
FIRE:  702 15:40:19      325.722484        1.085408
FIRE:  703 15:40:19      325.722484        1.085408
FIRE:  704 15:40:19      325.722484        1.085408
FIRE:  705 15:40:19      325.722484        1.085408
FIRE:  706 15:40:19      325.722484        1.085408
FIRE:  707 15:40:19      325.722484        1.085408
FIRE:  708 15:40:19      325.722484        1.085408
FIRE:  709 15:40:19      325.722484        1.085408
FIRE:  710 15:40:19      325.722484        1.085408
FIRE:  711 15:40:19      325.722484        1.085408
FIRE:  712 15:40:19      325.722484        1.085408
FIRE:  713 15:40:19      325.722484        1.085408
FIRE:  714 15:40:19      325.722484        1.085408
FIRE:  715 15:40:19      325.722484        1.564041
FIRE:  716 15:40:19      325.722484        1.564041
FIRE:  717 15:40:19      325.722484        1.564041
FIRE:  718 15:40:19      325.722484        1.564041
FIRE:  719 15:40:19      325.722484        1.564041
FIRE:  720 15:40:19      325.722484        1.564041
FIRE:  721 15:40:19      325.722484        1.564041
FIRE:  722 15:40:19      325.722484        1.564041
FIRE:  723 15:40:19      325.722484        1.564041
FIRE:  724 15:40:19      325.722484        1.564041
FIRE:  725 15:40:19      325.722484        1.564041
FIRE:  726 15:40:19      325.722484        1.085408
FIRE:  727 15:40:19      325.722484        1.085408
FIRE:  728 15:40:19      325.722484        1.085408
FIRE:  729 15:40:19      325.722484        1.085408
FIRE:  730 15:40:19      325.722484        1.085408
FIRE:  731 15:40:19      325.722484        1.085408
FIRE:  732 15:40:19      325.722484        1.085408
FIRE:  733 15:40:19      325.722484        1.085408
FIRE:  734 15:40:19      325.722484        1.085408
FIRE:  735 15:40:19      325.722484        1.085408
FIRE:  736 15:40:19      325.722484        1.085408
FIRE:  737 15:40:19      325.722484        1.085408
FIRE:  738 15:40:19      325.722484        1.085408
FIRE:  739 15:40:19      325.722484        1.085408
FIRE:  740 15:40:19      325.722484        1.085408
FIRE:  741 15:40:19      325.722484        1.085408
FIRE:  742 15:40:19      325.722484        1.085408
FIRE:  743 15:40:19      325.722484        1.564041
FIRE:  744 15:40:19      325.722484        1.564041
FIRE:  745 15:40:19      325.722484        1.564041
FIRE:  746 15:40:19      325.722484        1.564041
FIRE:  747 15:40:19      325.722484        1.564041
FIRE:  748 15:40:19      325.722484        1.564041
FIRE:  749 15:40:19      325.722484        1.564041
FIRE:  750 15:40:19      325.722484        1.564041
FIRE:  751 15:40:19      325.722484        1.564041
FIRE:  752 15:40:19      325.722484        1.564041
FIRE:  753 15:40:20      325.722484        1.564041
FIRE:  754 15:40:20      325.722484        1.564041
FIRE:  755 15:40:20      325.722484        1.085408
FIRE:  756 15:40:20      325.722484        1.085408
FIRE:  757 15:40:20      325.722484        1.085408
FIRE:  758 15:40:20      325.722484        1.085408
FIRE:  759 15:40:20      325.722484        1.085408
FIRE:  760 15:40:20      325.722484        1.085408
FIRE:  761 15:40:20      325.722484        1.085408
FIRE:  762 15:40:20      325.722484        1.085408
FIRE:  763 15:40:20      325.722484        1.085408
FIRE:  764 15:40:20      325.722484        1.085408
FIRE:  765 15:40:20      325.722484        1.085408
FIRE:  766 15:40:20      325.722484        1.085408
FIRE:  767 15:40:20      325.722484        1.085408
FIRE:  768 15:40:20      325.722484        1.085408
FIRE:  769 15:40:20      325.722484        1.085408
FIRE:  770 15:40:20      325.722484        1.085408
FIRE:  771 15:40:20      325.722484        1.085408
FIRE:  772 15:40:20      325.722484        1.564041
FIRE:  773 15:40:20      325.722484        1.564041
FIRE:  774 15:40:20      325.722484        1.564041
FIRE:  775 15:40:20      325.722484        1.564041
FIRE:  776 15:40:20      325.722484        1.564041
FIRE:  777 15:40:20      325.722484        1.564041
FIRE:  778 15:40:20      325.722484        1.564041
FIRE:  779 15:40:20      325.722484        1.564041
FIRE:  780 15:40:20      325.722484        1.564041
FIRE:  781 15:40:20      325.722484        1.564041
FIRE:  782 15:40:20      325.722484        1.564041
FIRE:  783 15:40:20      325.722484        1.085408
FIRE:  784 15:40:20      325.722484        1.085408
FIRE:  785 15:40:20      325.722484        1.085408
FIRE:  786 15:40:20      325.722484        1.085408
FIRE:  787 15:40:20      325.722484        1.085408
FIRE:  788 15:40:20      325.722484        1.085408
FIRE:  789 15:40:20      325.722484        1.085408
FIRE:  790 15:40:20      325.722484        1.085408
FIRE:  791 15:40:20      325.722484        1.085408
FIRE:  792 15:40:20      325.722484        1.085408
FIRE:  793 15:40:20      325.722484        1.085408
FIRE:  794 15:40:20      325.722484        1.085408
FIRE:  795 15:40:20      325.722484        1.085408
FIRE:  796 15:40:20      325.722484        1.085408
FIRE:  797 15:40:20      325.722484        1.085408
FIRE:  798 15:40:20      325.722484        1.085408
FIRE:  799 15:40:20      325.722484        1.085408
FIRE:  800 15:40:20      325.722484        1.564041
