      Step     Time          Energy          fmax
FIRE:    0 13:27:51      326.573870        3.806383
FIRE:    1 13:28:47      326.452718        3.653425
FIRE:    2 13:29:44      326.333861        2.395579
FIRE:    3 13:30:21      326.304462        1.950679
FIRE:    4 13:31:01      326.262409        1.529834
FIRE:    5 13:31:44      326.225225        1.451209
FIRE:    6 13:32:26      326.207572        1.543057
FIRE:    7 13:33:04      326.205706        2.081468
FIRE:    8 13:33:38      326.186106        2.000042
FIRE:    9 13:34:14      326.152379        1.323561
FIRE:   10 13:34:56      326.124635        1.031654
FIRE:   11 13:35:41      326.121000        1.227398
FIRE:   12 13:36:14      326.119203        1.472671
FIRE:   13 13:36:57      326.099037        1.526363
FIRE:   14 13:37:39      326.087860        1.868653
FIRE:   15 13:38:25      326.094846        1.404482
FIRE:   16 13:39:10      326.076656        0.869603
FIRE:   17 13:39:56      326.081423        1.383306
FIRE:   18 13:40:30      326.074499        0.928251
FIRE:   19 13:41:11      326.066684        0.647750
FIRE:   20 13:41:53      326.064333        0.902437
FIRE:   21 13:42:29      326.066493        0.737306
FIRE:   22 13:43:00      326.066166        0.841965
FIRE:   23 13:43:32      326.061034        0.851320
FIRE:   24 13:44:07      326.055523        0.351103
FIRE:   25 13:44:42      326.053889        0.642527
FIRE:   26 13:45:02      326.053620        0.551155
FIRE:   27 13:45:26      326.053143        0.413361
FIRE:   28 13:45:50      326.052563        0.363558
FIRE:   29 13:46:14      326.051997        0.328285
FIRE:   30 13:46:38      326.051531        0.455950
FIRE:   31 13:47:02      326.051175        0.461152
FIRE:   32 13:47:28      326.050864        0.334642
FIRE:   33 13:47:52      326.050445        0.240640
FIRE:   34 13:48:16      326.049787        0.348444
FIRE:   35 13:48:40      326.048884        0.351565
FIRE:   36 13:49:06      326.047884        0.210702
FIRE:   37 13:49:33      326.046989        0.217149
FIRE:   38 13:50:02      326.046253        0.359779
FIRE:   39 13:50:25      326.045537        0.224730
FIRE:   40 13:50:53      326.044865        0.258080
FIRE:   41 13:51:23      326.044676        0.191411
FIRE:   42 13:51:52      326.045061        0.359620
FIRE:   43 13:52:21      326.045671        0.162558
FIRE:   44 13:52:51      326.046865        0.240874
FIRE:   45 13:53:26      326.048601        0.446374
FIRE:   46 13:54:00      326.051135        0.498013
FIRE:   47 13:54:35      326.055421        1.139852
FIRE:   48 13:55:06      326.055497        0.175660
FIRE:   49 13:55:38      326.055813        0.846081
FIRE:   50 13:55:55      326.055853        0.655044
FIRE:   51 13:56:19      326.055937        0.290264
FIRE:   52 13:56:41      326.056073        0.173466
FIRE:   53 13:57:05      326.056269        0.488250
FIRE:   54 13:57:16      326.056280        0.470758
FIRE:   55 13:57:28      326.056301        0.429367
FIRE:   56 13:57:41      326.056333        0.355589
FIRE:   57 13:57:56      326.056377        0.259497
FIRE:   58 13:58:11      326.056432        0.170317
FIRE:   59 13:58:27      326.056501        0.170135
FIRE:   60 13:58:42      326.056583        0.169700
FIRE:   61 13:58:57      326.056688        0.169159
FIRE:   62 13:59:10      326.056820        0.168657
FIRE:   63 13:59:24      326.056983        0.178120
FIRE:   64 13:59:36      326.057183        0.174942
FIRE:   65 13:59:54      326.057427        0.172024
FIRE:   66 14:00:15      326.057732        0.171163
FIRE:   67 14:00:36      326.058114        0.171787
FIRE:   68 14:00:55      326.058591        0.219702
FIRE:   69 14:01:13      326.059179        0.203222
FIRE:   70 14:01:33      326.059908        0.175944
FIRE:   71 14:01:53      326.060821        0.178387
FIRE:   72 14:02:14      326.061961        0.181203
FIRE:   73 14:02:39      326.063374        0.183473
FIRE:   74 14:03:05      326.065120        0.188969
FIRE:   75 14:03:33      326.067250        0.195249
FIRE:   76 14:04:01      326.069845        0.202894
FIRE:   77 14:04:28      326.072956        0.212349
FIRE:   78 14:04:58      326.076601        0.223981
FIRE:   79 14:05:25      326.080615        0.239563
FIRE:   80 14:05:56      326.084617        0.271660
