      Step     Time          Energy          fmax
BFGS:    0 22:02:29      319.468144       56.772341
BFGS:    1 22:02:47      308.636343        9.759838
BFGS:    2 22:03:05      306.949957        6.972930
BFGS:    3 22:03:23      305.238120        3.491074
BFGS:    4 22:03:38      304.576397        2.682720
BFGS:    5 22:03:54      304.059232        1.906883
BFGS:    6 22:04:08      303.869767        1.346670
BFGS:    7 22:04:22      303.778774        1.373393
BFGS:    8 22:04:37      303.601436        1.058512
BFGS:    9 22:04:49      303.518709        1.201680
BFGS:   10 22:05:02      303.453290        1.049152
BFGS:   11 22:05:17      303.309207        1.004576
BFGS:   12 22:05:30      303.262184        0.695122
BFGS:   13 22:05:45      303.220324        0.555045
BFGS:   14 22:05:56      303.204390        0.513459
BFGS:   15 22:06:09      303.185408        0.538657
BFGS:   16 22:06:22      303.166526        0.495015
BFGS:   17 22:06:34      303.152226        0.441873
BFGS:   18 22:06:44      303.131516        0.587702
BFGS:   19 22:07:00      303.156357        2.991014
BFGS:   20 22:07:15      303.107901        1.485921
BFGS:   21 22:07:28      303.084058        0.707887
BFGS:   22 22:07:41      303.067944        0.466114
BFGS:   23 22:07:55      303.032836        0.401246
BFGS:   24 22:08:08      303.020807        0.360241
BFGS:   25 22:08:20      303.016780        0.283798
BFGS:   26 22:08:30      303.014239        0.230928
BFGS:   27 22:08:40      303.011443        0.171108
BFGS:   28 22:08:49      303.008931        0.244491
BFGS:   29 22:09:00      303.002613        0.390332
BFGS:   30 22:09:10      302.997028        0.316288
BFGS:   31 22:09:21      302.993814        0.185909
BFGS:   32 22:09:31      302.991969        0.102377
BFGS:   33 22:09:40      302.991609        0.051188
BFGS:   34 22:09:47      302.991525        0.026905
